/oak/stanford/groups/mrivas/ukbb24983/phenotypedata/9796/24611/phe/INI25734.phe
/oak/stanford/groups/mrivas/ukbb24983/phenotypedata/9796/24611/phe/INI25735.phe
/oak/stanford/groups/mrivas/ukbb24983/phenotypedata/9796/24611/phe/INI25000.phe
/oak/stanford/groups/mrivas/ukbb24983/phenotypedata/9796/24611/phe/INI25001.phe
/oak/stanford/groups/mrivas/ukbb24983/phenotypedata/9796/24611/phe/INI25002.phe
/oak/stanford/groups/mrivas/ukbb24983/phenotypedata/9796/24611/phe/INI25003.phe
/oak/stanford/groups/mrivas/ukbb24983/phenotypedata/9796/24611/phe/INI25004.phe
/oak/stanford/groups/mrivas/ukbb24983/phenotypedata/9796/24611/phe/INI25005.phe
/oak/stanford/groups/mrivas/ukbb24983/phenotypedata/9796/24611/phe/INI25006.phe
/oak/stanford/groups/mrivas/ukbb24983/phenotypedata/9796/24611/phe/INI25007.phe
/oak/stanford/groups/mrivas/ukbb24983/phenotypedata/9796/24611/phe/INI25008.phe
/oak/stanford/groups/mrivas/ukbb24983/phenotypedata/9796/24611/phe/INI25009.phe
/oak/stanford/groups/mrivas/ukbb24983/phenotypedata/9796/24611/phe/INI25010.phe
/oak/stanford/groups/mrivas/ukbb24983/phenotypedata/9796/24611/phe/INI25011.phe
/oak/stanford/groups/mrivas/ukbb24983/phenotypedata/9796/24611/phe/INI25012.phe
/oak/stanford/groups/mrivas/ukbb24983/phenotypedata/9796/24611/phe/INI25013.phe
/oak/stanford/groups/mrivas/ukbb24983/phenotypedata/9796/24611/phe/INI25014.phe
/oak/stanford/groups/mrivas/ukbb24983/phenotypedata/9796/24611/phe/INI25015.phe
/oak/stanford/groups/mrivas/ukbb24983/phenotypedata/9796/24611/phe/INI25016.phe
/oak/stanford/groups/mrivas/ukbb24983/phenotypedata/9796/24611/phe/INI25017.phe
/oak/stanford/groups/mrivas/ukbb24983/phenotypedata/9796/24611/phe/INI25018.phe
/oak/stanford/groups/mrivas/ukbb24983/phenotypedata/9796/24611/phe/INI25019.phe
/oak/stanford/groups/mrivas/ukbb24983/phenotypedata/9796/24611/phe/INI25020.phe
/oak/stanford/groups/mrivas/ukbb24983/phenotypedata/9796/24611/phe/INI25021.phe
/oak/stanford/groups/mrivas/ukbb24983/phenotypedata/9796/24611/phe/INI25022.phe
/oak/stanford/groups/mrivas/ukbb24983/phenotypedata/9796/24611/phe/INI25023.phe
/oak/stanford/groups/mrivas/ukbb24983/phenotypedata/9796/24611/phe/INI25024.phe
/oak/stanford/groups/mrivas/ukbb24983/phenotypedata/9796/24611/phe/INI25025.phe
/oak/stanford/groups/mrivas/ukbb24983/phenotypedata/10136/21731/phe/INI25782.phe
/oak/stanford/groups/mrivas/ukbb24983/phenotypedata/10136/21731/phe/INI25783.phe
/oak/stanford/groups/mrivas/ukbb24983/phenotypedata/10136/21731/phe/INI25784.phe
/oak/stanford/groups/mrivas/ukbb24983/phenotypedata/10136/21731/phe/INI25785.phe
/oak/stanford/groups/mrivas/ukbb24983/phenotypedata/10136/21731/phe/INI25786.phe
/oak/stanford/groups/mrivas/ukbb24983/phenotypedata/10136/21731/phe/INI25787.phe
/oak/stanford/groups/mrivas/ukbb24983/phenotypedata/10136/21731/phe/INI25788.phe
/oak/stanford/groups/mrivas/ukbb24983/phenotypedata/10136/21731/phe/INI25789.phe
/oak/stanford/groups/mrivas/ukbb24983/phenotypedata/10136/21731/phe/INI25790.phe
/oak/stanford/groups/mrivas/ukbb24983/phenotypedata/10136/21731/phe/INI25791.phe
/oak/stanford/groups/mrivas/ukbb24983/phenotypedata/10136/21731/phe/INI25792.phe
/oak/stanford/groups/mrivas/ukbb24983/phenotypedata/10136/21731/phe/INI25793.phe
/oak/stanford/groups/mrivas/ukbb24983/phenotypedata/10136/21731/phe/INI25794.phe
/oak/stanford/groups/mrivas/ukbb24983/phenotypedata/10136/21731/phe/INI25795.phe
/oak/stanford/groups/mrivas/ukbb24983/phenotypedata/10136/21731/phe/INI25796.phe
/oak/stanford/groups/mrivas/ukbb24983/phenotypedata/10136/21731/phe/INI25797.phe
/oak/stanford/groups/mrivas/ukbb24983/phenotypedata/10136/21731/phe/INI25798.phe
/oak/stanford/groups/mrivas/ukbb24983/phenotypedata/10136/21731/phe/INI25799.phe
/oak/stanford/groups/mrivas/ukbb24983/phenotypedata/10136/21731/phe/INI25800.phe
/oak/stanford/groups/mrivas/ukbb24983/phenotypedata/10136/21731/phe/INI25801.phe
/oak/stanford/groups/mrivas/ukbb24983/phenotypedata/10136/21731/phe/INI25802.phe
/oak/stanford/groups/mrivas/ukbb24983/phenotypedata/10136/21731/phe/INI25803.phe
/oak/stanford/groups/mrivas/ukbb24983/phenotypedata/10136/21731/phe/INI25804.phe
/oak/stanford/groups/mrivas/ukbb24983/phenotypedata/10136/21731/phe/INI25805.phe
/oak/stanford/groups/mrivas/ukbb24983/phenotypedata/10136/21731/phe/INI25806.phe
/oak/stanford/groups/mrivas/ukbb24983/phenotypedata/10136/21731/phe/INI25807.phe
/oak/stanford/groups/mrivas/ukbb24983/phenotypedata/10136/21731/phe/INI25808.phe
/oak/stanford/groups/mrivas/ukbb24983/phenotypedata/10136/21731/phe/INI25809.phe
/oak/stanford/groups/mrivas/ukbb24983/phenotypedata/10136/21731/phe/INI25810.phe
/oak/stanford/groups/mrivas/ukbb24983/phenotypedata/10136/21731/phe/INI25811.phe
/oak/stanford/groups/mrivas/ukbb24983/phenotypedata/10136/21731/phe/INI25812.phe
/oak/stanford/groups/mrivas/ukbb24983/phenotypedata/10136/21731/phe/INI25813.phe
/oak/stanford/groups/mrivas/ukbb24983/phenotypedata/10136/21731/phe/INI25814.phe
/oak/stanford/groups/mrivas/ukbb24983/phenotypedata/10136/21731/phe/INI25815.phe
/oak/stanford/groups/mrivas/ukbb24983/phenotypedata/10136/21731/phe/INI25816.phe
/oak/stanford/groups/mrivas/ukbb24983/phenotypedata/10136/21731/phe/INI25817.phe
/oak/stanford/groups/mrivas/ukbb24983/phenotypedata/10136/21731/phe/INI25818.phe
/oak/stanford/groups/mrivas/ukbb24983/phenotypedata/10136/21731/phe/INI25819.phe
/oak/stanford/groups/mrivas/ukbb24983/phenotypedata/10136/21731/phe/INI25820.phe
/oak/stanford/groups/mrivas/ukbb24983/phenotypedata/10136/21731/phe/INI25821.phe
/oak/stanford/groups/mrivas/ukbb24983/phenotypedata/10136/21731/phe/INI25822.phe
/oak/stanford/groups/mrivas/ukbb24983/phenotypedata/10136/21731/phe/INI25823.phe
/oak/stanford/groups/mrivas/ukbb24983/phenotypedata/10136/21731/phe/INI25824.phe
/oak/stanford/groups/mrivas/ukbb24983/phenotypedata/10136/21731/phe/INI25825.phe
/oak/stanford/groups/mrivas/ukbb24983/phenotypedata/10136/21731/phe/INI25826.phe
/oak/stanford/groups/mrivas/ukbb24983/phenotypedata/10136/21731/phe/INI25827.phe
/oak/stanford/groups/mrivas/ukbb24983/phenotypedata/10136/21731/phe/INI25828.phe
/oak/stanford/groups/mrivas/ukbb24983/phenotypedata/10136/21731/phe/INI25829.phe
/oak/stanford/groups/mrivas/ukbb24983/phenotypedata/10136/21731/phe/INI25830.phe
/oak/stanford/groups/mrivas/ukbb24983/phenotypedata/10136/21731/phe/INI25831.phe
/oak/stanford/groups/mrivas/ukbb24983/phenotypedata/10136/21731/phe/INI25832.phe
/oak/stanford/groups/mrivas/ukbb24983/phenotypedata/10136/21731/phe/INI25833.phe
/oak/stanford/groups/mrivas/ukbb24983/phenotypedata/10136/21731/phe/INI25834.phe
/oak/stanford/groups/mrivas/ukbb24983/phenotypedata/10136/21731/phe/INI25835.phe
/oak/stanford/groups/mrivas/ukbb24983/phenotypedata/10136/21731/phe/INI25836.phe
/oak/stanford/groups/mrivas/ukbb24983/phenotypedata/10136/21731/phe/INI25837.phe
/oak/stanford/groups/mrivas/ukbb24983/phenotypedata/10136/21731/phe/INI25838.phe
/oak/stanford/groups/mrivas/ukbb24983/phenotypedata/10136/21731/phe/INI25839.phe
/oak/stanford/groups/mrivas/ukbb24983/phenotypedata/10136/21731/phe/INI25840.phe
/oak/stanford/groups/mrivas/ukbb24983/phenotypedata/10136/21731/phe/INI25841.phe
/oak/stanford/groups/mrivas/ukbb24983/phenotypedata/10136/21731/phe/INI25842.phe
/oak/stanford/groups/mrivas/ukbb24983/phenotypedata/10136/21731/phe/INI25843.phe
/oak/stanford/groups/mrivas/ukbb24983/phenotypedata/10136/21731/phe/INI25844.phe
/oak/stanford/groups/mrivas/ukbb24983/phenotypedata/10136/21731/phe/INI25845.phe
/oak/stanford/groups/mrivas/ukbb24983/phenotypedata/10136/21731/phe/INI25846.phe
/oak/stanford/groups/mrivas/ukbb24983/phenotypedata/10136/21731/phe/INI25847.phe
/oak/stanford/groups/mrivas/ukbb24983/phenotypedata/10136/21731/phe/INI25848.phe
/oak/stanford/groups/mrivas/ukbb24983/phenotypedata/10136/21731/phe/INI25849.phe
/oak/stanford/groups/mrivas/ukbb24983/phenotypedata/10136/21731/phe/INI25850.phe
/oak/stanford/groups/mrivas/ukbb24983/phenotypedata/10136/21731/phe/INI25851.phe
/oak/stanford/groups/mrivas/ukbb24983/phenotypedata/10136/21731/phe/INI25852.phe
/oak/stanford/groups/mrivas/ukbb24983/phenotypedata/10136/21731/phe/INI25853.phe
/oak/stanford/groups/mrivas/ukbb24983/phenotypedata/10136/21731/phe/INI25854.phe
/oak/stanford/groups/mrivas/ukbb24983/phenotypedata/10136/21731/phe/INI25855.phe
/oak/stanford/groups/mrivas/ukbb24983/phenotypedata/10136/21731/phe/INI25856.phe
/oak/stanford/groups/mrivas/ukbb24983/phenotypedata/10136/21731/phe/INI25857.phe
/oak/stanford/groups/mrivas/ukbb24983/phenotypedata/10136/21731/phe/INI25858.phe
/oak/stanford/groups/mrivas/ukbb24983/phenotypedata/10136/21731/phe/INI25859.phe
/oak/stanford/groups/mrivas/ukbb24983/phenotypedata/10136/21731/phe/INI25860.phe
/oak/stanford/groups/mrivas/ukbb24983/phenotypedata/10136/21731/phe/INI25861.phe
/oak/stanford/groups/mrivas/ukbb24983/phenotypedata/10136/21731/phe/INI25862.phe
/oak/stanford/groups/mrivas/ukbb24983/phenotypedata/10136/21731/phe/INI25863.phe
/oak/stanford/groups/mrivas/ukbb24983/phenotypedata/10136/21731/phe/INI25864.phe
/oak/stanford/groups/mrivas/ukbb24983/phenotypedata/10136/21731/phe/INI25865.phe
/oak/stanford/groups/mrivas/ukbb24983/phenotypedata/10136/21731/phe/INI25866.phe
/oak/stanford/groups/mrivas/ukbb24983/phenotypedata/10136/21731/phe/INI25867.phe
/oak/stanford/groups/mrivas/ukbb24983/phenotypedata/10136/21731/phe/INI25868.phe
/oak/stanford/groups/mrivas/ukbb24983/phenotypedata/10136/21731/phe/INI25869.phe
/oak/stanford/groups/mrivas/ukbb24983/phenotypedata/10136/21731/phe/INI25870.phe
/oak/stanford/groups/mrivas/ukbb24983/phenotypedata/10136/21731/phe/INI25871.phe
/oak/stanford/groups/mrivas/ukbb24983/phenotypedata/10136/21731/phe/INI25872.phe
/oak/stanford/groups/mrivas/ukbb24983/phenotypedata/10136/21731/phe/INI25873.phe
/oak/stanford/groups/mrivas/ukbb24983/phenotypedata/10136/21731/phe/INI25874.phe
/oak/stanford/groups/mrivas/ukbb24983/phenotypedata/10136/21731/phe/INI25875.phe
/oak/stanford/groups/mrivas/ukbb24983/phenotypedata/10136/21731/phe/INI25876.phe
/oak/stanford/groups/mrivas/ukbb24983/phenotypedata/10136/21731/phe/INI25877.phe
/oak/stanford/groups/mrivas/ukbb24983/phenotypedata/10136/21731/phe/INI25878.phe
/oak/stanford/groups/mrivas/ukbb24983/phenotypedata/10136/21731/phe/INI25879.phe
/oak/stanford/groups/mrivas/ukbb24983/phenotypedata/10136/21731/phe/INI25880.phe
/oak/stanford/groups/mrivas/ukbb24983/phenotypedata/10136/21731/phe/INI25881.phe
/oak/stanford/groups/mrivas/ukbb24983/phenotypedata/10136/21731/phe/INI25882.phe
/oak/stanford/groups/mrivas/ukbb24983/phenotypedata/10136/21731/phe/INI25883.phe
/oak/stanford/groups/mrivas/ukbb24983/phenotypedata/10136/21731/phe/INI25884.phe
/oak/stanford/groups/mrivas/ukbb24983/phenotypedata/10136/21731/phe/INI25885.phe
/oak/stanford/groups/mrivas/ukbb24983/phenotypedata/10136/21731/phe/INI25886.phe
/oak/stanford/groups/mrivas/ukbb24983/phenotypedata/10136/21731/phe/INI25887.phe
/oak/stanford/groups/mrivas/ukbb24983/phenotypedata/10136/21731/phe/INI25888.phe
/oak/stanford/groups/mrivas/ukbb24983/phenotypedata/10136/21731/phe/INI25889.phe
/oak/stanford/groups/mrivas/ukbb24983/phenotypedata/10136/21731/phe/INI25890.phe
/oak/stanford/groups/mrivas/ukbb24983/phenotypedata/10136/21731/phe/INI25891.phe
/oak/stanford/groups/mrivas/ukbb24983/phenotypedata/10136/21731/phe/INI25892.phe
/oak/stanford/groups/mrivas/ukbb24983/phenotypedata/10136/21731/phe/INI25893.phe
/oak/stanford/groups/mrivas/ukbb24983/phenotypedata/10136/21731/phe/INI25894.phe
/oak/stanford/groups/mrivas/ukbb24983/phenotypedata/10136/21731/phe/INI25895.phe
/oak/stanford/groups/mrivas/ukbb24983/phenotypedata/10136/21731/phe/INI25896.phe
/oak/stanford/groups/mrivas/ukbb24983/phenotypedata/10136/21731/phe/INI25897.phe
/oak/stanford/groups/mrivas/ukbb24983/phenotypedata/10136/21731/phe/INI25898.phe
/oak/stanford/groups/mrivas/ukbb24983/phenotypedata/10136/21731/phe/INI25899.phe
/oak/stanford/groups/mrivas/ukbb24983/phenotypedata/10136/21731/phe/INI25900.phe
/oak/stanford/groups/mrivas/ukbb24983/phenotypedata/10136/21731/phe/INI25901.phe
/oak/stanford/groups/mrivas/ukbb24983/phenotypedata/10136/21731/phe/INI25902.phe
/oak/stanford/groups/mrivas/ukbb24983/phenotypedata/10136/21731/phe/INI25903.phe
/oak/stanford/groups/mrivas/ukbb24983/phenotypedata/10136/21731/phe/INI25904.phe
/oak/stanford/groups/mrivas/ukbb24983/phenotypedata/10136/21731/phe/INI25905.phe
/oak/stanford/groups/mrivas/ukbb24983/phenotypedata/10136/21731/phe/INI25906.phe
/oak/stanford/groups/mrivas/ukbb24983/phenotypedata/10136/21731/phe/INI25907.phe
/oak/stanford/groups/mrivas/ukbb24983/phenotypedata/10136/21731/phe/INI25908.phe
/oak/stanford/groups/mrivas/ukbb24983/phenotypedata/10136/21731/phe/INI25909.phe
/oak/stanford/groups/mrivas/ukbb24983/phenotypedata/10136/21731/phe/INI25910.phe
/oak/stanford/groups/mrivas/ukbb24983/phenotypedata/10136/21731/phe/INI25911.phe
/oak/stanford/groups/mrivas/ukbb24983/phenotypedata/10136/21731/phe/INI25912.phe
/oak/stanford/groups/mrivas/ukbb24983/phenotypedata/10136/21731/phe/INI25913.phe
/oak/stanford/groups/mrivas/ukbb24983/phenotypedata/10136/21731/phe/INI25914.phe
/oak/stanford/groups/mrivas/ukbb24983/phenotypedata/10136/21731/phe/INI25915.phe
/oak/stanford/groups/mrivas/ukbb24983/phenotypedata/10136/21731/phe/INI25916.phe
/oak/stanford/groups/mrivas/ukbb24983/phenotypedata/10136/21731/phe/INI25917.phe
/oak/stanford/groups/mrivas/ukbb24983/phenotypedata/10136/21731/phe/INI25918.phe
/oak/stanford/groups/mrivas/ukbb24983/phenotypedata/10136/21731/phe/INI25919.phe
/oak/stanford/groups/mrivas/ukbb24983/phenotypedata/10136/21731/phe/INI25920.phe
/oak/stanford/groups/mrivas/ukbb24983/phenotypedata/9796/24611/phe/INI25741.phe
/oak/stanford/groups/mrivas/ukbb24983/phenotypedata/9796/24611/phe/INI25744.phe
/oak/stanford/groups/mrivas/ukbb24983/phenotypedata/9796/24611/phe/INI25026.phe
/oak/stanford/groups/mrivas/ukbb24983/phenotypedata/9796/24611/phe/INI25027.phe
/oak/stanford/groups/mrivas/ukbb24983/phenotypedata/9796/24611/phe/INI25028.phe
/oak/stanford/groups/mrivas/ukbb24983/phenotypedata/9796/24611/phe/INI25029.phe
/oak/stanford/groups/mrivas/ukbb24983/phenotypedata/9796/24611/phe/INI25030.phe
/oak/stanford/groups/mrivas/ukbb24983/phenotypedata/9796/24611/phe/INI25031.phe
/oak/stanford/groups/mrivas/ukbb24983/phenotypedata/9796/24611/phe/INI25032.phe
/oak/stanford/groups/mrivas/ukbb24983/phenotypedata/9796/24611/phe/INI25033.phe
/oak/stanford/groups/mrivas/ukbb24983/phenotypedata/9796/24611/phe/INI25034.phe
/oak/stanford/groups/mrivas/ukbb24983/phenotypedata/9796/24611/phe/INI25035.phe
/oak/stanford/groups/mrivas/ukbb24983/phenotypedata/9796/24611/phe/INI25036.phe
/oak/stanford/groups/mrivas/ukbb24983/phenotypedata/9796/24611/phe/INI25037.phe
/oak/stanford/groups/mrivas/ukbb24983/phenotypedata/9796/24611/phe/INI25038.phe
/oak/stanford/groups/mrivas/ukbb24983/phenotypedata/9796/24611/phe/INI25039.phe
/oak/stanford/groups/mrivas/ukbb24983/phenotypedata/10136/21731/phe/INI25781.phe
/oak/stanford/groups/mrivas/ukbb24983/phenotypedata/9796/24611/phe/INI25040.phe
/oak/stanford/groups/mrivas/ukbb24983/phenotypedata/9796/24611/phe/INI25042.phe
/oak/stanford/groups/mrivas/ukbb24983/phenotypedata/9796/24611/phe/INI25044.phe
/oak/stanford/groups/mrivas/ukbb24983/phenotypedata/9796/24611/phe/INI25046.phe
/oak/stanford/groups/mrivas/ukbb24983/phenotypedata/9796/24611/phe/INI25048.phe
/oak/stanford/groups/mrivas/ukbb24983/phenotypedata/9796/24611/phe/INI25050.phe
/oak/stanford/groups/mrivas/ukbb24983/phenotypedata/9796/24611/phe/INI25052.phe
/oak/stanford/groups/mrivas/ukbb24983/phenotypedata/9796/24611/phe/INI25054.phe
/oak/stanford/groups/mrivas/ukbb24983/phenotypedata/9796/24611/phe/INI25742.phe
/oak/stanford/groups/mrivas/ukbb24983/phenotypedata/9796/24611/phe/INI25761.phe
/oak/stanford/groups/mrivas/ukbb24983/phenotypedata/9796/24611/phe/INI25762.phe
/oak/stanford/groups/mrivas/ukbb24983/phenotypedata/9796/24611/phe/INI25763.phe
/oak/stanford/groups/mrivas/ukbb24983/phenotypedata/9796/24611/phe/INI25764.phe
/oak/stanford/groups/mrivas/ukbb24983/phenotypedata/9796/24611/phe/INI25765.phe
/oak/stanford/groups/mrivas/ukbb24983/phenotypedata/9796/24611/phe/INI25766.phe
/oak/stanford/groups/mrivas/ukbb24983/phenotypedata/9796/24611/phe/INI25767.phe
/oak/stanford/groups/mrivas/ukbb24983/phenotypedata/9796/24611/phe/INI25768.phe
/oak/stanford/groups/mrivas/ukbb24983/phenotypedata/9796/24611/phe/INI25056.phe
/oak/stanford/groups/mrivas/ukbb24983/phenotypedata/9796/24611/phe/INI25057.phe
/oak/stanford/groups/mrivas/ukbb24983/phenotypedata/9796/24611/phe/INI25058.phe
/oak/stanford/groups/mrivas/ukbb24983/phenotypedata/9796/24611/phe/INI25059.phe
/oak/stanford/groups/mrivas/ukbb24983/phenotypedata/9796/24611/phe/INI25060.phe
/oak/stanford/groups/mrivas/ukbb24983/phenotypedata/9796/24611/phe/INI25061.phe
/oak/stanford/groups/mrivas/ukbb24983/phenotypedata/9796/24611/phe/INI25062.phe
/oak/stanford/groups/mrivas/ukbb24983/phenotypedata/9796/24611/phe/INI25063.phe
/oak/stanford/groups/mrivas/ukbb24983/phenotypedata/9796/24611/phe/INI25064.phe
/oak/stanford/groups/mrivas/ukbb24983/phenotypedata/9796/24611/phe/INI25065.phe
/oak/stanford/groups/mrivas/ukbb24983/phenotypedata/9796/24611/phe/INI25066.phe
/oak/stanford/groups/mrivas/ukbb24983/phenotypedata/9796/24611/phe/INI25067.phe
/oak/stanford/groups/mrivas/ukbb24983/phenotypedata/9796/24611/phe/INI25068.phe
/oak/stanford/groups/mrivas/ukbb24983/phenotypedata/9796/24611/phe/INI25069.phe
/oak/stanford/groups/mrivas/ukbb24983/phenotypedata/9796/24611/phe/INI25070.phe
/oak/stanford/groups/mrivas/ukbb24983/phenotypedata/9796/24611/phe/INI25071.phe
/oak/stanford/groups/mrivas/ukbb24983/phenotypedata/9796/24611/phe/INI25072.phe
/oak/stanford/groups/mrivas/ukbb24983/phenotypedata/9796/24611/phe/INI25073.phe
/oak/stanford/groups/mrivas/ukbb24983/phenotypedata/9796/24611/phe/INI25074.phe
/oak/stanford/groups/mrivas/ukbb24983/phenotypedata/9796/24611/phe/INI25075.phe
/oak/stanford/groups/mrivas/ukbb24983/phenotypedata/9796/24611/phe/INI25076.phe
/oak/stanford/groups/mrivas/ukbb24983/phenotypedata/9796/24611/phe/INI25077.phe
/oak/stanford/groups/mrivas/ukbb24983/phenotypedata/9796/24611/phe/INI25078.phe
/oak/stanford/groups/mrivas/ukbb24983/phenotypedata/9796/24611/phe/INI25079.phe
/oak/stanford/groups/mrivas/ukbb24983/phenotypedata/9796/24611/phe/INI25080.phe
/oak/stanford/groups/mrivas/ukbb24983/phenotypedata/9796/24611/phe/INI25081.phe
/oak/stanford/groups/mrivas/ukbb24983/phenotypedata/9796/24611/phe/INI25082.phe
/oak/stanford/groups/mrivas/ukbb24983/phenotypedata/9796/24611/phe/INI25083.phe
/oak/stanford/groups/mrivas/ukbb24983/phenotypedata/9796/24611/phe/INI25084.phe
/oak/stanford/groups/mrivas/ukbb24983/phenotypedata/9796/24611/phe/INI25085.phe
/oak/stanford/groups/mrivas/ukbb24983/phenotypedata/9796/24611/phe/INI25086.phe
/oak/stanford/groups/mrivas/ukbb24983/phenotypedata/9796/24611/phe/INI25087.phe
/oak/stanford/groups/mrivas/ukbb24983/phenotypedata/9796/24611/phe/INI25088.phe
/oak/stanford/groups/mrivas/ukbb24983/phenotypedata/9796/24611/phe/INI25089.phe
/oak/stanford/groups/mrivas/ukbb24983/phenotypedata/9796/24611/phe/INI25090.phe
/oak/stanford/groups/mrivas/ukbb24983/phenotypedata/9796/24611/phe/INI25091.phe
/oak/stanford/groups/mrivas/ukbb24983/phenotypedata/9796/24611/phe/INI25092.phe
/oak/stanford/groups/mrivas/ukbb24983/phenotypedata/9796/24611/phe/INI25093.phe
/oak/stanford/groups/mrivas/ukbb24983/phenotypedata/9796/24611/phe/INI25094.phe
/oak/stanford/groups/mrivas/ukbb24983/phenotypedata/9796/24611/phe/INI25095.phe
/oak/stanford/groups/mrivas/ukbb24983/phenotypedata/9796/24611/phe/INI25096.phe
/oak/stanford/groups/mrivas/ukbb24983/phenotypedata/9796/24611/phe/INI25097.phe
/oak/stanford/groups/mrivas/ukbb24983/phenotypedata/9796/24611/phe/INI25098.phe
/oak/stanford/groups/mrivas/ukbb24983/phenotypedata/9796/24611/phe/INI25099.phe
/oak/stanford/groups/mrivas/ukbb24983/phenotypedata/9796/24611/phe/INI25100.phe
/oak/stanford/groups/mrivas/ukbb24983/phenotypedata/9796/24611/phe/INI25101.phe
/oak/stanford/groups/mrivas/ukbb24983/phenotypedata/9796/24611/phe/INI25102.phe
/oak/stanford/groups/mrivas/ukbb24983/phenotypedata/9796/24611/phe/INI25103.phe
/oak/stanford/groups/mrivas/ukbb24983/phenotypedata/9796/24611/phe/INI25344.phe
/oak/stanford/groups/mrivas/ukbb24983/phenotypedata/9796/24611/phe/INI25345.phe
/oak/stanford/groups/mrivas/ukbb24983/phenotypedata/9796/24611/phe/INI25346.phe
/oak/stanford/groups/mrivas/ukbb24983/phenotypedata/9796/24611/phe/INI25347.phe
/oak/stanford/groups/mrivas/ukbb24983/phenotypedata/9796/24611/phe/INI25348.phe
/oak/stanford/groups/mrivas/ukbb24983/phenotypedata/9796/24611/phe/INI25349.phe
/oak/stanford/groups/mrivas/ukbb24983/phenotypedata/9796/24611/phe/INI25350.phe
/oak/stanford/groups/mrivas/ukbb24983/phenotypedata/9796/24611/phe/INI25351.phe
/oak/stanford/groups/mrivas/ukbb24983/phenotypedata/9796/24611/phe/INI25352.phe
/oak/stanford/groups/mrivas/ukbb24983/phenotypedata/9796/24611/phe/INI25353.phe
/oak/stanford/groups/mrivas/ukbb24983/phenotypedata/9796/24611/phe/INI25354.phe
/oak/stanford/groups/mrivas/ukbb24983/phenotypedata/9796/24611/phe/INI25355.phe
/oak/stanford/groups/mrivas/ukbb24983/phenotypedata/9796/24611/phe/INI25356.phe
/oak/stanford/groups/mrivas/ukbb24983/phenotypedata/9796/24611/phe/INI25357.phe
/oak/stanford/groups/mrivas/ukbb24983/phenotypedata/9796/24611/phe/INI25358.phe
/oak/stanford/groups/mrivas/ukbb24983/phenotypedata/9796/24611/phe/INI25359.phe
/oak/stanford/groups/mrivas/ukbb24983/phenotypedata/9796/24611/phe/INI25360.phe
/oak/stanford/groups/mrivas/ukbb24983/phenotypedata/9796/24611/phe/INI25361.phe
/oak/stanford/groups/mrivas/ukbb24983/phenotypedata/9796/24611/phe/INI25362.phe
/oak/stanford/groups/mrivas/ukbb24983/phenotypedata/9796/24611/phe/INI25363.phe
/oak/stanford/groups/mrivas/ukbb24983/phenotypedata/9796/24611/phe/INI25364.phe
/oak/stanford/groups/mrivas/ukbb24983/phenotypedata/9796/24611/phe/INI25365.phe
/oak/stanford/groups/mrivas/ukbb24983/phenotypedata/9796/24611/phe/INI25366.phe
/oak/stanford/groups/mrivas/ukbb24983/phenotypedata/9796/24611/phe/INI25367.phe
/oak/stanford/groups/mrivas/ukbb24983/phenotypedata/9796/24611/phe/INI25368.phe
/oak/stanford/groups/mrivas/ukbb24983/phenotypedata/9796/24611/phe/INI25369.phe
/oak/stanford/groups/mrivas/ukbb24983/phenotypedata/9796/24611/phe/INI25370.phe
/oak/stanford/groups/mrivas/ukbb24983/phenotypedata/9796/24611/phe/INI25371.phe
/oak/stanford/groups/mrivas/ukbb24983/phenotypedata/9796/24611/phe/INI25372.phe
/oak/stanford/groups/mrivas/ukbb24983/phenotypedata/9796/24611/phe/INI25373.phe
/oak/stanford/groups/mrivas/ukbb24983/phenotypedata/9796/24611/phe/INI25374.phe
/oak/stanford/groups/mrivas/ukbb24983/phenotypedata/9796/24611/phe/INI25375.phe
/oak/stanford/groups/mrivas/ukbb24983/phenotypedata/9796/24611/phe/INI25376.phe
/oak/stanford/groups/mrivas/ukbb24983/phenotypedata/9796/24611/phe/INI25377.phe
/oak/stanford/groups/mrivas/ukbb24983/phenotypedata/9796/24611/phe/INI25378.phe
/oak/stanford/groups/mrivas/ukbb24983/phenotypedata/9796/24611/phe/INI25379.phe
/oak/stanford/groups/mrivas/ukbb24983/phenotypedata/9796/24611/phe/INI25380.phe
/oak/stanford/groups/mrivas/ukbb24983/phenotypedata/9796/24611/phe/INI25381.phe
/oak/stanford/groups/mrivas/ukbb24983/phenotypedata/9796/24611/phe/INI25382.phe
/oak/stanford/groups/mrivas/ukbb24983/phenotypedata/9796/24611/phe/INI25383.phe
/oak/stanford/groups/mrivas/ukbb24983/phenotypedata/9796/24611/phe/INI25384.phe
/oak/stanford/groups/mrivas/ukbb24983/phenotypedata/9796/24611/phe/INI25385.phe
/oak/stanford/groups/mrivas/ukbb24983/phenotypedata/9796/24611/phe/INI25386.phe
/oak/stanford/groups/mrivas/ukbb24983/phenotypedata/9796/24611/phe/INI25387.phe
/oak/stanford/groups/mrivas/ukbb24983/phenotypedata/9796/24611/phe/INI25388.phe
/oak/stanford/groups/mrivas/ukbb24983/phenotypedata/9796/24611/phe/INI25389.phe
/oak/stanford/groups/mrivas/ukbb24983/phenotypedata/9796/24611/phe/INI25390.phe
/oak/stanford/groups/mrivas/ukbb24983/phenotypedata/9796/24611/phe/INI25391.phe
/oak/stanford/groups/mrivas/ukbb24983/phenotypedata/9796/24611/phe/INI25440.phe
/oak/stanford/groups/mrivas/ukbb24983/phenotypedata/9796/24611/phe/INI25441.phe
/oak/stanford/groups/mrivas/ukbb24983/phenotypedata/9796/24611/phe/INI25442.phe
/oak/stanford/groups/mrivas/ukbb24983/phenotypedata/9796/24611/phe/INI25443.phe
/oak/stanford/groups/mrivas/ukbb24983/phenotypedata/9796/24611/phe/INI25444.phe
/oak/stanford/groups/mrivas/ukbb24983/phenotypedata/9796/24611/phe/INI25445.phe
/oak/stanford/groups/mrivas/ukbb24983/phenotypedata/9796/24611/phe/INI25446.phe
/oak/stanford/groups/mrivas/ukbb24983/phenotypedata/9796/24611/phe/INI25447.phe
/oak/stanford/groups/mrivas/ukbb24983/phenotypedata/9796/24611/phe/INI25448.phe
/oak/stanford/groups/mrivas/ukbb24983/phenotypedata/9796/24611/phe/INI25449.phe
/oak/stanford/groups/mrivas/ukbb24983/phenotypedata/9796/24611/phe/INI25450.phe
/oak/stanford/groups/mrivas/ukbb24983/phenotypedata/9796/24611/phe/INI25451.phe
/oak/stanford/groups/mrivas/ukbb24983/phenotypedata/9796/24611/phe/INI25452.phe
/oak/stanford/groups/mrivas/ukbb24983/phenotypedata/9796/24611/phe/INI25453.phe
/oak/stanford/groups/mrivas/ukbb24983/phenotypedata/9796/24611/phe/INI25454.phe
/oak/stanford/groups/mrivas/ukbb24983/phenotypedata/9796/24611/phe/INI25455.phe
/oak/stanford/groups/mrivas/ukbb24983/phenotypedata/9796/24611/phe/INI25456.phe
/oak/stanford/groups/mrivas/ukbb24983/phenotypedata/9796/24611/phe/INI25457.phe
/oak/stanford/groups/mrivas/ukbb24983/phenotypedata/9796/24611/phe/INI25458.phe
/oak/stanford/groups/mrivas/ukbb24983/phenotypedata/9796/24611/phe/INI25459.phe
/oak/stanford/groups/mrivas/ukbb24983/phenotypedata/9796/24611/phe/INI25460.phe
/oak/stanford/groups/mrivas/ukbb24983/phenotypedata/9796/24611/phe/INI25461.phe
/oak/stanford/groups/mrivas/ukbb24983/phenotypedata/9796/24611/phe/INI25462.phe
/oak/stanford/groups/mrivas/ukbb24983/phenotypedata/9796/24611/phe/INI25463.phe
/oak/stanford/groups/mrivas/ukbb24983/phenotypedata/9796/24611/phe/INI25464.phe
/oak/stanford/groups/mrivas/ukbb24983/phenotypedata/9796/24611/phe/INI25465.phe
/oak/stanford/groups/mrivas/ukbb24983/phenotypedata/9796/24611/phe/INI25466.phe
/oak/stanford/groups/mrivas/ukbb24983/phenotypedata/9796/24611/phe/INI25467.phe
/oak/stanford/groups/mrivas/ukbb24983/phenotypedata/9796/24611/phe/INI25468.phe
/oak/stanford/groups/mrivas/ukbb24983/phenotypedata/9796/24611/phe/INI25469.phe
/oak/stanford/groups/mrivas/ukbb24983/phenotypedata/9796/24611/phe/INI25470.phe
/oak/stanford/groups/mrivas/ukbb24983/phenotypedata/9796/24611/phe/INI25471.phe
/oak/stanford/groups/mrivas/ukbb24983/phenotypedata/9796/24611/phe/INI25472.phe
/oak/stanford/groups/mrivas/ukbb24983/phenotypedata/9796/24611/phe/INI25473.phe
/oak/stanford/groups/mrivas/ukbb24983/phenotypedata/9796/24611/phe/INI25474.phe
/oak/stanford/groups/mrivas/ukbb24983/phenotypedata/9796/24611/phe/INI25475.phe
/oak/stanford/groups/mrivas/ukbb24983/phenotypedata/9796/24611/phe/INI25476.phe
/oak/stanford/groups/mrivas/ukbb24983/phenotypedata/9796/24611/phe/INI25477.phe
/oak/stanford/groups/mrivas/ukbb24983/phenotypedata/9796/24611/phe/INI25478.phe
/oak/stanford/groups/mrivas/ukbb24983/phenotypedata/9796/24611/phe/INI25479.phe
/oak/stanford/groups/mrivas/ukbb24983/phenotypedata/9796/24611/phe/INI25482.phe
/oak/stanford/groups/mrivas/ukbb24983/phenotypedata/9796/24611/phe/INI25483.phe
/oak/stanford/groups/mrivas/ukbb24983/phenotypedata/9796/24611/phe/INI25488.phe
/oak/stanford/groups/mrivas/ukbb24983/phenotypedata/9796/24611/phe/INI25489.phe
/oak/stanford/groups/mrivas/ukbb24983/phenotypedata/9796/24611/phe/INI25490.phe
/oak/stanford/groups/mrivas/ukbb24983/phenotypedata/9796/24611/phe/INI25491.phe
/oak/stanford/groups/mrivas/ukbb24983/phenotypedata/9796/24611/phe/INI25492.phe
/oak/stanford/groups/mrivas/ukbb24983/phenotypedata/9796/24611/phe/INI25493.phe
/oak/stanford/groups/mrivas/ukbb24983/phenotypedata/9796/24611/phe/INI25494.phe
/oak/stanford/groups/mrivas/ukbb24983/phenotypedata/9796/24611/phe/INI25495.phe
/oak/stanford/groups/mrivas/ukbb24983/phenotypedata/9796/24611/phe/INI25496.phe
/oak/stanford/groups/mrivas/ukbb24983/phenotypedata/9796/24611/phe/INI25497.phe
/oak/stanford/groups/mrivas/ukbb24983/phenotypedata/9796/24611/phe/INI25498.phe
/oak/stanford/groups/mrivas/ukbb24983/phenotypedata/9796/24611/phe/INI25499.phe
/oak/stanford/groups/mrivas/ukbb24983/phenotypedata/9796/24611/phe/INI25500.phe
/oak/stanford/groups/mrivas/ukbb24983/phenotypedata/9796/24611/phe/INI25501.phe
/oak/stanford/groups/mrivas/ukbb24983/phenotypedata/9796/24611/phe/INI25502.phe
/oak/stanford/groups/mrivas/ukbb24983/phenotypedata/9796/24611/phe/INI25503.phe
/oak/stanford/groups/mrivas/ukbb24983/phenotypedata/9796/24611/phe/INI25504.phe
/oak/stanford/groups/mrivas/ukbb24983/phenotypedata/9796/24611/phe/INI25505.phe
/oak/stanford/groups/mrivas/ukbb24983/phenotypedata/9796/24611/phe/INI25506.phe
/oak/stanford/groups/mrivas/ukbb24983/phenotypedata/9796/24611/phe/INI25507.phe
/oak/stanford/groups/mrivas/ukbb24983/phenotypedata/9796/24611/phe/INI25508.phe
/oak/stanford/groups/mrivas/ukbb24983/phenotypedata/9796/24611/phe/INI25509.phe
/oak/stanford/groups/mrivas/ukbb24983/phenotypedata/9796/24611/phe/INI25510.phe
/oak/stanford/groups/mrivas/ukbb24983/phenotypedata/9796/24611/phe/INI25511.phe
/oak/stanford/groups/mrivas/ukbb24983/phenotypedata/9796/24611/phe/INI25512.phe
/oak/stanford/groups/mrivas/ukbb24983/phenotypedata/9796/24611/phe/INI25513.phe
/oak/stanford/groups/mrivas/ukbb24983/phenotypedata/9796/24611/phe/INI25514.phe
/oak/stanford/groups/mrivas/ukbb24983/phenotypedata/9796/24611/phe/INI25515.phe
/oak/stanford/groups/mrivas/ukbb24983/phenotypedata/9796/24611/phe/INI25516.phe
/oak/stanford/groups/mrivas/ukbb24983/phenotypedata/9796/24611/phe/INI25517.phe
/oak/stanford/groups/mrivas/ukbb24983/phenotypedata/9796/24611/phe/INI25518.phe
/oak/stanford/groups/mrivas/ukbb24983/phenotypedata/9796/24611/phe/INI25519.phe
/oak/stanford/groups/mrivas/ukbb24983/phenotypedata/9796/24611/phe/INI25520.phe
/oak/stanford/groups/mrivas/ukbb24983/phenotypedata/9796/24611/phe/INI25521.phe
/oak/stanford/groups/mrivas/ukbb24983/phenotypedata/9796/24611/phe/INI25522.phe
/oak/stanford/groups/mrivas/ukbb24983/phenotypedata/9796/24611/phe/INI25523.phe
/oak/stanford/groups/mrivas/ukbb24983/phenotypedata/9796/24611/phe/INI25524.phe
/oak/stanford/groups/mrivas/ukbb24983/phenotypedata/9796/24611/phe/INI25525.phe
/oak/stanford/groups/mrivas/ukbb24983/phenotypedata/9796/24611/phe/INI25526.phe
/oak/stanford/groups/mrivas/ukbb24983/phenotypedata/9796/24611/phe/INI25527.phe
/oak/stanford/groups/mrivas/ukbb24983/phenotypedata/9796/24611/phe/INI25528.phe
/oak/stanford/groups/mrivas/ukbb24983/phenotypedata/9796/24611/phe/INI25529.phe
/oak/stanford/groups/mrivas/ukbb24983/phenotypedata/9796/24611/phe/INI25530.phe
/oak/stanford/groups/mrivas/ukbb24983/phenotypedata/9796/24611/phe/INI25531.phe
/oak/stanford/groups/mrivas/ukbb24983/phenotypedata/9796/24611/phe/INI25532.phe
/oak/stanford/groups/mrivas/ukbb24983/phenotypedata/9796/24611/phe/INI25533.phe
/oak/stanford/groups/mrivas/ukbb24983/phenotypedata/9796/24611/phe/INI25534.phe
/oak/stanford/groups/mrivas/ukbb24983/phenotypedata/9796/24611/phe/INI25535.phe
/oak/stanford/groups/mrivas/ukbb24983/phenotypedata/9796/24611/phe/INI25536.phe
/oak/stanford/groups/mrivas/ukbb24983/phenotypedata/9796/24611/phe/INI25537.phe
/oak/stanford/groups/mrivas/ukbb24983/phenotypedata/9796/24611/phe/INI25538.phe
/oak/stanford/groups/mrivas/ukbb24983/phenotypedata/9796/24611/phe/INI25539.phe
/oak/stanford/groups/mrivas/ukbb24983/phenotypedata/9796/24611/phe/INI25540.phe
/oak/stanford/groups/mrivas/ukbb24983/phenotypedata/9796/24611/phe/INI25541.phe
/oak/stanford/groups/mrivas/ukbb24983/phenotypedata/9796/24611/phe/INI25542.phe
/oak/stanford/groups/mrivas/ukbb24983/phenotypedata/9796/24611/phe/INI25543.phe
/oak/stanford/groups/mrivas/ukbb24983/phenotypedata/9796/24611/phe/INI25544.phe
/oak/stanford/groups/mrivas/ukbb24983/phenotypedata/9796/24611/phe/INI25545.phe
/oak/stanford/groups/mrivas/ukbb24983/phenotypedata/9796/24611/phe/INI25546.phe
/oak/stanford/groups/mrivas/ukbb24983/phenotypedata/9796/24611/phe/INI25547.phe
/oak/stanford/groups/mrivas/ukbb24983/phenotypedata/9796/24611/phe/INI25548.phe
/oak/stanford/groups/mrivas/ukbb24983/phenotypedata/9796/24611/phe/INI25549.phe
/oak/stanford/groups/mrivas/ukbb24983/phenotypedata/9796/24611/phe/INI25550.phe
/oak/stanford/groups/mrivas/ukbb24983/phenotypedata/9796/24611/phe/INI25551.phe
/oak/stanford/groups/mrivas/ukbb24983/phenotypedata/9796/24611/phe/INI25552.phe
/oak/stanford/groups/mrivas/ukbb24983/phenotypedata/9796/24611/phe/INI25553.phe
/oak/stanford/groups/mrivas/ukbb24983/phenotypedata/9796/24611/phe/INI25554.phe
/oak/stanford/groups/mrivas/ukbb24983/phenotypedata/9796/24611/phe/INI25555.phe
/oak/stanford/groups/mrivas/ukbb24983/phenotypedata/9796/24611/phe/INI25556.phe
/oak/stanford/groups/mrivas/ukbb24983/phenotypedata/9796/24611/phe/INI25557.phe
/oak/stanford/groups/mrivas/ukbb24983/phenotypedata/9796/24611/phe/INI25558.phe
/oak/stanford/groups/mrivas/ukbb24983/phenotypedata/9796/24611/phe/INI25559.phe
/oak/stanford/groups/mrivas/ukbb24983/phenotypedata/9796/24611/phe/INI25560.phe
/oak/stanford/groups/mrivas/ukbb24983/phenotypedata/9796/24611/phe/INI25561.phe
/oak/stanford/groups/mrivas/ukbb24983/phenotypedata/9796/24611/phe/INI25562.phe
/oak/stanford/groups/mrivas/ukbb24983/phenotypedata/9796/24611/phe/INI25563.phe
/oak/stanford/groups/mrivas/ukbb24983/phenotypedata/9796/24611/phe/INI25564.phe
/oak/stanford/groups/mrivas/ukbb24983/phenotypedata/9796/24611/phe/INI25565.phe
/oak/stanford/groups/mrivas/ukbb24983/phenotypedata/9796/24611/phe/INI25566.phe
/oak/stanford/groups/mrivas/ukbb24983/phenotypedata/9796/24611/phe/INI25567.phe
/oak/stanford/groups/mrivas/ukbb24983/phenotypedata/9796/24611/phe/INI25568.phe
/oak/stanford/groups/mrivas/ukbb24983/phenotypedata/9796/24611/phe/INI25569.phe
/oak/stanford/groups/mrivas/ukbb24983/phenotypedata/9796/24611/phe/INI25570.phe
/oak/stanford/groups/mrivas/ukbb24983/phenotypedata/9796/24611/phe/INI25571.phe
/oak/stanford/groups/mrivas/ukbb24983/phenotypedata/9796/24611/phe/INI25572.phe
/oak/stanford/groups/mrivas/ukbb24983/phenotypedata/9796/24611/phe/INI25573.phe
/oak/stanford/groups/mrivas/ukbb24983/phenotypedata/9796/24611/phe/INI25574.phe
/oak/stanford/groups/mrivas/ukbb24983/phenotypedata/9796/24611/phe/INI25575.phe
/oak/stanford/groups/mrivas/ukbb24983/phenotypedata/9796/24611/phe/INI25576.phe
/oak/stanford/groups/mrivas/ukbb24983/phenotypedata/9796/24611/phe/INI25577.phe
/oak/stanford/groups/mrivas/ukbb24983/phenotypedata/9796/24611/phe/INI25578.phe
/oak/stanford/groups/mrivas/ukbb24983/phenotypedata/9796/24611/phe/INI25579.phe
/oak/stanford/groups/mrivas/ukbb24983/phenotypedata/9796/24611/phe/INI25580.phe
/oak/stanford/groups/mrivas/ukbb24983/phenotypedata/9796/24611/phe/INI25581.phe
/oak/stanford/groups/mrivas/ukbb24983/phenotypedata/9796/24611/phe/INI25582.phe
/oak/stanford/groups/mrivas/ukbb24983/phenotypedata/9796/24611/phe/INI25583.phe
/oak/stanford/groups/mrivas/ukbb24983/phenotypedata/9796/24611/phe/INI25584.phe
/oak/stanford/groups/mrivas/ukbb24983/phenotypedata/9796/24611/phe/INI25585.phe
/oak/stanford/groups/mrivas/ukbb24983/phenotypedata/9796/24611/phe/INI25586.phe
/oak/stanford/groups/mrivas/ukbb24983/phenotypedata/9796/24611/phe/INI25587.phe
/oak/stanford/groups/mrivas/ukbb24983/phenotypedata/9796/24611/phe/INI25588.phe
/oak/stanford/groups/mrivas/ukbb24983/phenotypedata/9796/24611/phe/INI25589.phe
/oak/stanford/groups/mrivas/ukbb24983/phenotypedata/9796/24611/phe/INI25590.phe
/oak/stanford/groups/mrivas/ukbb24983/phenotypedata/9796/24611/phe/INI25591.phe
/oak/stanford/groups/mrivas/ukbb24983/phenotypedata/9796/24611/phe/INI25592.phe
/oak/stanford/groups/mrivas/ukbb24983/phenotypedata/9796/24611/phe/INI25593.phe
/oak/stanford/groups/mrivas/ukbb24983/phenotypedata/9796/24611/phe/INI25594.phe
/oak/stanford/groups/mrivas/ukbb24983/phenotypedata/9796/24611/phe/INI25595.phe
/oak/stanford/groups/mrivas/ukbb24983/phenotypedata/9796/24611/phe/INI25596.phe
/oak/stanford/groups/mrivas/ukbb24983/phenotypedata/9796/24611/phe/INI25597.phe
/oak/stanford/groups/mrivas/ukbb24983/phenotypedata/9796/24611/phe/INI25598.phe
/oak/stanford/groups/mrivas/ukbb24983/phenotypedata/9796/24611/phe/INI25599.phe
/oak/stanford/groups/mrivas/ukbb24983/phenotypedata/9796/24611/phe/INI25600.phe
/oak/stanford/groups/mrivas/ukbb24983/phenotypedata/9796/24611/phe/INI25601.phe
/oak/stanford/groups/mrivas/ukbb24983/phenotypedata/9796/24611/phe/INI25602.phe
/oak/stanford/groups/mrivas/ukbb24983/phenotypedata/9796/24611/phe/INI25603.phe
/oak/stanford/groups/mrivas/ukbb24983/phenotypedata/9796/24611/phe/INI25604.phe
/oak/stanford/groups/mrivas/ukbb24983/phenotypedata/9796/24611/phe/INI25605.phe
/oak/stanford/groups/mrivas/ukbb24983/phenotypedata/9796/24611/phe/INI25606.phe
/oak/stanford/groups/mrivas/ukbb24983/phenotypedata/9796/24611/phe/INI25607.phe
/oak/stanford/groups/mrivas/ukbb24983/phenotypedata/9796/24611/phe/INI25608.phe
/oak/stanford/groups/mrivas/ukbb24983/phenotypedata/9796/24611/phe/INI25609.phe
/oak/stanford/groups/mrivas/ukbb24983/phenotypedata/9796/24611/phe/INI25610.phe
/oak/stanford/groups/mrivas/ukbb24983/phenotypedata/9796/24611/phe/INI25611.phe
/oak/stanford/groups/mrivas/ukbb24983/phenotypedata/9796/24611/phe/INI25612.phe
/oak/stanford/groups/mrivas/ukbb24983/phenotypedata/9796/24611/phe/INI25613.phe
/oak/stanford/groups/mrivas/ukbb24983/phenotypedata/9796/24611/phe/INI25614.phe
/oak/stanford/groups/mrivas/ukbb24983/phenotypedata/9796/24611/phe/INI25615.phe
/oak/stanford/groups/mrivas/ukbb24983/phenotypedata/9796/24611/phe/INI25616.phe
/oak/stanford/groups/mrivas/ukbb24983/phenotypedata/9796/24611/phe/INI25617.phe
/oak/stanford/groups/mrivas/ukbb24983/phenotypedata/9796/24611/phe/INI25618.phe
/oak/stanford/groups/mrivas/ukbb24983/phenotypedata/9796/24611/phe/INI25619.phe
/oak/stanford/groups/mrivas/ukbb24983/phenotypedata/9796/24611/phe/INI25620.phe
/oak/stanford/groups/mrivas/ukbb24983/phenotypedata/9796/24611/phe/INI25621.phe
/oak/stanford/groups/mrivas/ukbb24983/phenotypedata/9796/24611/phe/INI25622.phe
/oak/stanford/groups/mrivas/ukbb24983/phenotypedata/9796/24611/phe/INI25623.phe
/oak/stanford/groups/mrivas/ukbb24983/phenotypedata/9796/24611/phe/INI25624.phe
/oak/stanford/groups/mrivas/ukbb24983/phenotypedata/9796/24611/phe/INI25625.phe
/oak/stanford/groups/mrivas/ukbb24983/phenotypedata/9796/24611/phe/INI25626.phe
/oak/stanford/groups/mrivas/ukbb24983/phenotypedata/9796/24611/phe/INI25627.phe
/oak/stanford/groups/mrivas/ukbb24983/phenotypedata/9796/24611/phe/INI25628.phe
/oak/stanford/groups/mrivas/ukbb24983/phenotypedata/9796/24611/phe/INI25629.phe
/oak/stanford/groups/mrivas/ukbb24983/phenotypedata/9796/24611/phe/INI25630.phe
/oak/stanford/groups/mrivas/ukbb24983/phenotypedata/9796/24611/phe/INI25631.phe
/oak/stanford/groups/mrivas/ukbb24983/phenotypedata/9796/24611/phe/INI25632.phe
/oak/stanford/groups/mrivas/ukbb24983/phenotypedata/9796/24611/phe/INI25633.phe
/oak/stanford/groups/mrivas/ukbb24983/phenotypedata/9796/24611/phe/INI25634.phe
/oak/stanford/groups/mrivas/ukbb24983/phenotypedata/9796/24611/phe/INI25635.phe
/oak/stanford/groups/mrivas/ukbb24983/phenotypedata/9796/24611/phe/INI25636.phe
/oak/stanford/groups/mrivas/ukbb24983/phenotypedata/9796/24611/phe/INI25637.phe
/oak/stanford/groups/mrivas/ukbb24983/phenotypedata/9796/24611/phe/INI25638.phe
/oak/stanford/groups/mrivas/ukbb24983/phenotypedata/9796/24611/phe/INI25639.phe
/oak/stanford/groups/mrivas/ukbb24983/phenotypedata/9796/24611/phe/INI25640.phe
/oak/stanford/groups/mrivas/ukbb24983/phenotypedata/9796/24611/phe/INI25641.phe
/oak/stanford/groups/mrivas/ukbb24983/phenotypedata/9796/24611/phe/INI25642.phe
/oak/stanford/groups/mrivas/ukbb24983/phenotypedata/9796/24611/phe/INI25643.phe
/oak/stanford/groups/mrivas/ukbb24983/phenotypedata/9796/24611/phe/INI25644.phe
/oak/stanford/groups/mrivas/ukbb24983/phenotypedata/9796/24611/phe/INI25645.phe
/oak/stanford/groups/mrivas/ukbb24983/phenotypedata/9796/24611/phe/INI25646.phe
/oak/stanford/groups/mrivas/ukbb24983/phenotypedata/9796/24611/phe/INI25647.phe
/oak/stanford/groups/mrivas/ukbb24983/phenotypedata/9796/24611/phe/INI25648.phe
/oak/stanford/groups/mrivas/ukbb24983/phenotypedata/9796/24611/phe/INI25649.phe
/oak/stanford/groups/mrivas/ukbb24983/phenotypedata/9796/24611/phe/INI25650.phe
/oak/stanford/groups/mrivas/ukbb24983/phenotypedata/9796/24611/phe/INI25651.phe
/oak/stanford/groups/mrivas/ukbb24983/phenotypedata/9796/24611/phe/INI25652.phe
/oak/stanford/groups/mrivas/ukbb24983/phenotypedata/9796/24611/phe/INI25653.phe
/oak/stanford/groups/mrivas/ukbb24983/phenotypedata/9796/24611/phe/INI25654.phe
/oak/stanford/groups/mrivas/ukbb24983/phenotypedata/9796/24611/phe/INI25655.phe
/oak/stanford/groups/mrivas/ukbb24983/phenotypedata/9796/24611/phe/INI25656.phe
/oak/stanford/groups/mrivas/ukbb24983/phenotypedata/9796/24611/phe/INI25657.phe
/oak/stanford/groups/mrivas/ukbb24983/phenotypedata/9796/24611/phe/INI25658.phe
/oak/stanford/groups/mrivas/ukbb24983/phenotypedata/9796/24611/phe/INI25659.phe
/oak/stanford/groups/mrivas/ukbb24983/phenotypedata/9796/24611/phe/INI25660.phe
/oak/stanford/groups/mrivas/ukbb24983/phenotypedata/9796/24611/phe/INI25661.phe
/oak/stanford/groups/mrivas/ukbb24983/phenotypedata/9796/24611/phe/INI25662.phe
/oak/stanford/groups/mrivas/ukbb24983/phenotypedata/9796/24611/phe/INI25663.phe
/oak/stanford/groups/mrivas/ukbb24983/phenotypedata/9796/24611/phe/INI25664.phe
/oak/stanford/groups/mrivas/ukbb24983/phenotypedata/9796/24611/phe/INI25665.phe
/oak/stanford/groups/mrivas/ukbb24983/phenotypedata/9796/24611/phe/INI25666.phe
/oak/stanford/groups/mrivas/ukbb24983/phenotypedata/9796/24611/phe/INI25667.phe
/oak/stanford/groups/mrivas/ukbb24983/phenotypedata/9796/24611/phe/INI25668.phe
/oak/stanford/groups/mrivas/ukbb24983/phenotypedata/9796/24611/phe/INI25669.phe
/oak/stanford/groups/mrivas/ukbb24983/phenotypedata/9796/24611/phe/INI25670.phe
/oak/stanford/groups/mrivas/ukbb24983/phenotypedata/9796/24611/phe/INI25671.phe
/oak/stanford/groups/mrivas/ukbb24983/phenotypedata/9796/24611/phe/INI25672.phe
/oak/stanford/groups/mrivas/ukbb24983/phenotypedata/9796/24611/phe/INI25673.phe
/oak/stanford/groups/mrivas/ukbb24983/phenotypedata/9796/24611/phe/INI25674.phe
/oak/stanford/groups/mrivas/ukbb24983/phenotypedata/9796/24611/phe/INI25675.phe
/oak/stanford/groups/mrivas/ukbb24983/phenotypedata/9796/24611/phe/INI25676.phe
/oak/stanford/groups/mrivas/ukbb24983/phenotypedata/9796/24611/phe/INI25677.phe
/oak/stanford/groups/mrivas/ukbb24983/phenotypedata/9796/24611/phe/INI25678.phe
/oak/stanford/groups/mrivas/ukbb24983/phenotypedata/9796/24611/phe/INI25679.phe
/oak/stanford/groups/mrivas/ukbb24983/phenotypedata/9796/24611/phe/INI25680.phe
/oak/stanford/groups/mrivas/ukbb24983/phenotypedata/9796/24611/phe/INI25681.phe
/oak/stanford/groups/mrivas/ukbb24983/phenotypedata/9796/24611/phe/INI25682.phe
/oak/stanford/groups/mrivas/ukbb24983/phenotypedata/9796/24611/phe/INI25683.phe
/oak/stanford/groups/mrivas/ukbb24983/phenotypedata/9796/24611/phe/INI25684.phe
/oak/stanford/groups/mrivas/ukbb24983/phenotypedata/9796/24611/phe/INI25685.phe
/oak/stanford/groups/mrivas/ukbb24983/phenotypedata/9796/24611/phe/INI25686.phe
/oak/stanford/groups/mrivas/ukbb24983/phenotypedata/9796/24611/phe/INI25687.phe
/oak/stanford/groups/mrivas/ukbb24983/phenotypedata/9796/24611/phe/INI25688.phe
/oak/stanford/groups/mrivas/ukbb24983/phenotypedata/9796/24611/phe/INI25689.phe
/oak/stanford/groups/mrivas/ukbb24983/phenotypedata/9796/24611/phe/INI25690.phe
/oak/stanford/groups/mrivas/ukbb24983/phenotypedata/9796/24611/phe/INI25691.phe
/oak/stanford/groups/mrivas/ukbb24983/phenotypedata/9796/24611/phe/INI25692.phe
/oak/stanford/groups/mrivas/ukbb24983/phenotypedata/9796/24611/phe/INI25693.phe
/oak/stanford/groups/mrivas/ukbb24983/phenotypedata/9796/24611/phe/INI25694.phe
/oak/stanford/groups/mrivas/ukbb24983/phenotypedata/9796/24611/phe/INI25695.phe
/oak/stanford/groups/mrivas/ukbb24983/phenotypedata/9796/24611/phe/INI25696.phe
/oak/stanford/groups/mrivas/ukbb24983/phenotypedata/9796/24611/phe/INI25697.phe
/oak/stanford/groups/mrivas/ukbb24983/phenotypedata/9796/24611/phe/INI25698.phe
/oak/stanford/groups/mrivas/ukbb24983/phenotypedata/9796/24611/phe/INI25699.phe
/oak/stanford/groups/mrivas/ukbb24983/phenotypedata/9796/24611/phe/INI25700.phe
/oak/stanford/groups/mrivas/ukbb24983/phenotypedata/9796/24611/phe/INI25701.phe
/oak/stanford/groups/mrivas/ukbb24983/phenotypedata/9796/24611/phe/INI25702.phe
/oak/stanford/groups/mrivas/ukbb24983/phenotypedata/9796/24611/phe/INI25703.phe
/oak/stanford/groups/mrivas/ukbb24983/phenotypedata/9796/24611/phe/INI25704.phe
/oak/stanford/groups/mrivas/ukbb24983/phenotypedata/9796/24611/phe/INI25705.phe
/oak/stanford/groups/mrivas/ukbb24983/phenotypedata/9796/24611/phe/INI25706.phe
/oak/stanford/groups/mrivas/ukbb24983/phenotypedata/9796/24611/phe/INI25707.phe
/oak/stanford/groups/mrivas/ukbb24983/phenotypedata/9796/24611/phe/INI25708.phe
/oak/stanford/groups/mrivas/ukbb24983/phenotypedata/9796/24611/phe/INI25709.phe
/oak/stanford/groups/mrivas/ukbb24983/phenotypedata/9796/24611/phe/INI25710.phe
/oak/stanford/groups/mrivas/ukbb24983/phenotypedata/9796/24611/phe/INI25711.phe
/oak/stanford/groups/mrivas/ukbb24983/phenotypedata/9796/24611/phe/INI25712.phe
/oak/stanford/groups/mrivas/ukbb24983/phenotypedata/9796/24611/phe/INI25713.phe
/oak/stanford/groups/mrivas/ukbb24983/phenotypedata/9796/24611/phe/INI25714.phe
/oak/stanford/groups/mrivas/ukbb24983/phenotypedata/9796/24611/phe/INI25715.phe
/oak/stanford/groups/mrivas/ukbb24983/phenotypedata/9796/24611/phe/INI25716.phe
/oak/stanford/groups/mrivas/ukbb24983/phenotypedata/9796/24611/phe/INI25717.phe
/oak/stanford/groups/mrivas/ukbb24983/phenotypedata/9796/24611/phe/INI25718.phe
/oak/stanford/groups/mrivas/ukbb24983/phenotypedata/9796/24611/phe/INI25719.phe
/oak/stanford/groups/mrivas/ukbb24983/phenotypedata/9796/24611/phe/INI25720.phe
/oak/stanford/groups/mrivas/ukbb24983/phenotypedata/9796/24611/phe/INI25721.phe
/oak/stanford/groups/mrivas/ukbb24983/phenotypedata/9796/24611/phe/INI25722.phe
/oak/stanford/groups/mrivas/ukbb24983/phenotypedata/9796/24611/phe/INI25723.phe
/oak/stanford/groups/mrivas/ukbb24983/phenotypedata/9796/24611/phe/INI25724.phe
/oak/stanford/groups/mrivas/ukbb24983/phenotypedata/9796/24611/phe/INI25725.phe
/oak/stanford/groups/mrivas/ukbb24983/phenotypedata/9796/24611/phe/INI25726.phe
/oak/stanford/groups/mrivas/ukbb24983/phenotypedata/9796/24611/phe/INI25727.phe
/oak/stanford/groups/mrivas/ukbb24983/phenotypedata/9796/24611/phe/INI25728.phe
/oak/stanford/groups/mrivas/ukbb24983/phenotypedata/9796/24611/phe/INI25729.phe
/oak/stanford/groups/mrivas/ukbb24983/phenotypedata/9796/24611/phe/INI25730.phe
/oak/stanford/groups/mrivas/ukbb24983/phenotypedata/9796/24611/phe/INI23208.phe
/oak/stanford/groups/mrivas/ukbb24983/phenotypedata/9796/24611/phe/INI23214.phe
/oak/stanford/groups/mrivas/ukbb24983/phenotypedata/9796/24611/phe/INI23295.phe
/oak/stanford/groups/mrivas/ukbb24983/phenotypedata/9796/24611/phe/INI23299.phe
/oak/stanford/groups/mrivas/ukbb24983/phenotypedata/9796/24611/phe/INI23210.phe
/oak/stanford/groups/mrivas/ukbb24983/phenotypedata/9796/24611/phe/INI23212.phe
/oak/stanford/groups/mrivas/ukbb24983/phenotypedata/9796/24611/phe/INI23224.phe
/oak/stanford/groups/mrivas/ukbb24983/phenotypedata/9796/24611/phe/INI23225.phe
/oak/stanford/groups/mrivas/ukbb24983/phenotypedata/9796/24611/phe/INI23244.phe
/oak/stanford/groups/mrivas/ukbb24983/phenotypedata/9796/24611/phe/INI23245.phe
/oak/stanford/groups/mrivas/ukbb24983/phenotypedata/9796/24611/phe/INI23246.phe
/oak/stanford/groups/mrivas/ukbb24983/phenotypedata/9796/24611/phe/INI23247.phe
/oak/stanford/groups/mrivas/ukbb24983/phenotypedata/9796/24611/phe/INI23248.phe
/oak/stanford/groups/mrivas/ukbb24983/phenotypedata/9796/24611/phe/INI23257.phe
/oak/stanford/groups/mrivas/ukbb24983/phenotypedata/9796/24611/phe/INI23258.phe
/oak/stanford/groups/mrivas/ukbb24983/phenotypedata/9796/24611/phe/INI23259.phe
/oak/stanford/groups/mrivas/ukbb24983/phenotypedata/9796/24611/phe/INI23260.phe
/oak/stanford/groups/mrivas/ukbb24983/phenotypedata/9796/24611/phe/INI23261.phe
/oak/stanford/groups/mrivas/ukbb24983/phenotypedata/9796/24611/phe/INI23262.phe
/oak/stanford/groups/mrivas/ukbb24983/phenotypedata/9796/24611/phe/INI23263.phe
/oak/stanford/groups/mrivas/ukbb24983/phenotypedata/9796/24611/phe/INI23264.phe
/oak/stanford/groups/mrivas/ukbb24983/phenotypedata/9796/24611/phe/INI23265.phe
/oak/stanford/groups/mrivas/ukbb24983/phenotypedata/9796/24611/phe/INI23274.phe
/oak/stanford/groups/mrivas/ukbb24983/phenotypedata/9796/24611/phe/INI23275.phe
/oak/stanford/groups/mrivas/ukbb24983/phenotypedata/9796/24611/phe/INI23276.phe
/oak/stanford/groups/mrivas/ukbb24983/phenotypedata/9796/24611/phe/INI23277.phe
/oak/stanford/groups/mrivas/ukbb24983/phenotypedata/9796/24611/phe/INI23278.phe
/oak/stanford/groups/mrivas/ukbb24983/phenotypedata/9796/24611/phe/INI23279.phe
/oak/stanford/groups/mrivas/ukbb24983/phenotypedata/9796/24611/phe/INI23280.phe
/oak/stanford/groups/mrivas/ukbb24983/phenotypedata/9796/24611/phe/INI23281.phe
/oak/stanford/groups/mrivas/ukbb24983/phenotypedata/9796/24611/phe/INI23282.phe
/oak/stanford/groups/mrivas/ukbb24983/phenotypedata/9796/24611/phe/INI23283.phe
/oak/stanford/groups/mrivas/ukbb24983/phenotypedata/9796/24611/phe/INI23284.phe
/oak/stanford/groups/mrivas/ukbb24983/phenotypedata/9796/24611/phe/INI23285.phe
/oak/stanford/groups/mrivas/ukbb24983/phenotypedata/9796/24611/phe/INI23286.phe
/oak/stanford/groups/mrivas/ukbb24983/phenotypedata/9796/24611/phe/INI23287.phe
/oak/stanford/groups/mrivas/ukbb24983/phenotypedata/9796/24611/phe/INI23304.phe
/oak/stanford/groups/mrivas/ukbb24983/phenotypedata/9796/24611/phe/INI23305.phe
/oak/stanford/groups/mrivas/ukbb24983/phenotypedata/9796/24611/phe/INI23307.phe
/oak/stanford/groups/mrivas/ukbb24983/phenotypedata/9796/24611/phe/INI23309.phe
/oak/stanford/groups/mrivas/ukbb24983/phenotypedata/9796/24611/phe/INI23311.phe
/oak/stanford/groups/mrivas/ukbb24983/phenotypedata/9796/24611/phe/INI23317.phe
/oak/stanford/groups/mrivas/ukbb24983/phenotypedata/9796/24611/phe/INI23318.phe
/oak/stanford/groups/mrivas/ukbb24983/phenotypedata/9796/24611/phe/INI23290.phe
/oak/stanford/groups/mrivas/ukbb24983/phenotypedata/9796/24611/phe/INI23291.phe
/oak/stanford/groups/mrivas/ukbb24983/phenotypedata/9796/24611/phe/INI23209.phe
/oak/stanford/groups/mrivas/ukbb24983/phenotypedata/9796/24611/phe/INI23215.phe
/oak/stanford/groups/mrivas/ukbb24983/phenotypedata/9796/24611/phe/INI23298.phe
/oak/stanford/groups/mrivas/ukbb24983/phenotypedata/9796/24611/phe/INI23300.phe
/oak/stanford/groups/mrivas/ukbb24983/phenotypedata/9796/24611/phe/INI23200.phe
/oak/stanford/groups/mrivas/ukbb24983/phenotypedata/9796/24611/phe/INI23201.phe
/oak/stanford/groups/mrivas/ukbb24983/phenotypedata/9796/24611/phe/INI23202.phe
/oak/stanford/groups/mrivas/ukbb24983/phenotypedata/9796/24611/phe/INI23213.phe
/oak/stanford/groups/mrivas/ukbb24983/phenotypedata/9796/24611/phe/INI23293.phe
/oak/stanford/groups/mrivas/ukbb24983/phenotypedata/9796/24611/phe/INI23288.phe
/oak/stanford/groups/mrivas/ukbb24983/phenotypedata/9796/24611/phe/INI23289.phe
/oak/stanford/groups/mrivas/ukbb24983/phenotypedata/9796/24611/phe/INI22420.phe
/oak/stanford/groups/mrivas/ukbb24983/phenotypedata/9796/24611/phe/INI22421.phe
/oak/stanford/groups/mrivas/ukbb24983/phenotypedata/9796/24611/phe/INI22422.phe
/oak/stanford/groups/mrivas/ukbb24983/phenotypedata/9796/24611/phe/INI22423.phe
/oak/stanford/groups/mrivas/ukbb24983/phenotypedata/9796/24611/phe/INI22424.phe
/oak/stanford/groups/mrivas/ukbb24983/phenotypedata/9796/24611/phe/INI22425.phe
/oak/stanford/groups/mrivas/ukbb24983/phenotypedata/9796/24611/phe/INI22426.phe
/oak/stanford/groups/mrivas/ukbb24983/phenotypedata/9796/24611/phe/INI22427.phe
/oak/stanford/groups/mrivas/ukbb24983/phenotypedata/9796/24611/phe/INI23220.phe
/oak/stanford/groups/mrivas/ukbb24983/phenotypedata/9796/24611/phe/INI23221.phe
/oak/stanford/groups/mrivas/ukbb24983/phenotypedata/9796/24611/phe/INI23222.phe
/oak/stanford/groups/mrivas/ukbb24983/phenotypedata/9796/24611/phe/INI23223.phe
/oak/stanford/groups/mrivas/ukbb24983/phenotypedata/9796/24611/phe/INI23249.phe
/oak/stanford/groups/mrivas/ukbb24983/phenotypedata/9796/24611/phe/INI23250.phe
/oak/stanford/groups/mrivas/ukbb24983/phenotypedata/9796/24611/phe/INI23251.phe
/oak/stanford/groups/mrivas/ukbb24983/phenotypedata/9796/24611/phe/INI23252.phe
/oak/stanford/groups/mrivas/ukbb24983/phenotypedata/9796/24611/phe/INI23253.phe
/oak/stanford/groups/mrivas/ukbb24983/phenotypedata/9796/24611/phe/INI23254.phe
/oak/stanford/groups/mrivas/ukbb24983/phenotypedata/9796/24611/phe/INI23255.phe
/oak/stanford/groups/mrivas/ukbb24983/phenotypedata/9796/24611/phe/INI23256.phe
/oak/stanford/groups/mrivas/ukbb24983/phenotypedata/9796/24611/phe/INI23266.phe
/oak/stanford/groups/mrivas/ukbb24983/phenotypedata/9796/24611/phe/INI23267.phe
/oak/stanford/groups/mrivas/ukbb24983/phenotypedata/9796/24611/phe/INI23268.phe
/oak/stanford/groups/mrivas/ukbb24983/phenotypedata/9796/24611/phe/INI23269.phe
/oak/stanford/groups/mrivas/ukbb24983/phenotypedata/9796/24611/phe/INI23270.phe
/oak/stanford/groups/mrivas/ukbb24983/phenotypedata/9796/24611/phe/INI23271.phe
/oak/stanford/groups/mrivas/ukbb24983/phenotypedata/9796/24611/phe/INI23272.phe
/oak/stanford/groups/mrivas/ukbb24983/phenotypedata/9796/24611/phe/INI23273.phe
/oak/stanford/groups/mrivas/ukbb24983/phenotypedata/9796/24611/phe/INI23313.phe
/oak/stanford/groups/mrivas/ukbb24983/phenotypedata/9796/24611/phe/INI23314.phe
/oak/stanford/groups/mrivas/ukbb24983/phenotypedata/9796/24611/phe/INI23315.phe
/oak/stanford/groups/mrivas/ukbb24983/phenotypedata/9796/24611/phe/INI23316.phe
/oak/stanford/groups/mrivas/ukbb24983/phenotypedata/9796/24611/phe/INI23206.phe
/oak/stanford/groups/mrivas/ukbb24983/phenotypedata/9796/24611/phe/INI23216.phe
/oak/stanford/groups/mrivas/ukbb24983/phenotypedata/9796/24611/phe/INI23292.phe
/oak/stanford/groups/mrivas/ukbb24983/phenotypedata/9796/24611/phe/INI23302.phe
/oak/stanford/groups/mrivas/ukbb24983/phenotypedata/9796/24611/phe/INI23296.phe
/oak/stanford/groups/mrivas/ukbb24983/phenotypedata/10136/21731/phe/INI22407.phe
/oak/stanford/groups/mrivas/ukbb24983/phenotypedata/10136/21731/phe/INI22408.phe
/oak/stanford/groups/mrivas/ukbb24983/phenotypedata/10136/21731/phe/INI22410.phe
/oak/stanford/groups/mrivas/ukbb24983/phenotypedata/10136/21731/phe/INI22403.phe
/oak/stanford/groups/mrivas/ukbb24983/phenotypedata/10136/21731/phe/INI22404.phe
/oak/stanford/groups/mrivas/ukbb24983/phenotypedata/10136/21731/phe/INI22405.phe
/oak/stanford/groups/mrivas/ukbb24983/phenotypedata/10136/21731/phe/INI22406.phe
/oak/stanford/groups/mrivas/ukbb24983/phenotypedata/10136/21731/phe/INI22409.phe
