/oak/stanford/groups/mrivas/ukbb24983/cal/gwas/9796/24611/white_british/ukb24983_v2_hg19.INI25734.genotyped.PHENO1.glm.linear.gz
/oak/stanford/groups/mrivas/ukbb24983/cal/gwas/9796/24611/white_british/ukb24983_v2_hg19.INI25735.genotyped.PHENO1.glm.linear.gz
/oak/stanford/groups/mrivas/ukbb24983/cal/gwas/9796/24611/white_british/ukb24983_v2_hg19.INI25000.genotyped.PHENO1.glm.linear.gz
/oak/stanford/groups/mrivas/ukbb24983/cal/gwas/9796/24611/white_british/ukb24983_v2_hg19.INI25001.genotyped.PHENO1.glm.linear.gz
/oak/stanford/groups/mrivas/ukbb24983/cal/gwas/9796/24611/white_british/ukb24983_v2_hg19.INI25002.genotyped.PHENO1.glm.linear.gz
/oak/stanford/groups/mrivas/ukbb24983/cal/gwas/9796/24611/white_british/ukb24983_v2_hg19.INI25003.genotyped.PHENO1.glm.linear.gz
/oak/stanford/groups/mrivas/ukbb24983/cal/gwas/9796/24611/white_british/ukb24983_v2_hg19.INI25004.genotyped.PHENO1.glm.linear.gz
/oak/stanford/groups/mrivas/ukbb24983/cal/gwas/9796/24611/white_british/ukb24983_v2_hg19.INI25005.genotyped.PHENO1.glm.linear.gz
/oak/stanford/groups/mrivas/ukbb24983/cal/gwas/9796/24611/white_british/ukb24983_v2_hg19.INI25006.genotyped.PHENO1.glm.linear.gz
/oak/stanford/groups/mrivas/ukbb24983/cal/gwas/9796/24611/white_british/ukb24983_v2_hg19.INI25007.genotyped.PHENO1.glm.linear.gz
/oak/stanford/groups/mrivas/ukbb24983/cal/gwas/9796/24611/white_british/ukb24983_v2_hg19.INI25008.genotyped.PHENO1.glm.linear.gz
/oak/stanford/groups/mrivas/ukbb24983/cal/gwas/9796/24611/white_british/ukb24983_v2_hg19.INI25009.genotyped.PHENO1.glm.linear.gz
/oak/stanford/groups/mrivas/ukbb24983/cal/gwas/9796/24611/white_british/ukb24983_v2_hg19.INI25010.genotyped.PHENO1.glm.linear.gz
/oak/stanford/groups/mrivas/ukbb24983/cal/gwas/9796/24611/white_british/ukb24983_v2_hg19.INI25011.genotyped.PHENO1.glm.linear.gz
/oak/stanford/groups/mrivas/ukbb24983/cal/gwas/9796/24611/white_british/ukb24983_v2_hg19.INI25012.genotyped.PHENO1.glm.linear.gz
/oak/stanford/groups/mrivas/ukbb24983/cal/gwas/9796/24611/white_british/ukb24983_v2_hg19.INI25013.genotyped.PHENO1.glm.linear.gz
/oak/stanford/groups/mrivas/ukbb24983/cal/gwas/9796/24611/white_british/ukb24983_v2_hg19.INI25014.genotyped.PHENO1.glm.linear.gz
/oak/stanford/groups/mrivas/ukbb24983/cal/gwas/9796/24611/white_british/ukb24983_v2_hg19.INI25015.genotyped.PHENO1.glm.linear.gz
/oak/stanford/groups/mrivas/ukbb24983/cal/gwas/9796/24611/white_british/ukb24983_v2_hg19.INI25016.genotyped.PHENO1.glm.linear.gz
/oak/stanford/groups/mrivas/ukbb24983/cal/gwas/9796/24611/white_british/ukb24983_v2_hg19.INI25017.genotyped.PHENO1.glm.linear.gz
/oak/stanford/groups/mrivas/ukbb24983/cal/gwas/9796/24611/white_british/ukb24983_v2_hg19.INI25018.genotyped.PHENO1.glm.linear.gz
/oak/stanford/groups/mrivas/ukbb24983/cal/gwas/9796/24611/white_british/ukb24983_v2_hg19.INI25019.genotyped.PHENO1.glm.linear.gz
/oak/stanford/groups/mrivas/ukbb24983/cal/gwas/9796/24611/white_british/ukb24983_v2_hg19.INI25020.genotyped.PHENO1.glm.linear.gz
/oak/stanford/groups/mrivas/ukbb24983/cal/gwas/9796/24611/white_british/ukb24983_v2_hg19.INI25021.genotyped.PHENO1.glm.linear.gz
/oak/stanford/groups/mrivas/ukbb24983/cal/gwas/9796/24611/white_british/ukb24983_v2_hg19.INI25022.genotyped.PHENO1.glm.linear.gz
/oak/stanford/groups/mrivas/ukbb24983/cal/gwas/9796/24611/white_british/ukb24983_v2_hg19.INI25023.genotyped.PHENO1.glm.linear.gz
/oak/stanford/groups/mrivas/ukbb24983/cal/gwas/9796/24611/white_british/ukb24983_v2_hg19.INI25024.genotyped.PHENO1.glm.linear.gz
/oak/stanford/groups/mrivas/ukbb24983/cal/gwas/9796/24611/white_british/ukb24983_v2_hg19.INI25025.genotyped.PHENO1.glm.linear.gz
/oak/stanford/groups/mrivas/ukbb24983/cal/gwas/10136/21731/white_british/ukb24983_v2_hg19.INI25782.genotyped.PHENO1.glm.linear.gz
/oak/stanford/groups/mrivas/ukbb24983/cal/gwas/10136/21731/white_british/ukb24983_v2_hg19.INI25783.genotyped.PHENO1.glm.linear.gz
/oak/stanford/groups/mrivas/ukbb24983/cal/gwas/10136/21731/white_british/ukb24983_v2_hg19.INI25784.genotyped.PHENO1.glm.linear.gz
/oak/stanford/groups/mrivas/ukbb24983/cal/gwas/10136/21731/white_british/ukb24983_v2_hg19.INI25785.genotyped.PHENO1.glm.linear.gz
/oak/stanford/groups/mrivas/ukbb24983/cal/gwas/10136/21731/white_british/ukb24983_v2_hg19.INI25786.genotyped.PHENO1.glm.linear.gz
/oak/stanford/groups/mrivas/ukbb24983/cal/gwas/10136/21731/white_british/ukb24983_v2_hg19.INI25787.genotyped.PHENO1.glm.linear.gz
/oak/stanford/groups/mrivas/ukbb24983/cal/gwas/10136/21731/white_british/ukb24983_v2_hg19.INI25788.genotyped.PHENO1.glm.linear.gz
/oak/stanford/groups/mrivas/ukbb24983/cal/gwas/10136/21731/white_british/ukb24983_v2_hg19.INI25789.genotyped.PHENO1.glm.linear.gz
/oak/stanford/groups/mrivas/ukbb24983/cal/gwas/10136/21731/white_british/ukb24983_v2_hg19.INI25790.genotyped.PHENO1.glm.linear.gz
/oak/stanford/groups/mrivas/ukbb24983/cal/gwas/10136/21731/white_british/ukb24983_v2_hg19.INI25791.genotyped.PHENO1.glm.linear.gz
/oak/stanford/groups/mrivas/ukbb24983/cal/gwas/10136/21731/white_british/ukb24983_v2_hg19.INI25792.genotyped.PHENO1.glm.linear.gz
/oak/stanford/groups/mrivas/ukbb24983/cal/gwas/10136/21731/white_british/ukb24983_v2_hg19.INI25793.genotyped.PHENO1.glm.linear.gz
/oak/stanford/groups/mrivas/ukbb24983/cal/gwas/10136/21731/white_british/ukb24983_v2_hg19.INI25794.genotyped.PHENO1.glm.linear.gz
/oak/stanford/groups/mrivas/ukbb24983/cal/gwas/10136/21731/white_british/ukb24983_v2_hg19.INI25795.genotyped.PHENO1.glm.linear.gz
/oak/stanford/groups/mrivas/ukbb24983/cal/gwas/10136/21731/white_british/ukb24983_v2_hg19.INI25796.genotyped.PHENO1.glm.linear.gz
/oak/stanford/groups/mrivas/ukbb24983/cal/gwas/10136/21731/white_british/ukb24983_v2_hg19.INI25797.genotyped.PHENO1.glm.linear.gz
/oak/stanford/groups/mrivas/ukbb24983/cal/gwas/10136/21731/white_british/ukb24983_v2_hg19.INI25798.genotyped.PHENO1.glm.linear.gz
/oak/stanford/groups/mrivas/ukbb24983/cal/gwas/10136/21731/white_british/ukb24983_v2_hg19.INI25799.genotyped.PHENO1.glm.linear.gz
/oak/stanford/groups/mrivas/ukbb24983/cal/gwas/10136/21731/white_british/ukb24983_v2_hg19.INI25800.genotyped.PHENO1.glm.linear.gz
/oak/stanford/groups/mrivas/ukbb24983/cal/gwas/10136/21731/white_british/ukb24983_v2_hg19.INI25801.genotyped.PHENO1.glm.linear.gz
/oak/stanford/groups/mrivas/ukbb24983/cal/gwas/10136/21731/white_british/ukb24983_v2_hg19.INI25802.genotyped.PHENO1.glm.linear.gz
/oak/stanford/groups/mrivas/ukbb24983/cal/gwas/10136/21731/white_british/ukb24983_v2_hg19.INI25803.genotyped.PHENO1.glm.linear.gz
/oak/stanford/groups/mrivas/ukbb24983/cal/gwas/10136/21731/white_british/ukb24983_v2_hg19.INI25804.genotyped.PHENO1.glm.linear.gz
/oak/stanford/groups/mrivas/ukbb24983/cal/gwas/10136/21731/white_british/ukb24983_v2_hg19.INI25805.genotyped.PHENO1.glm.linear.gz
/oak/stanford/groups/mrivas/ukbb24983/cal/gwas/10136/21731/white_british/ukb24983_v2_hg19.INI25806.genotyped.PHENO1.glm.linear.gz
/oak/stanford/groups/mrivas/ukbb24983/cal/gwas/10136/21731/white_british/ukb24983_v2_hg19.INI25807.genotyped.PHENO1.glm.linear.gz
/oak/stanford/groups/mrivas/ukbb24983/cal/gwas/10136/21731/white_british/ukb24983_v2_hg19.INI25808.genotyped.PHENO1.glm.linear.gz
/oak/stanford/groups/mrivas/ukbb24983/cal/gwas/10136/21731/white_british/ukb24983_v2_hg19.INI25809.genotyped.PHENO1.glm.linear.gz
/oak/stanford/groups/mrivas/ukbb24983/cal/gwas/10136/21731/white_british/ukb24983_v2_hg19.INI25810.genotyped.PHENO1.glm.linear.gz
/oak/stanford/groups/mrivas/ukbb24983/cal/gwas/10136/21731/white_british/ukb24983_v2_hg19.INI25811.genotyped.PHENO1.glm.linear.gz
/oak/stanford/groups/mrivas/ukbb24983/cal/gwas/10136/21731/white_british/ukb24983_v2_hg19.INI25812.genotyped.PHENO1.glm.linear.gz
/oak/stanford/groups/mrivas/ukbb24983/cal/gwas/10136/21731/white_british/ukb24983_v2_hg19.INI25813.genotyped.PHENO1.glm.linear.gz
/oak/stanford/groups/mrivas/ukbb24983/cal/gwas/10136/21731/white_british/ukb24983_v2_hg19.INI25814.genotyped.PHENO1.glm.linear.gz
/oak/stanford/groups/mrivas/ukbb24983/cal/gwas/10136/21731/white_british/ukb24983_v2_hg19.INI25815.genotyped.PHENO1.glm.linear.gz
/oak/stanford/groups/mrivas/ukbb24983/cal/gwas/10136/21731/white_british/ukb24983_v2_hg19.INI25816.genotyped.PHENO1.glm.linear.gz
/oak/stanford/groups/mrivas/ukbb24983/cal/gwas/10136/21731/white_british/ukb24983_v2_hg19.INI25817.genotyped.PHENO1.glm.linear.gz
/oak/stanford/groups/mrivas/ukbb24983/cal/gwas/10136/21731/white_british/ukb24983_v2_hg19.INI25818.genotyped.PHENO1.glm.linear.gz
/oak/stanford/groups/mrivas/ukbb24983/cal/gwas/10136/21731/white_british/ukb24983_v2_hg19.INI25819.genotyped.PHENO1.glm.linear.gz
/oak/stanford/groups/mrivas/ukbb24983/cal/gwas/10136/21731/white_british/ukb24983_v2_hg19.INI25820.genotyped.PHENO1.glm.linear.gz
/oak/stanford/groups/mrivas/ukbb24983/cal/gwas/10136/21731/white_british/ukb24983_v2_hg19.INI25821.genotyped.PHENO1.glm.linear.gz
/oak/stanford/groups/mrivas/ukbb24983/cal/gwas/10136/21731/white_british/ukb24983_v2_hg19.INI25822.genotyped.PHENO1.glm.linear.gz
/oak/stanford/groups/mrivas/ukbb24983/cal/gwas/10136/21731/white_british/ukb24983_v2_hg19.INI25823.genotyped.PHENO1.glm.linear.gz
/oak/stanford/groups/mrivas/ukbb24983/cal/gwas/10136/21731/white_british/ukb24983_v2_hg19.INI25824.genotyped.PHENO1.glm.linear.gz
/oak/stanford/groups/mrivas/ukbb24983/cal/gwas/10136/21731/white_british/ukb24983_v2_hg19.INI25825.genotyped.PHENO1.glm.linear.gz
/oak/stanford/groups/mrivas/ukbb24983/cal/gwas/10136/21731/white_british/ukb24983_v2_hg19.INI25826.genotyped.PHENO1.glm.linear.gz
/oak/stanford/groups/mrivas/ukbb24983/cal/gwas/10136/21731/white_british/ukb24983_v2_hg19.INI25827.genotyped.PHENO1.glm.linear.gz
/oak/stanford/groups/mrivas/ukbb24983/cal/gwas/10136/21731/white_british/ukb24983_v2_hg19.INI25828.genotyped.PHENO1.glm.linear.gz
/oak/stanford/groups/mrivas/ukbb24983/cal/gwas/10136/21731/white_british/ukb24983_v2_hg19.INI25829.genotyped.PHENO1.glm.linear.gz
/oak/stanford/groups/mrivas/ukbb24983/cal/gwas/10136/21731/white_british/ukb24983_v2_hg19.INI25830.genotyped.PHENO1.glm.linear.gz
/oak/stanford/groups/mrivas/ukbb24983/cal/gwas/10136/21731/white_british/ukb24983_v2_hg19.INI25831.genotyped.PHENO1.glm.linear.gz
/oak/stanford/groups/mrivas/ukbb24983/cal/gwas/10136/21731/white_british/ukb24983_v2_hg19.INI25832.genotyped.PHENO1.glm.linear.gz
/oak/stanford/groups/mrivas/ukbb24983/cal/gwas/10136/21731/white_british/ukb24983_v2_hg19.INI25833.genotyped.PHENO1.glm.linear.gz
/oak/stanford/groups/mrivas/ukbb24983/cal/gwas/10136/21731/white_british/ukb24983_v2_hg19.INI25834.genotyped.PHENO1.glm.linear.gz
/oak/stanford/groups/mrivas/ukbb24983/cal/gwas/10136/21731/white_british/ukb24983_v2_hg19.INI25835.genotyped.PHENO1.glm.linear.gz
/oak/stanford/groups/mrivas/ukbb24983/cal/gwas/10136/21731/white_british/ukb24983_v2_hg19.INI25836.genotyped.PHENO1.glm.linear.gz
/oak/stanford/groups/mrivas/ukbb24983/cal/gwas/10136/21731/white_british/ukb24983_v2_hg19.INI25837.genotyped.PHENO1.glm.linear.gz
/oak/stanford/groups/mrivas/ukbb24983/cal/gwas/10136/21731/white_british/ukb24983_v2_hg19.INI25838.genotyped.PHENO1.glm.linear.gz
/oak/stanford/groups/mrivas/ukbb24983/cal/gwas/10136/21731/white_british/ukb24983_v2_hg19.INI25839.genotyped.PHENO1.glm.linear.gz
/oak/stanford/groups/mrivas/ukbb24983/cal/gwas/10136/21731/white_british/ukb24983_v2_hg19.INI25840.genotyped.PHENO1.glm.linear.gz
/oak/stanford/groups/mrivas/ukbb24983/cal/gwas/10136/21731/white_british/ukb24983_v2_hg19.INI25841.genotyped.PHENO1.glm.linear.gz
/oak/stanford/groups/mrivas/ukbb24983/cal/gwas/10136/21731/white_british/ukb24983_v2_hg19.INI25842.genotyped.PHENO1.glm.linear.gz
/oak/stanford/groups/mrivas/ukbb24983/cal/gwas/10136/21731/white_british/ukb24983_v2_hg19.INI25843.genotyped.PHENO1.glm.linear.gz
/oak/stanford/groups/mrivas/ukbb24983/cal/gwas/10136/21731/white_british/ukb24983_v2_hg19.INI25844.genotyped.PHENO1.glm.linear.gz
/oak/stanford/groups/mrivas/ukbb24983/cal/gwas/10136/21731/white_british/ukb24983_v2_hg19.INI25845.genotyped.PHENO1.glm.linear.gz
/oak/stanford/groups/mrivas/ukbb24983/cal/gwas/10136/21731/white_british/ukb24983_v2_hg19.INI25846.genotyped.PHENO1.glm.linear.gz
/oak/stanford/groups/mrivas/ukbb24983/cal/gwas/10136/21731/white_british/ukb24983_v2_hg19.INI25847.genotyped.PHENO1.glm.linear.gz
/oak/stanford/groups/mrivas/ukbb24983/cal/gwas/10136/21731/white_british/ukb24983_v2_hg19.INI25848.genotyped.PHENO1.glm.linear.gz
/oak/stanford/groups/mrivas/ukbb24983/cal/gwas/10136/21731/white_british/ukb24983_v2_hg19.INI25849.genotyped.PHENO1.glm.linear.gz
/oak/stanford/groups/mrivas/ukbb24983/cal/gwas/10136/21731/white_british/ukb24983_v2_hg19.INI25850.genotyped.PHENO1.glm.linear.gz
/oak/stanford/groups/mrivas/ukbb24983/cal/gwas/10136/21731/white_british/ukb24983_v2_hg19.INI25851.genotyped.PHENO1.glm.linear.gz
/oak/stanford/groups/mrivas/ukbb24983/cal/gwas/10136/21731/white_british/ukb24983_v2_hg19.INI25852.genotyped.PHENO1.glm.linear.gz
/oak/stanford/groups/mrivas/ukbb24983/cal/gwas/10136/21731/white_british/ukb24983_v2_hg19.INI25853.genotyped.PHENO1.glm.linear.gz
/oak/stanford/groups/mrivas/ukbb24983/cal/gwas/10136/21731/white_british/ukb24983_v2_hg19.INI25854.genotyped.PHENO1.glm.linear.gz
/oak/stanford/groups/mrivas/ukbb24983/cal/gwas/10136/21731/white_british/ukb24983_v2_hg19.INI25855.genotyped.PHENO1.glm.linear.gz
/oak/stanford/groups/mrivas/ukbb24983/cal/gwas/10136/21731/white_british/ukb24983_v2_hg19.INI25856.genotyped.PHENO1.glm.linear.gz
/oak/stanford/groups/mrivas/ukbb24983/cal/gwas/10136/21731/white_british/ukb24983_v2_hg19.INI25857.genotyped.PHENO1.glm.linear.gz
/oak/stanford/groups/mrivas/ukbb24983/cal/gwas/10136/21731/white_british/ukb24983_v2_hg19.INI25858.genotyped.PHENO1.glm.linear.gz
/oak/stanford/groups/mrivas/ukbb24983/cal/gwas/10136/21731/white_british/ukb24983_v2_hg19.INI25859.genotyped.PHENO1.glm.linear.gz
/oak/stanford/groups/mrivas/ukbb24983/cal/gwas/10136/21731/white_british/ukb24983_v2_hg19.INI25860.genotyped.PHENO1.glm.linear.gz
/oak/stanford/groups/mrivas/ukbb24983/cal/gwas/10136/21731/white_british/ukb24983_v2_hg19.INI25861.genotyped.PHENO1.glm.linear.gz
/oak/stanford/groups/mrivas/ukbb24983/cal/gwas/10136/21731/white_british/ukb24983_v2_hg19.INI25862.genotyped.PHENO1.glm.linear.gz
/oak/stanford/groups/mrivas/ukbb24983/cal/gwas/10136/21731/white_british/ukb24983_v2_hg19.INI25863.genotyped.PHENO1.glm.linear.gz
/oak/stanford/groups/mrivas/ukbb24983/cal/gwas/10136/21731/white_british/ukb24983_v2_hg19.INI25864.genotyped.PHENO1.glm.linear.gz
/oak/stanford/groups/mrivas/ukbb24983/cal/gwas/10136/21731/white_british/ukb24983_v2_hg19.INI25865.genotyped.PHENO1.glm.linear.gz
/oak/stanford/groups/mrivas/ukbb24983/cal/gwas/10136/21731/white_british/ukb24983_v2_hg19.INI25866.genotyped.PHENO1.glm.linear.gz
/oak/stanford/groups/mrivas/ukbb24983/cal/gwas/10136/21731/white_british/ukb24983_v2_hg19.INI25867.genotyped.PHENO1.glm.linear.gz
/oak/stanford/groups/mrivas/ukbb24983/cal/gwas/10136/21731/white_british/ukb24983_v2_hg19.INI25868.genotyped.PHENO1.glm.linear.gz
/oak/stanford/groups/mrivas/ukbb24983/cal/gwas/10136/21731/white_british/ukb24983_v2_hg19.INI25869.genotyped.PHENO1.glm.linear.gz
/oak/stanford/groups/mrivas/ukbb24983/cal/gwas/10136/21731/white_british/ukb24983_v2_hg19.INI25870.genotyped.PHENO1.glm.linear.gz
/oak/stanford/groups/mrivas/ukbb24983/cal/gwas/10136/21731/white_british/ukb24983_v2_hg19.INI25871.genotyped.PHENO1.glm.linear.gz
/oak/stanford/groups/mrivas/ukbb24983/cal/gwas/10136/21731/white_british/ukb24983_v2_hg19.INI25872.genotyped.PHENO1.glm.linear.gz
/oak/stanford/groups/mrivas/ukbb24983/cal/gwas/10136/21731/white_british/ukb24983_v2_hg19.INI25873.genotyped.PHENO1.glm.linear.gz
/oak/stanford/groups/mrivas/ukbb24983/cal/gwas/10136/21731/white_british/ukb24983_v2_hg19.INI25874.genotyped.PHENO1.glm.linear.gz
/oak/stanford/groups/mrivas/ukbb24983/cal/gwas/10136/21731/white_british/ukb24983_v2_hg19.INI25875.genotyped.PHENO1.glm.linear.gz
/oak/stanford/groups/mrivas/ukbb24983/cal/gwas/10136/21731/white_british/ukb24983_v2_hg19.INI25876.genotyped.PHENO1.glm.linear.gz
/oak/stanford/groups/mrivas/ukbb24983/cal/gwas/10136/21731/white_british/ukb24983_v2_hg19.INI25877.genotyped.PHENO1.glm.linear.gz
/oak/stanford/groups/mrivas/ukbb24983/cal/gwas/10136/21731/white_british/ukb24983_v2_hg19.INI25878.genotyped.PHENO1.glm.linear.gz
/oak/stanford/groups/mrivas/ukbb24983/cal/gwas/10136/21731/white_british/ukb24983_v2_hg19.INI25879.genotyped.PHENO1.glm.linear.gz
/oak/stanford/groups/mrivas/ukbb24983/cal/gwas/10136/21731/white_british/ukb24983_v2_hg19.INI25880.genotyped.PHENO1.glm.linear.gz
/oak/stanford/groups/mrivas/ukbb24983/cal/gwas/10136/21731/white_british/ukb24983_v2_hg19.INI25881.genotyped.PHENO1.glm.linear.gz
/oak/stanford/groups/mrivas/ukbb24983/cal/gwas/10136/21731/white_british/ukb24983_v2_hg19.INI25882.genotyped.PHENO1.glm.linear.gz
/oak/stanford/groups/mrivas/ukbb24983/cal/gwas/10136/21731/white_british/ukb24983_v2_hg19.INI25883.genotyped.PHENO1.glm.linear.gz
/oak/stanford/groups/mrivas/ukbb24983/cal/gwas/10136/21731/white_british/ukb24983_v2_hg19.INI25884.genotyped.PHENO1.glm.linear.gz
/oak/stanford/groups/mrivas/ukbb24983/cal/gwas/10136/21731/white_british/ukb24983_v2_hg19.INI25885.genotyped.PHENO1.glm.linear.gz
/oak/stanford/groups/mrivas/ukbb24983/cal/gwas/10136/21731/white_british/ukb24983_v2_hg19.INI25886.genotyped.PHENO1.glm.linear.gz
/oak/stanford/groups/mrivas/ukbb24983/cal/gwas/10136/21731/white_british/ukb24983_v2_hg19.INI25887.genotyped.PHENO1.glm.linear.gz
/oak/stanford/groups/mrivas/ukbb24983/cal/gwas/10136/21731/white_british/ukb24983_v2_hg19.INI25888.genotyped.PHENO1.glm.linear.gz
/oak/stanford/groups/mrivas/ukbb24983/cal/gwas/10136/21731/white_british/ukb24983_v2_hg19.INI25889.genotyped.PHENO1.glm.linear.gz
/oak/stanford/groups/mrivas/ukbb24983/cal/gwas/10136/21731/white_british/ukb24983_v2_hg19.INI25890.genotyped.PHENO1.glm.linear.gz
/oak/stanford/groups/mrivas/ukbb24983/cal/gwas/10136/21731/white_british/ukb24983_v2_hg19.INI25891.genotyped.PHENO1.glm.linear.gz
/oak/stanford/groups/mrivas/ukbb24983/cal/gwas/10136/21731/white_british/ukb24983_v2_hg19.INI25892.genotyped.PHENO1.glm.linear.gz
/oak/stanford/groups/mrivas/ukbb24983/cal/gwas/10136/21731/white_british/ukb24983_v2_hg19.INI25893.genotyped.PHENO1.glm.linear.gz
/oak/stanford/groups/mrivas/ukbb24983/cal/gwas/10136/21731/white_british/ukb24983_v2_hg19.INI25894.genotyped.PHENO1.glm.linear.gz
/oak/stanford/groups/mrivas/ukbb24983/cal/gwas/10136/21731/white_british/ukb24983_v2_hg19.INI25895.genotyped.PHENO1.glm.linear.gz
/oak/stanford/groups/mrivas/ukbb24983/cal/gwas/10136/21731/white_british/ukb24983_v2_hg19.INI25896.genotyped.PHENO1.glm.linear.gz
/oak/stanford/groups/mrivas/ukbb24983/cal/gwas/10136/21731/white_british/ukb24983_v2_hg19.INI25897.genotyped.PHENO1.glm.linear.gz
/oak/stanford/groups/mrivas/ukbb24983/cal/gwas/10136/21731/white_british/ukb24983_v2_hg19.INI25898.genotyped.PHENO1.glm.linear.gz
/oak/stanford/groups/mrivas/ukbb24983/cal/gwas/10136/21731/white_british/ukb24983_v2_hg19.INI25899.genotyped.PHENO1.glm.linear.gz
/oak/stanford/groups/mrivas/ukbb24983/cal/gwas/10136/21731/white_british/ukb24983_v2_hg19.INI25900.genotyped.PHENO1.glm.linear.gz
/oak/stanford/groups/mrivas/ukbb24983/cal/gwas/10136/21731/white_british/ukb24983_v2_hg19.INI25901.genotyped.PHENO1.glm.linear.gz
/oak/stanford/groups/mrivas/ukbb24983/cal/gwas/10136/21731/white_british/ukb24983_v2_hg19.INI25902.genotyped.PHENO1.glm.linear.gz
/oak/stanford/groups/mrivas/ukbb24983/cal/gwas/10136/21731/white_british/ukb24983_v2_hg19.INI25903.genotyped.PHENO1.glm.linear.gz
/oak/stanford/groups/mrivas/ukbb24983/cal/gwas/10136/21731/white_british/ukb24983_v2_hg19.INI25904.genotyped.PHENO1.glm.linear.gz
/oak/stanford/groups/mrivas/ukbb24983/cal/gwas/10136/21731/white_british/ukb24983_v2_hg19.INI25905.genotyped.PHENO1.glm.linear.gz
/oak/stanford/groups/mrivas/ukbb24983/cal/gwas/10136/21731/white_british/ukb24983_v2_hg19.INI25906.genotyped.PHENO1.glm.linear.gz
/oak/stanford/groups/mrivas/ukbb24983/cal/gwas/10136/21731/white_british/ukb24983_v2_hg19.INI25907.genotyped.PHENO1.glm.linear.gz
/oak/stanford/groups/mrivas/ukbb24983/cal/gwas/10136/21731/white_british/ukb24983_v2_hg19.INI25908.genotyped.PHENO1.glm.linear.gz
/oak/stanford/groups/mrivas/ukbb24983/cal/gwas/10136/21731/white_british/ukb24983_v2_hg19.INI25909.genotyped.PHENO1.glm.linear.gz
/oak/stanford/groups/mrivas/ukbb24983/cal/gwas/10136/21731/white_british/ukb24983_v2_hg19.INI25910.genotyped.PHENO1.glm.linear.gz
/oak/stanford/groups/mrivas/ukbb24983/cal/gwas/10136/21731/white_british/ukb24983_v2_hg19.INI25911.genotyped.PHENO1.glm.linear.gz
/oak/stanford/groups/mrivas/ukbb24983/cal/gwas/10136/21731/white_british/ukb24983_v2_hg19.INI25912.genotyped.PHENO1.glm.linear.gz
/oak/stanford/groups/mrivas/ukbb24983/cal/gwas/10136/21731/white_british/ukb24983_v2_hg19.INI25913.genotyped.PHENO1.glm.linear.gz
/oak/stanford/groups/mrivas/ukbb24983/cal/gwas/10136/21731/white_british/ukb24983_v2_hg19.INI25914.genotyped.PHENO1.glm.linear.gz
/oak/stanford/groups/mrivas/ukbb24983/cal/gwas/10136/21731/white_british/ukb24983_v2_hg19.INI25915.genotyped.PHENO1.glm.linear.gz
/oak/stanford/groups/mrivas/ukbb24983/cal/gwas/10136/21731/white_british/ukb24983_v2_hg19.INI25916.genotyped.PHENO1.glm.linear.gz
/oak/stanford/groups/mrivas/ukbb24983/cal/gwas/10136/21731/white_british/ukb24983_v2_hg19.INI25917.genotyped.PHENO1.glm.linear.gz
/oak/stanford/groups/mrivas/ukbb24983/cal/gwas/10136/21731/white_british/ukb24983_v2_hg19.INI25918.genotyped.PHENO1.glm.linear.gz
/oak/stanford/groups/mrivas/ukbb24983/cal/gwas/10136/21731/white_british/ukb24983_v2_hg19.INI25919.genotyped.PHENO1.glm.linear.gz
/oak/stanford/groups/mrivas/ukbb24983/cal/gwas/10136/21731/white_british/ukb24983_v2_hg19.INI25920.genotyped.PHENO1.glm.linear.gz
/oak/stanford/groups/mrivas/ukbb24983/cal/gwas/9796/24611/white_british/ukb24983_v2_hg19.INI25741.genotyped.PHENO1.glm.linear.gz
/oak/stanford/groups/mrivas/ukbb24983/cal/gwas/9796/24611/white_british/ukb24983_v2_hg19.INI25744.genotyped.PHENO1.glm.linear.gz
/oak/stanford/groups/mrivas/ukbb24983/cal/gwas/9796/24611/white_british/ukb24983_v2_hg19.INI25026.genotyped.PHENO1.glm.linear.gz
/oak/stanford/groups/mrivas/ukbb24983/cal/gwas/9796/24611/white_british/ukb24983_v2_hg19.INI25027.genotyped.PHENO1.glm.linear.gz
/oak/stanford/groups/mrivas/ukbb24983/cal/gwas/9796/24611/white_british/ukb24983_v2_hg19.INI25028.genotyped.PHENO1.glm.linear.gz
/oak/stanford/groups/mrivas/ukbb24983/cal/gwas/9796/24611/white_british/ukb24983_v2_hg19.INI25029.genotyped.PHENO1.glm.linear.gz
/oak/stanford/groups/mrivas/ukbb24983/cal/gwas/9796/24611/white_british/ukb24983_v2_hg19.INI25030.genotyped.PHENO1.glm.linear.gz
/oak/stanford/groups/mrivas/ukbb24983/cal/gwas/9796/24611/white_british/ukb24983_v2_hg19.INI25031.genotyped.PHENO1.glm.linear.gz
/oak/stanford/groups/mrivas/ukbb24983/cal/gwas/9796/24611/white_british/ukb24983_v2_hg19.INI25032.genotyped.PHENO1.glm.linear.gz
/oak/stanford/groups/mrivas/ukbb24983/cal/gwas/9796/24611/white_british/ukb24983_v2_hg19.INI25033.genotyped.PHENO1.glm.linear.gz
/oak/stanford/groups/mrivas/ukbb24983/cal/gwas/9796/24611/white_british/ukb24983_v2_hg19.INI25034.genotyped.PHENO1.glm.linear.gz
/oak/stanford/groups/mrivas/ukbb24983/cal/gwas/9796/24611/white_british/ukb24983_v2_hg19.INI25035.genotyped.PHENO1.glm.linear.gz
/oak/stanford/groups/mrivas/ukbb24983/cal/gwas/9796/24611/white_british/ukb24983_v2_hg19.INI25036.genotyped.PHENO1.glm.linear.gz
/oak/stanford/groups/mrivas/ukbb24983/cal/gwas/9796/24611/white_british/ukb24983_v2_hg19.INI25037.genotyped.PHENO1.glm.linear.gz
/oak/stanford/groups/mrivas/ukbb24983/cal/gwas/9796/24611/white_british/ukb24983_v2_hg19.INI25038.genotyped.PHENO1.glm.linear.gz
/oak/stanford/groups/mrivas/ukbb24983/cal/gwas/9796/24611/white_british/ukb24983_v2_hg19.INI25039.genotyped.PHENO1.glm.linear.gz
/oak/stanford/groups/mrivas/ukbb24983/cal/gwas/10136/21731/white_british/ukb24983_v2_hg19.INI25781.genotyped.PHENO1.glm.linear.gz
/oak/stanford/groups/mrivas/ukbb24983/cal/gwas/9796/24611/white_british/ukb24983_v2_hg19.INI25040.genotyped.PHENO1.glm.linear.gz
/oak/stanford/groups/mrivas/ukbb24983/cal/gwas/9796/24611/white_british/ukb24983_v2_hg19.INI25042.genotyped.PHENO1.glm.linear.gz
/oak/stanford/groups/mrivas/ukbb24983/cal/gwas/9796/24611/white_british/ukb24983_v2_hg19.INI25044.genotyped.PHENO1.glm.linear.gz
/oak/stanford/groups/mrivas/ukbb24983/cal/gwas/9796/24611/white_british/ukb24983_v2_hg19.INI25046.genotyped.PHENO1.glm.linear.gz
/oak/stanford/groups/mrivas/ukbb24983/cal/gwas/9796/24611/white_british/ukb24983_v2_hg19.INI25048.genotyped.PHENO1.glm.linear.gz
/oak/stanford/groups/mrivas/ukbb24983/cal/gwas/9796/24611/white_british/ukb24983_v2_hg19.INI25050.genotyped.PHENO1.glm.linear.gz
/oak/stanford/groups/mrivas/ukbb24983/cal/gwas/9796/24611/white_british/ukb24983_v2_hg19.INI25052.genotyped.PHENO1.glm.linear.gz
/oak/stanford/groups/mrivas/ukbb24983/cal/gwas/9796/24611/white_british/ukb24983_v2_hg19.INI25054.genotyped.PHENO1.glm.linear.gz
/oak/stanford/groups/mrivas/ukbb24983/cal/gwas/9796/24611/white_british/ukb24983_v2_hg19.INI25742.genotyped.PHENO1.glm.linear.gz
/oak/stanford/groups/mrivas/ukbb24983/cal/gwas/9796/24611/white_british/ukb24983_v2_hg19.INI25761.genotyped.PHENO1.glm.linear.gz
/oak/stanford/groups/mrivas/ukbb24983/cal/gwas/9796/24611/white_british/ukb24983_v2_hg19.INI25762.genotyped.PHENO1.glm.linear.gz
/oak/stanford/groups/mrivas/ukbb24983/cal/gwas/9796/24611/white_british/ukb24983_v2_hg19.INI25763.genotyped.PHENO1.glm.linear.gz
/oak/stanford/groups/mrivas/ukbb24983/cal/gwas/9796/24611/white_british/ukb24983_v2_hg19.INI25764.genotyped.PHENO1.glm.linear.gz
/oak/stanford/groups/mrivas/ukbb24983/cal/gwas/9796/24611/white_british/ukb24983_v2_hg19.INI25765.genotyped.PHENO1.glm.linear.gz
/oak/stanford/groups/mrivas/ukbb24983/cal/gwas/9796/24611/white_british/ukb24983_v2_hg19.INI25766.genotyped.PHENO1.glm.linear.gz
/oak/stanford/groups/mrivas/ukbb24983/cal/gwas/9796/24611/white_british/ukb24983_v2_hg19.INI25767.genotyped.PHENO1.glm.linear.gz
/oak/stanford/groups/mrivas/ukbb24983/cal/gwas/9796/24611/white_british/ukb24983_v2_hg19.INI25768.genotyped.PHENO1.glm.linear.gz
/oak/stanford/groups/mrivas/ukbb24983/cal/gwas/9796/24611/white_british/ukb24983_v2_hg19.INI25056.genotyped.PHENO1.glm.linear.gz
/oak/stanford/groups/mrivas/ukbb24983/cal/gwas/9796/24611/white_british/ukb24983_v2_hg19.INI25057.genotyped.PHENO1.glm.linear.gz
/oak/stanford/groups/mrivas/ukbb24983/cal/gwas/9796/24611/white_british/ukb24983_v2_hg19.INI25058.genotyped.PHENO1.glm.linear.gz
/oak/stanford/groups/mrivas/ukbb24983/cal/gwas/9796/24611/white_british/ukb24983_v2_hg19.INI25059.genotyped.PHENO1.glm.linear.gz
/oak/stanford/groups/mrivas/ukbb24983/cal/gwas/9796/24611/white_british/ukb24983_v2_hg19.INI25060.genotyped.PHENO1.glm.linear.gz
/oak/stanford/groups/mrivas/ukbb24983/cal/gwas/9796/24611/white_british/ukb24983_v2_hg19.INI25061.genotyped.PHENO1.glm.linear.gz
/oak/stanford/groups/mrivas/ukbb24983/cal/gwas/9796/24611/white_british/ukb24983_v2_hg19.INI25062.genotyped.PHENO1.glm.linear.gz
/oak/stanford/groups/mrivas/ukbb24983/cal/gwas/9796/24611/white_british/ukb24983_v2_hg19.INI25063.genotyped.PHENO1.glm.linear.gz
/oak/stanford/groups/mrivas/ukbb24983/cal/gwas/9796/24611/white_british/ukb24983_v2_hg19.INI25064.genotyped.PHENO1.glm.linear.gz
/oak/stanford/groups/mrivas/ukbb24983/cal/gwas/9796/24611/white_british/ukb24983_v2_hg19.INI25065.genotyped.PHENO1.glm.linear.gz
/oak/stanford/groups/mrivas/ukbb24983/cal/gwas/9796/24611/white_british/ukb24983_v2_hg19.INI25066.genotyped.PHENO1.glm.linear.gz
/oak/stanford/groups/mrivas/ukbb24983/cal/gwas/9796/24611/white_british/ukb24983_v2_hg19.INI25067.genotyped.PHENO1.glm.linear.gz
/oak/stanford/groups/mrivas/ukbb24983/cal/gwas/9796/24611/white_british/ukb24983_v2_hg19.INI25068.genotyped.PHENO1.glm.linear.gz
/oak/stanford/groups/mrivas/ukbb24983/cal/gwas/9796/24611/white_british/ukb24983_v2_hg19.INI25069.genotyped.PHENO1.glm.linear.gz
/oak/stanford/groups/mrivas/ukbb24983/cal/gwas/9796/24611/white_british/ukb24983_v2_hg19.INI25070.genotyped.PHENO1.glm.linear.gz
/oak/stanford/groups/mrivas/ukbb24983/cal/gwas/9796/24611/white_british/ukb24983_v2_hg19.INI25071.genotyped.PHENO1.glm.linear.gz
/oak/stanford/groups/mrivas/ukbb24983/cal/gwas/9796/24611/white_british/ukb24983_v2_hg19.INI25072.genotyped.PHENO1.glm.linear.gz
/oak/stanford/groups/mrivas/ukbb24983/cal/gwas/9796/24611/white_british/ukb24983_v2_hg19.INI25073.genotyped.PHENO1.glm.linear.gz
/oak/stanford/groups/mrivas/ukbb24983/cal/gwas/9796/24611/white_british/ukb24983_v2_hg19.INI25074.genotyped.PHENO1.glm.linear.gz
/oak/stanford/groups/mrivas/ukbb24983/cal/gwas/9796/24611/white_british/ukb24983_v2_hg19.INI25075.genotyped.PHENO1.glm.linear.gz
/oak/stanford/groups/mrivas/ukbb24983/cal/gwas/9796/24611/white_british/ukb24983_v2_hg19.INI25076.genotyped.PHENO1.glm.linear.gz
/oak/stanford/groups/mrivas/ukbb24983/cal/gwas/9796/24611/white_british/ukb24983_v2_hg19.INI25077.genotyped.PHENO1.glm.linear.gz
/oak/stanford/groups/mrivas/ukbb24983/cal/gwas/9796/24611/white_british/ukb24983_v2_hg19.INI25078.genotyped.PHENO1.glm.linear.gz
/oak/stanford/groups/mrivas/ukbb24983/cal/gwas/9796/24611/white_british/ukb24983_v2_hg19.INI25079.genotyped.PHENO1.glm.linear.gz
/oak/stanford/groups/mrivas/ukbb24983/cal/gwas/9796/24611/white_british/ukb24983_v2_hg19.INI25080.genotyped.PHENO1.glm.linear.gz
/oak/stanford/groups/mrivas/ukbb24983/cal/gwas/9796/24611/white_british/ukb24983_v2_hg19.INI25081.genotyped.PHENO1.glm.linear.gz
/oak/stanford/groups/mrivas/ukbb24983/cal/gwas/9796/24611/white_british/ukb24983_v2_hg19.INI25082.genotyped.PHENO1.glm.linear.gz
/oak/stanford/groups/mrivas/ukbb24983/cal/gwas/9796/24611/white_british/ukb24983_v2_hg19.INI25083.genotyped.PHENO1.glm.linear.gz
/oak/stanford/groups/mrivas/ukbb24983/cal/gwas/9796/24611/white_british/ukb24983_v2_hg19.INI25084.genotyped.PHENO1.glm.linear.gz
/oak/stanford/groups/mrivas/ukbb24983/cal/gwas/9796/24611/white_british/ukb24983_v2_hg19.INI25085.genotyped.PHENO1.glm.linear.gz
/oak/stanford/groups/mrivas/ukbb24983/cal/gwas/9796/24611/white_british/ukb24983_v2_hg19.INI25086.genotyped.PHENO1.glm.linear.gz
/oak/stanford/groups/mrivas/ukbb24983/cal/gwas/9796/24611/white_british/ukb24983_v2_hg19.INI25087.genotyped.PHENO1.glm.linear.gz
/oak/stanford/groups/mrivas/ukbb24983/cal/gwas/9796/24611/white_british/ukb24983_v2_hg19.INI25088.genotyped.PHENO1.glm.linear.gz
/oak/stanford/groups/mrivas/ukbb24983/cal/gwas/9796/24611/white_british/ukb24983_v2_hg19.INI25089.genotyped.PHENO1.glm.linear.gz
/oak/stanford/groups/mrivas/ukbb24983/cal/gwas/9796/24611/white_british/ukb24983_v2_hg19.INI25090.genotyped.PHENO1.glm.linear.gz
/oak/stanford/groups/mrivas/ukbb24983/cal/gwas/9796/24611/white_british/ukb24983_v2_hg19.INI25091.genotyped.PHENO1.glm.linear.gz
/oak/stanford/groups/mrivas/ukbb24983/cal/gwas/9796/24611/white_british/ukb24983_v2_hg19.INI25092.genotyped.PHENO1.glm.linear.gz
/oak/stanford/groups/mrivas/ukbb24983/cal/gwas/9796/24611/white_british/ukb24983_v2_hg19.INI25093.genotyped.PHENO1.glm.linear.gz
/oak/stanford/groups/mrivas/ukbb24983/cal/gwas/9796/24611/white_british/ukb24983_v2_hg19.INI25094.genotyped.PHENO1.glm.linear.gz
/oak/stanford/groups/mrivas/ukbb24983/cal/gwas/9796/24611/white_british/ukb24983_v2_hg19.INI25095.genotyped.PHENO1.glm.linear.gz
/oak/stanford/groups/mrivas/ukbb24983/cal/gwas/9796/24611/white_british/ukb24983_v2_hg19.INI25096.genotyped.PHENO1.glm.linear.gz
/oak/stanford/groups/mrivas/ukbb24983/cal/gwas/9796/24611/white_british/ukb24983_v2_hg19.INI25097.genotyped.PHENO1.glm.linear.gz
/oak/stanford/groups/mrivas/ukbb24983/cal/gwas/9796/24611/white_british/ukb24983_v2_hg19.INI25098.genotyped.PHENO1.glm.linear.gz
/oak/stanford/groups/mrivas/ukbb24983/cal/gwas/9796/24611/white_british/ukb24983_v2_hg19.INI25099.genotyped.PHENO1.glm.linear.gz
/oak/stanford/groups/mrivas/ukbb24983/cal/gwas/9796/24611/white_british/ukb24983_v2_hg19.INI25100.genotyped.PHENO1.glm.linear.gz
/oak/stanford/groups/mrivas/ukbb24983/cal/gwas/9796/24611/white_british/ukb24983_v2_hg19.INI25101.genotyped.PHENO1.glm.linear.gz
/oak/stanford/groups/mrivas/ukbb24983/cal/gwas/9796/24611/white_british/ukb24983_v2_hg19.INI25102.genotyped.PHENO1.glm.linear.gz
/oak/stanford/groups/mrivas/ukbb24983/cal/gwas/9796/24611/white_british/ukb24983_v2_hg19.INI25103.genotyped.PHENO1.glm.linear.gz
/oak/stanford/groups/mrivas/ukbb24983/cal/gwas/9796/24611/white_british/ukb24983_v2_hg19.INI25344.genotyped.PHENO1.glm.linear.gz
/oak/stanford/groups/mrivas/ukbb24983/cal/gwas/9796/24611/white_british/ukb24983_v2_hg19.INI25345.genotyped.PHENO1.glm.linear.gz
/oak/stanford/groups/mrivas/ukbb24983/cal/gwas/9796/24611/white_british/ukb24983_v2_hg19.INI25346.genotyped.PHENO1.glm.linear.gz
/oak/stanford/groups/mrivas/ukbb24983/cal/gwas/9796/24611/white_british/ukb24983_v2_hg19.INI25347.genotyped.PHENO1.glm.linear.gz
/oak/stanford/groups/mrivas/ukbb24983/cal/gwas/9796/24611/white_british/ukb24983_v2_hg19.INI25348.genotyped.PHENO1.glm.linear.gz
/oak/stanford/groups/mrivas/ukbb24983/cal/gwas/9796/24611/white_british/ukb24983_v2_hg19.INI25349.genotyped.PHENO1.glm.linear.gz
/oak/stanford/groups/mrivas/ukbb24983/cal/gwas/9796/24611/white_british/ukb24983_v2_hg19.INI25350.genotyped.PHENO1.glm.linear.gz
/oak/stanford/groups/mrivas/ukbb24983/cal/gwas/9796/24611/white_british/ukb24983_v2_hg19.INI25351.genotyped.PHENO1.glm.linear.gz
/oak/stanford/groups/mrivas/ukbb24983/cal/gwas/9796/24611/white_british/ukb24983_v2_hg19.INI25352.genotyped.PHENO1.glm.linear.gz
/oak/stanford/groups/mrivas/ukbb24983/cal/gwas/9796/24611/white_british/ukb24983_v2_hg19.INI25353.genotyped.PHENO1.glm.linear.gz
/oak/stanford/groups/mrivas/ukbb24983/cal/gwas/9796/24611/white_british/ukb24983_v2_hg19.INI25354.genotyped.PHENO1.glm.linear.gz
/oak/stanford/groups/mrivas/ukbb24983/cal/gwas/9796/24611/white_british/ukb24983_v2_hg19.INI25355.genotyped.PHENO1.glm.linear.gz
/oak/stanford/groups/mrivas/ukbb24983/cal/gwas/9796/24611/white_british/ukb24983_v2_hg19.INI25356.genotyped.PHENO1.glm.linear.gz
/oak/stanford/groups/mrivas/ukbb24983/cal/gwas/9796/24611/white_british/ukb24983_v2_hg19.INI25357.genotyped.PHENO1.glm.linear.gz
/oak/stanford/groups/mrivas/ukbb24983/cal/gwas/9796/24611/white_british/ukb24983_v2_hg19.INI25358.genotyped.PHENO1.glm.linear.gz
/oak/stanford/groups/mrivas/ukbb24983/cal/gwas/9796/24611/white_british/ukb24983_v2_hg19.INI25359.genotyped.PHENO1.glm.linear.gz
/oak/stanford/groups/mrivas/ukbb24983/cal/gwas/9796/24611/white_british/ukb24983_v2_hg19.INI25360.genotyped.PHENO1.glm.linear.gz
/oak/stanford/groups/mrivas/ukbb24983/cal/gwas/9796/24611/white_british/ukb24983_v2_hg19.INI25361.genotyped.PHENO1.glm.linear.gz
/oak/stanford/groups/mrivas/ukbb24983/cal/gwas/9796/24611/white_british/ukb24983_v2_hg19.INI25362.genotyped.PHENO1.glm.linear.gz
/oak/stanford/groups/mrivas/ukbb24983/cal/gwas/9796/24611/white_british/ukb24983_v2_hg19.INI25363.genotyped.PHENO1.glm.linear.gz
/oak/stanford/groups/mrivas/ukbb24983/cal/gwas/9796/24611/white_british/ukb24983_v2_hg19.INI25364.genotyped.PHENO1.glm.linear.gz
/oak/stanford/groups/mrivas/ukbb24983/cal/gwas/9796/24611/white_british/ukb24983_v2_hg19.INI25365.genotyped.PHENO1.glm.linear.gz
/oak/stanford/groups/mrivas/ukbb24983/cal/gwas/9796/24611/white_british/ukb24983_v2_hg19.INI25366.genotyped.PHENO1.glm.linear.gz
/oak/stanford/groups/mrivas/ukbb24983/cal/gwas/9796/24611/white_british/ukb24983_v2_hg19.INI25367.genotyped.PHENO1.glm.linear.gz
/oak/stanford/groups/mrivas/ukbb24983/cal/gwas/9796/24611/white_british/ukb24983_v2_hg19.INI25368.genotyped.PHENO1.glm.linear.gz
/oak/stanford/groups/mrivas/ukbb24983/cal/gwas/9796/24611/white_british/ukb24983_v2_hg19.INI25369.genotyped.PHENO1.glm.linear.gz
/oak/stanford/groups/mrivas/ukbb24983/cal/gwas/9796/24611/white_british/ukb24983_v2_hg19.INI25370.genotyped.PHENO1.glm.linear.gz
/oak/stanford/groups/mrivas/ukbb24983/cal/gwas/9796/24611/white_british/ukb24983_v2_hg19.INI25371.genotyped.PHENO1.glm.linear.gz
/oak/stanford/groups/mrivas/ukbb24983/cal/gwas/9796/24611/white_british/ukb24983_v2_hg19.INI25372.genotyped.PHENO1.glm.linear.gz
/oak/stanford/groups/mrivas/ukbb24983/cal/gwas/9796/24611/white_british/ukb24983_v2_hg19.INI25373.genotyped.PHENO1.glm.linear.gz
/oak/stanford/groups/mrivas/ukbb24983/cal/gwas/9796/24611/white_british/ukb24983_v2_hg19.INI25374.genotyped.PHENO1.glm.linear.gz
/oak/stanford/groups/mrivas/ukbb24983/cal/gwas/9796/24611/white_british/ukb24983_v2_hg19.INI25375.genotyped.PHENO1.glm.linear.gz
/oak/stanford/groups/mrivas/ukbb24983/cal/gwas/9796/24611/white_british/ukb24983_v2_hg19.INI25376.genotyped.PHENO1.glm.linear.gz
/oak/stanford/groups/mrivas/ukbb24983/cal/gwas/9796/24611/white_british/ukb24983_v2_hg19.INI25377.genotyped.PHENO1.glm.linear.gz
/oak/stanford/groups/mrivas/ukbb24983/cal/gwas/9796/24611/white_british/ukb24983_v2_hg19.INI25378.genotyped.PHENO1.glm.linear.gz
/oak/stanford/groups/mrivas/ukbb24983/cal/gwas/9796/24611/white_british/ukb24983_v2_hg19.INI25379.genotyped.PHENO1.glm.linear.gz
/oak/stanford/groups/mrivas/ukbb24983/cal/gwas/9796/24611/white_british/ukb24983_v2_hg19.INI25380.genotyped.PHENO1.glm.linear.gz
/oak/stanford/groups/mrivas/ukbb24983/cal/gwas/9796/24611/white_british/ukb24983_v2_hg19.INI25381.genotyped.PHENO1.glm.linear.gz
/oak/stanford/groups/mrivas/ukbb24983/cal/gwas/9796/24611/white_british/ukb24983_v2_hg19.INI25382.genotyped.PHENO1.glm.linear.gz
/oak/stanford/groups/mrivas/ukbb24983/cal/gwas/9796/24611/white_british/ukb24983_v2_hg19.INI25383.genotyped.PHENO1.glm.linear.gz
/oak/stanford/groups/mrivas/ukbb24983/cal/gwas/9796/24611/white_british/ukb24983_v2_hg19.INI25384.genotyped.PHENO1.glm.linear.gz
/oak/stanford/groups/mrivas/ukbb24983/cal/gwas/9796/24611/white_british/ukb24983_v2_hg19.INI25385.genotyped.PHENO1.glm.linear.gz
/oak/stanford/groups/mrivas/ukbb24983/cal/gwas/9796/24611/white_british/ukb24983_v2_hg19.INI25386.genotyped.PHENO1.glm.linear.gz
/oak/stanford/groups/mrivas/ukbb24983/cal/gwas/9796/24611/white_british/ukb24983_v2_hg19.INI25387.genotyped.PHENO1.glm.linear.gz
/oak/stanford/groups/mrivas/ukbb24983/cal/gwas/9796/24611/white_british/ukb24983_v2_hg19.INI25388.genotyped.PHENO1.glm.linear.gz
/oak/stanford/groups/mrivas/ukbb24983/cal/gwas/9796/24611/white_british/ukb24983_v2_hg19.INI25389.genotyped.PHENO1.glm.linear.gz
/oak/stanford/groups/mrivas/ukbb24983/cal/gwas/9796/24611/white_british/ukb24983_v2_hg19.INI25390.genotyped.PHENO1.glm.linear.gz
/oak/stanford/groups/mrivas/ukbb24983/cal/gwas/9796/24611/white_british/ukb24983_v2_hg19.INI25391.genotyped.PHENO1.glm.linear.gz
/oak/stanford/groups/mrivas/ukbb24983/cal/gwas/9796/24611/white_british/ukb24983_v2_hg19.INI25440.genotyped.PHENO1.glm.linear.gz
/oak/stanford/groups/mrivas/ukbb24983/cal/gwas/9796/24611/white_british/ukb24983_v2_hg19.INI25441.genotyped.PHENO1.glm.linear.gz
/oak/stanford/groups/mrivas/ukbb24983/cal/gwas/9796/24611/white_british/ukb24983_v2_hg19.INI25442.genotyped.PHENO1.glm.linear.gz
/oak/stanford/groups/mrivas/ukbb24983/cal/gwas/9796/24611/white_british/ukb24983_v2_hg19.INI25443.genotyped.PHENO1.glm.linear.gz
/oak/stanford/groups/mrivas/ukbb24983/cal/gwas/9796/24611/white_british/ukb24983_v2_hg19.INI25444.genotyped.PHENO1.glm.linear.gz
/oak/stanford/groups/mrivas/ukbb24983/cal/gwas/9796/24611/white_british/ukb24983_v2_hg19.INI25445.genotyped.PHENO1.glm.linear.gz
/oak/stanford/groups/mrivas/ukbb24983/cal/gwas/9796/24611/white_british/ukb24983_v2_hg19.INI25446.genotyped.PHENO1.glm.linear.gz
/oak/stanford/groups/mrivas/ukbb24983/cal/gwas/9796/24611/white_british/ukb24983_v2_hg19.INI25447.genotyped.PHENO1.glm.linear.gz
/oak/stanford/groups/mrivas/ukbb24983/cal/gwas/9796/24611/white_british/ukb24983_v2_hg19.INI25448.genotyped.PHENO1.glm.linear.gz
/oak/stanford/groups/mrivas/ukbb24983/cal/gwas/9796/24611/white_british/ukb24983_v2_hg19.INI25449.genotyped.PHENO1.glm.linear.gz
/oak/stanford/groups/mrivas/ukbb24983/cal/gwas/9796/24611/white_british/ukb24983_v2_hg19.INI25450.genotyped.PHENO1.glm.linear.gz
/oak/stanford/groups/mrivas/ukbb24983/cal/gwas/9796/24611/white_british/ukb24983_v2_hg19.INI25451.genotyped.PHENO1.glm.linear.gz
/oak/stanford/groups/mrivas/ukbb24983/cal/gwas/9796/24611/white_british/ukb24983_v2_hg19.INI25452.genotyped.PHENO1.glm.linear.gz
/oak/stanford/groups/mrivas/ukbb24983/cal/gwas/9796/24611/white_british/ukb24983_v2_hg19.INI25453.genotyped.PHENO1.glm.linear.gz
/oak/stanford/groups/mrivas/ukbb24983/cal/gwas/9796/24611/white_british/ukb24983_v2_hg19.INI25454.genotyped.PHENO1.glm.linear.gz
/oak/stanford/groups/mrivas/ukbb24983/cal/gwas/9796/24611/white_british/ukb24983_v2_hg19.INI25455.genotyped.PHENO1.glm.linear.gz
/oak/stanford/groups/mrivas/ukbb24983/cal/gwas/9796/24611/white_british/ukb24983_v2_hg19.INI25456.genotyped.PHENO1.glm.linear.gz
/oak/stanford/groups/mrivas/ukbb24983/cal/gwas/9796/24611/white_british/ukb24983_v2_hg19.INI25457.genotyped.PHENO1.glm.linear.gz
/oak/stanford/groups/mrivas/ukbb24983/cal/gwas/9796/24611/white_british/ukb24983_v2_hg19.INI25458.genotyped.PHENO1.glm.linear.gz
/oak/stanford/groups/mrivas/ukbb24983/cal/gwas/9796/24611/white_british/ukb24983_v2_hg19.INI25459.genotyped.PHENO1.glm.linear.gz
/oak/stanford/groups/mrivas/ukbb24983/cal/gwas/9796/24611/white_british/ukb24983_v2_hg19.INI25460.genotyped.PHENO1.glm.linear.gz
/oak/stanford/groups/mrivas/ukbb24983/cal/gwas/9796/24611/white_british/ukb24983_v2_hg19.INI25461.genotyped.PHENO1.glm.linear.gz
/oak/stanford/groups/mrivas/ukbb24983/cal/gwas/9796/24611/white_british/ukb24983_v2_hg19.INI25462.genotyped.PHENO1.glm.linear.gz
/oak/stanford/groups/mrivas/ukbb24983/cal/gwas/9796/24611/white_british/ukb24983_v2_hg19.INI25463.genotyped.PHENO1.glm.linear.gz
/oak/stanford/groups/mrivas/ukbb24983/cal/gwas/9796/24611/white_british/ukb24983_v2_hg19.INI25464.genotyped.PHENO1.glm.linear.gz
/oak/stanford/groups/mrivas/ukbb24983/cal/gwas/9796/24611/white_british/ukb24983_v2_hg19.INI25465.genotyped.PHENO1.glm.linear.gz
/oak/stanford/groups/mrivas/ukbb24983/cal/gwas/9796/24611/white_british/ukb24983_v2_hg19.INI25466.genotyped.PHENO1.glm.linear.gz
/oak/stanford/groups/mrivas/ukbb24983/cal/gwas/9796/24611/white_british/ukb24983_v2_hg19.INI25467.genotyped.PHENO1.glm.linear.gz
/oak/stanford/groups/mrivas/ukbb24983/cal/gwas/9796/24611/white_british/ukb24983_v2_hg19.INI25468.genotyped.PHENO1.glm.linear.gz
/oak/stanford/groups/mrivas/ukbb24983/cal/gwas/9796/24611/white_british/ukb24983_v2_hg19.INI25469.genotyped.PHENO1.glm.linear.gz
/oak/stanford/groups/mrivas/ukbb24983/cal/gwas/9796/24611/white_british/ukb24983_v2_hg19.INI25470.genotyped.PHENO1.glm.linear.gz
/oak/stanford/groups/mrivas/ukbb24983/cal/gwas/9796/24611/white_british/ukb24983_v2_hg19.INI25471.genotyped.PHENO1.glm.linear.gz
/oak/stanford/groups/mrivas/ukbb24983/cal/gwas/9796/24611/white_british/ukb24983_v2_hg19.INI25472.genotyped.PHENO1.glm.linear.gz
/oak/stanford/groups/mrivas/ukbb24983/cal/gwas/9796/24611/white_british/ukb24983_v2_hg19.INI25473.genotyped.PHENO1.glm.linear.gz
/oak/stanford/groups/mrivas/ukbb24983/cal/gwas/9796/24611/white_british/ukb24983_v2_hg19.INI25474.genotyped.PHENO1.glm.linear.gz
/oak/stanford/groups/mrivas/ukbb24983/cal/gwas/9796/24611/white_british/ukb24983_v2_hg19.INI25475.genotyped.PHENO1.glm.linear.gz
/oak/stanford/groups/mrivas/ukbb24983/cal/gwas/9796/24611/white_british/ukb24983_v2_hg19.INI25476.genotyped.PHENO1.glm.linear.gz
/oak/stanford/groups/mrivas/ukbb24983/cal/gwas/9796/24611/white_british/ukb24983_v2_hg19.INI25477.genotyped.PHENO1.glm.linear.gz
/oak/stanford/groups/mrivas/ukbb24983/cal/gwas/9796/24611/white_british/ukb24983_v2_hg19.INI25478.genotyped.PHENO1.glm.linear.gz
/oak/stanford/groups/mrivas/ukbb24983/cal/gwas/9796/24611/white_british/ukb24983_v2_hg19.INI25479.genotyped.PHENO1.glm.linear.gz
/oak/stanford/groups/mrivas/ukbb24983/cal/gwas/9796/24611/white_british/ukb24983_v2_hg19.INI25482.genotyped.PHENO1.glm.linear.gz
/oak/stanford/groups/mrivas/ukbb24983/cal/gwas/9796/24611/white_british/ukb24983_v2_hg19.INI25483.genotyped.PHENO1.glm.linear.gz
/oak/stanford/groups/mrivas/ukbb24983/cal/gwas/9796/24611/white_british/ukb24983_v2_hg19.INI25488.genotyped.PHENO1.glm.linear.gz
/oak/stanford/groups/mrivas/ukbb24983/cal/gwas/9796/24611/white_british/ukb24983_v2_hg19.INI25489.genotyped.PHENO1.glm.linear.gz
/oak/stanford/groups/mrivas/ukbb24983/cal/gwas/9796/24611/white_british/ukb24983_v2_hg19.INI25490.genotyped.PHENO1.glm.linear.gz
/oak/stanford/groups/mrivas/ukbb24983/cal/gwas/9796/24611/white_british/ukb24983_v2_hg19.INI25491.genotyped.PHENO1.glm.linear.gz
/oak/stanford/groups/mrivas/ukbb24983/cal/gwas/9796/24611/white_british/ukb24983_v2_hg19.INI25492.genotyped.PHENO1.glm.linear.gz
/oak/stanford/groups/mrivas/ukbb24983/cal/gwas/9796/24611/white_british/ukb24983_v2_hg19.INI25493.genotyped.PHENO1.glm.linear.gz
/oak/stanford/groups/mrivas/ukbb24983/cal/gwas/9796/24611/white_british/ukb24983_v2_hg19.INI25494.genotyped.PHENO1.glm.linear.gz
/oak/stanford/groups/mrivas/ukbb24983/cal/gwas/9796/24611/white_british/ukb24983_v2_hg19.INI25495.genotyped.PHENO1.glm.linear.gz
/oak/stanford/groups/mrivas/ukbb24983/cal/gwas/9796/24611/white_british/ukb24983_v2_hg19.INI25496.genotyped.PHENO1.glm.linear.gz
/oak/stanford/groups/mrivas/ukbb24983/cal/gwas/9796/24611/white_british/ukb24983_v2_hg19.INI25497.genotyped.PHENO1.glm.linear.gz
/oak/stanford/groups/mrivas/ukbb24983/cal/gwas/9796/24611/white_british/ukb24983_v2_hg19.INI25498.genotyped.PHENO1.glm.linear.gz
/oak/stanford/groups/mrivas/ukbb24983/cal/gwas/9796/24611/white_british/ukb24983_v2_hg19.INI25499.genotyped.PHENO1.glm.linear.gz
/oak/stanford/groups/mrivas/ukbb24983/cal/gwas/9796/24611/white_british/ukb24983_v2_hg19.INI25500.genotyped.PHENO1.glm.linear.gz
/oak/stanford/groups/mrivas/ukbb24983/cal/gwas/9796/24611/white_british/ukb24983_v2_hg19.INI25501.genotyped.PHENO1.glm.linear.gz
/oak/stanford/groups/mrivas/ukbb24983/cal/gwas/9796/24611/white_british/ukb24983_v2_hg19.INI25502.genotyped.PHENO1.glm.linear.gz
/oak/stanford/groups/mrivas/ukbb24983/cal/gwas/9796/24611/white_british/ukb24983_v2_hg19.INI25503.genotyped.PHENO1.glm.linear.gz
/oak/stanford/groups/mrivas/ukbb24983/cal/gwas/9796/24611/white_british/ukb24983_v2_hg19.INI25504.genotyped.PHENO1.glm.linear.gz
/oak/stanford/groups/mrivas/ukbb24983/cal/gwas/9796/24611/white_british/ukb24983_v2_hg19.INI25505.genotyped.PHENO1.glm.linear.gz
/oak/stanford/groups/mrivas/ukbb24983/cal/gwas/9796/24611/white_british/ukb24983_v2_hg19.INI25506.genotyped.PHENO1.glm.linear.gz
/oak/stanford/groups/mrivas/ukbb24983/cal/gwas/9796/24611/white_british/ukb24983_v2_hg19.INI25507.genotyped.PHENO1.glm.linear.gz
/oak/stanford/groups/mrivas/ukbb24983/cal/gwas/9796/24611/white_british/ukb24983_v2_hg19.INI25508.genotyped.PHENO1.glm.linear.gz
/oak/stanford/groups/mrivas/ukbb24983/cal/gwas/9796/24611/white_british/ukb24983_v2_hg19.INI25509.genotyped.PHENO1.glm.linear.gz
/oak/stanford/groups/mrivas/ukbb24983/cal/gwas/9796/24611/white_british/ukb24983_v2_hg19.INI25510.genotyped.PHENO1.glm.linear.gz
/oak/stanford/groups/mrivas/ukbb24983/cal/gwas/9796/24611/white_british/ukb24983_v2_hg19.INI25511.genotyped.PHENO1.glm.linear.gz
/oak/stanford/groups/mrivas/ukbb24983/cal/gwas/9796/24611/white_british/ukb24983_v2_hg19.INI25512.genotyped.PHENO1.glm.linear.gz
/oak/stanford/groups/mrivas/ukbb24983/cal/gwas/9796/24611/white_british/ukb24983_v2_hg19.INI25513.genotyped.PHENO1.glm.linear.gz
/oak/stanford/groups/mrivas/ukbb24983/cal/gwas/9796/24611/white_british/ukb24983_v2_hg19.INI25514.genotyped.PHENO1.glm.linear.gz
/oak/stanford/groups/mrivas/ukbb24983/cal/gwas/9796/24611/white_british/ukb24983_v2_hg19.INI25515.genotyped.PHENO1.glm.linear.gz
/oak/stanford/groups/mrivas/ukbb24983/cal/gwas/9796/24611/white_british/ukb24983_v2_hg19.INI25516.genotyped.PHENO1.glm.linear.gz
/oak/stanford/groups/mrivas/ukbb24983/cal/gwas/9796/24611/white_british/ukb24983_v2_hg19.INI25517.genotyped.PHENO1.glm.linear.gz
/oak/stanford/groups/mrivas/ukbb24983/cal/gwas/9796/24611/white_british/ukb24983_v2_hg19.INI25518.genotyped.PHENO1.glm.linear.gz
/oak/stanford/groups/mrivas/ukbb24983/cal/gwas/9796/24611/white_british/ukb24983_v2_hg19.INI25519.genotyped.PHENO1.glm.linear.gz
/oak/stanford/groups/mrivas/ukbb24983/cal/gwas/9796/24611/white_british/ukb24983_v2_hg19.INI25520.genotyped.PHENO1.glm.linear.gz
/oak/stanford/groups/mrivas/ukbb24983/cal/gwas/9796/24611/white_british/ukb24983_v2_hg19.INI25521.genotyped.PHENO1.glm.linear.gz
/oak/stanford/groups/mrivas/ukbb24983/cal/gwas/9796/24611/white_british/ukb24983_v2_hg19.INI25522.genotyped.PHENO1.glm.linear.gz
/oak/stanford/groups/mrivas/ukbb24983/cal/gwas/9796/24611/white_british/ukb24983_v2_hg19.INI25523.genotyped.PHENO1.glm.linear.gz
/oak/stanford/groups/mrivas/ukbb24983/cal/gwas/9796/24611/white_british/ukb24983_v2_hg19.INI25524.genotyped.PHENO1.glm.linear.gz
/oak/stanford/groups/mrivas/ukbb24983/cal/gwas/9796/24611/white_british/ukb24983_v2_hg19.INI25525.genotyped.PHENO1.glm.linear.gz
/oak/stanford/groups/mrivas/ukbb24983/cal/gwas/9796/24611/white_british/ukb24983_v2_hg19.INI25526.genotyped.PHENO1.glm.linear.gz
/oak/stanford/groups/mrivas/ukbb24983/cal/gwas/9796/24611/white_british/ukb24983_v2_hg19.INI25527.genotyped.PHENO1.glm.linear.gz
/oak/stanford/groups/mrivas/ukbb24983/cal/gwas/9796/24611/white_british/ukb24983_v2_hg19.INI25528.genotyped.PHENO1.glm.linear.gz
/oak/stanford/groups/mrivas/ukbb24983/cal/gwas/9796/24611/white_british/ukb24983_v2_hg19.INI25529.genotyped.PHENO1.glm.linear.gz
/oak/stanford/groups/mrivas/ukbb24983/cal/gwas/9796/24611/white_british/ukb24983_v2_hg19.INI25530.genotyped.PHENO1.glm.linear.gz
/oak/stanford/groups/mrivas/ukbb24983/cal/gwas/9796/24611/white_british/ukb24983_v2_hg19.INI25531.genotyped.PHENO1.glm.linear.gz
/oak/stanford/groups/mrivas/ukbb24983/cal/gwas/9796/24611/white_british/ukb24983_v2_hg19.INI25532.genotyped.PHENO1.glm.linear.gz
/oak/stanford/groups/mrivas/ukbb24983/cal/gwas/9796/24611/white_british/ukb24983_v2_hg19.INI25533.genotyped.PHENO1.glm.linear.gz
/oak/stanford/groups/mrivas/ukbb24983/cal/gwas/9796/24611/white_british/ukb24983_v2_hg19.INI25534.genotyped.PHENO1.glm.linear.gz
/oak/stanford/groups/mrivas/ukbb24983/cal/gwas/9796/24611/white_british/ukb24983_v2_hg19.INI25535.genotyped.PHENO1.glm.linear.gz
/oak/stanford/groups/mrivas/ukbb24983/cal/gwas/9796/24611/white_british/ukb24983_v2_hg19.INI25536.genotyped.PHENO1.glm.linear.gz
/oak/stanford/groups/mrivas/ukbb24983/cal/gwas/9796/24611/white_british/ukb24983_v2_hg19.INI25537.genotyped.PHENO1.glm.linear.gz
/oak/stanford/groups/mrivas/ukbb24983/cal/gwas/9796/24611/white_british/ukb24983_v2_hg19.INI25538.genotyped.PHENO1.glm.linear.gz
/oak/stanford/groups/mrivas/ukbb24983/cal/gwas/9796/24611/white_british/ukb24983_v2_hg19.INI25539.genotyped.PHENO1.glm.linear.gz
/oak/stanford/groups/mrivas/ukbb24983/cal/gwas/9796/24611/white_british/ukb24983_v2_hg19.INI25540.genotyped.PHENO1.glm.linear.gz
/oak/stanford/groups/mrivas/ukbb24983/cal/gwas/9796/24611/white_british/ukb24983_v2_hg19.INI25541.genotyped.PHENO1.glm.linear.gz
/oak/stanford/groups/mrivas/ukbb24983/cal/gwas/9796/24611/white_british/ukb24983_v2_hg19.INI25542.genotyped.PHENO1.glm.linear.gz
/oak/stanford/groups/mrivas/ukbb24983/cal/gwas/9796/24611/white_british/ukb24983_v2_hg19.INI25543.genotyped.PHENO1.glm.linear.gz
/oak/stanford/groups/mrivas/ukbb24983/cal/gwas/9796/24611/white_british/ukb24983_v2_hg19.INI25544.genotyped.PHENO1.glm.linear.gz
/oak/stanford/groups/mrivas/ukbb24983/cal/gwas/9796/24611/white_british/ukb24983_v2_hg19.INI25545.genotyped.PHENO1.glm.linear.gz
/oak/stanford/groups/mrivas/ukbb24983/cal/gwas/9796/24611/white_british/ukb24983_v2_hg19.INI25546.genotyped.PHENO1.glm.linear.gz
/oak/stanford/groups/mrivas/ukbb24983/cal/gwas/9796/24611/white_british/ukb24983_v2_hg19.INI25547.genotyped.PHENO1.glm.linear.gz
/oak/stanford/groups/mrivas/ukbb24983/cal/gwas/9796/24611/white_british/ukb24983_v2_hg19.INI25548.genotyped.PHENO1.glm.linear.gz
/oak/stanford/groups/mrivas/ukbb24983/cal/gwas/9796/24611/white_british/ukb24983_v2_hg19.INI25549.genotyped.PHENO1.glm.linear.gz
/oak/stanford/groups/mrivas/ukbb24983/cal/gwas/9796/24611/white_british/ukb24983_v2_hg19.INI25550.genotyped.PHENO1.glm.linear.gz
/oak/stanford/groups/mrivas/ukbb24983/cal/gwas/9796/24611/white_british/ukb24983_v2_hg19.INI25551.genotyped.PHENO1.glm.linear.gz
/oak/stanford/groups/mrivas/ukbb24983/cal/gwas/9796/24611/white_british/ukb24983_v2_hg19.INI25552.genotyped.PHENO1.glm.linear.gz
/oak/stanford/groups/mrivas/ukbb24983/cal/gwas/9796/24611/white_british/ukb24983_v2_hg19.INI25553.genotyped.PHENO1.glm.linear.gz
/oak/stanford/groups/mrivas/ukbb24983/cal/gwas/9796/24611/white_british/ukb24983_v2_hg19.INI25554.genotyped.PHENO1.glm.linear.gz
/oak/stanford/groups/mrivas/ukbb24983/cal/gwas/9796/24611/white_british/ukb24983_v2_hg19.INI25555.genotyped.PHENO1.glm.linear.gz
/oak/stanford/groups/mrivas/ukbb24983/cal/gwas/9796/24611/white_british/ukb24983_v2_hg19.INI25556.genotyped.PHENO1.glm.linear.gz
/oak/stanford/groups/mrivas/ukbb24983/cal/gwas/9796/24611/white_british/ukb24983_v2_hg19.INI25557.genotyped.PHENO1.glm.linear.gz
/oak/stanford/groups/mrivas/ukbb24983/cal/gwas/9796/24611/white_british/ukb24983_v2_hg19.INI25558.genotyped.PHENO1.glm.linear.gz
/oak/stanford/groups/mrivas/ukbb24983/cal/gwas/9796/24611/white_british/ukb24983_v2_hg19.INI25559.genotyped.PHENO1.glm.linear.gz
/oak/stanford/groups/mrivas/ukbb24983/cal/gwas/9796/24611/white_british/ukb24983_v2_hg19.INI25560.genotyped.PHENO1.glm.linear.gz
/oak/stanford/groups/mrivas/ukbb24983/cal/gwas/9796/24611/white_british/ukb24983_v2_hg19.INI25561.genotyped.PHENO1.glm.linear.gz
/oak/stanford/groups/mrivas/ukbb24983/cal/gwas/9796/24611/white_british/ukb24983_v2_hg19.INI25562.genotyped.PHENO1.glm.linear.gz
/oak/stanford/groups/mrivas/ukbb24983/cal/gwas/9796/24611/white_british/ukb24983_v2_hg19.INI25563.genotyped.PHENO1.glm.linear.gz
/oak/stanford/groups/mrivas/ukbb24983/cal/gwas/9796/24611/white_british/ukb24983_v2_hg19.INI25564.genotyped.PHENO1.glm.linear.gz
/oak/stanford/groups/mrivas/ukbb24983/cal/gwas/9796/24611/white_british/ukb24983_v2_hg19.INI25565.genotyped.PHENO1.glm.linear.gz
/oak/stanford/groups/mrivas/ukbb24983/cal/gwas/9796/24611/white_british/ukb24983_v2_hg19.INI25566.genotyped.PHENO1.glm.linear.gz
/oak/stanford/groups/mrivas/ukbb24983/cal/gwas/9796/24611/white_british/ukb24983_v2_hg19.INI25567.genotyped.PHENO1.glm.linear.gz
/oak/stanford/groups/mrivas/ukbb24983/cal/gwas/9796/24611/white_british/ukb24983_v2_hg19.INI25568.genotyped.PHENO1.glm.linear.gz
/oak/stanford/groups/mrivas/ukbb24983/cal/gwas/9796/24611/white_british/ukb24983_v2_hg19.INI25569.genotyped.PHENO1.glm.linear.gz
/oak/stanford/groups/mrivas/ukbb24983/cal/gwas/9796/24611/white_british/ukb24983_v2_hg19.INI25570.genotyped.PHENO1.glm.linear.gz
/oak/stanford/groups/mrivas/ukbb24983/cal/gwas/9796/24611/white_british/ukb24983_v2_hg19.INI25571.genotyped.PHENO1.glm.linear.gz
/oak/stanford/groups/mrivas/ukbb24983/cal/gwas/9796/24611/white_british/ukb24983_v2_hg19.INI25572.genotyped.PHENO1.glm.linear.gz
/oak/stanford/groups/mrivas/ukbb24983/cal/gwas/9796/24611/white_british/ukb24983_v2_hg19.INI25573.genotyped.PHENO1.glm.linear.gz
/oak/stanford/groups/mrivas/ukbb24983/cal/gwas/9796/24611/white_british/ukb24983_v2_hg19.INI25574.genotyped.PHENO1.glm.linear.gz
/oak/stanford/groups/mrivas/ukbb24983/cal/gwas/9796/24611/white_british/ukb24983_v2_hg19.INI25575.genotyped.PHENO1.glm.linear.gz
/oak/stanford/groups/mrivas/ukbb24983/cal/gwas/9796/24611/white_british/ukb24983_v2_hg19.INI25576.genotyped.PHENO1.glm.linear.gz
/oak/stanford/groups/mrivas/ukbb24983/cal/gwas/9796/24611/white_british/ukb24983_v2_hg19.INI25577.genotyped.PHENO1.glm.linear.gz
/oak/stanford/groups/mrivas/ukbb24983/cal/gwas/9796/24611/white_british/ukb24983_v2_hg19.INI25578.genotyped.PHENO1.glm.linear.gz
/oak/stanford/groups/mrivas/ukbb24983/cal/gwas/9796/24611/white_british/ukb24983_v2_hg19.INI25579.genotyped.PHENO1.glm.linear.gz
/oak/stanford/groups/mrivas/ukbb24983/cal/gwas/9796/24611/white_british/ukb24983_v2_hg19.INI25580.genotyped.PHENO1.glm.linear.gz
/oak/stanford/groups/mrivas/ukbb24983/cal/gwas/9796/24611/white_british/ukb24983_v2_hg19.INI25581.genotyped.PHENO1.glm.linear.gz
/oak/stanford/groups/mrivas/ukbb24983/cal/gwas/9796/24611/white_british/ukb24983_v2_hg19.INI25582.genotyped.PHENO1.glm.linear.gz
/oak/stanford/groups/mrivas/ukbb24983/cal/gwas/9796/24611/white_british/ukb24983_v2_hg19.INI25583.genotyped.PHENO1.glm.linear.gz
/oak/stanford/groups/mrivas/ukbb24983/cal/gwas/9796/24611/white_british/ukb24983_v2_hg19.INI25584.genotyped.PHENO1.glm.linear.gz
/oak/stanford/groups/mrivas/ukbb24983/cal/gwas/9796/24611/white_british/ukb24983_v2_hg19.INI25585.genotyped.PHENO1.glm.linear.gz
/oak/stanford/groups/mrivas/ukbb24983/cal/gwas/9796/24611/white_british/ukb24983_v2_hg19.INI25586.genotyped.PHENO1.glm.linear.gz
/oak/stanford/groups/mrivas/ukbb24983/cal/gwas/9796/24611/white_british/ukb24983_v2_hg19.INI25587.genotyped.PHENO1.glm.linear.gz
/oak/stanford/groups/mrivas/ukbb24983/cal/gwas/9796/24611/white_british/ukb24983_v2_hg19.INI25588.genotyped.PHENO1.glm.linear.gz
/oak/stanford/groups/mrivas/ukbb24983/cal/gwas/9796/24611/white_british/ukb24983_v2_hg19.INI25589.genotyped.PHENO1.glm.linear.gz
/oak/stanford/groups/mrivas/ukbb24983/cal/gwas/9796/24611/white_british/ukb24983_v2_hg19.INI25590.genotyped.PHENO1.glm.linear.gz
/oak/stanford/groups/mrivas/ukbb24983/cal/gwas/9796/24611/white_british/ukb24983_v2_hg19.INI25591.genotyped.PHENO1.glm.linear.gz
/oak/stanford/groups/mrivas/ukbb24983/cal/gwas/9796/24611/white_british/ukb24983_v2_hg19.INI25592.genotyped.PHENO1.glm.linear.gz
/oak/stanford/groups/mrivas/ukbb24983/cal/gwas/9796/24611/white_british/ukb24983_v2_hg19.INI25593.genotyped.PHENO1.glm.linear.gz
/oak/stanford/groups/mrivas/ukbb24983/cal/gwas/9796/24611/white_british/ukb24983_v2_hg19.INI25594.genotyped.PHENO1.glm.linear.gz
/oak/stanford/groups/mrivas/ukbb24983/cal/gwas/9796/24611/white_british/ukb24983_v2_hg19.INI25595.genotyped.PHENO1.glm.linear.gz
/oak/stanford/groups/mrivas/ukbb24983/cal/gwas/9796/24611/white_british/ukb24983_v2_hg19.INI25596.genotyped.PHENO1.glm.linear.gz
/oak/stanford/groups/mrivas/ukbb24983/cal/gwas/9796/24611/white_british/ukb24983_v2_hg19.INI25597.genotyped.PHENO1.glm.linear.gz
/oak/stanford/groups/mrivas/ukbb24983/cal/gwas/9796/24611/white_british/ukb24983_v2_hg19.INI25598.genotyped.PHENO1.glm.linear.gz
/oak/stanford/groups/mrivas/ukbb24983/cal/gwas/9796/24611/white_british/ukb24983_v2_hg19.INI25599.genotyped.PHENO1.glm.linear.gz
/oak/stanford/groups/mrivas/ukbb24983/cal/gwas/9796/24611/white_british/ukb24983_v2_hg19.INI25600.genotyped.PHENO1.glm.linear.gz
/oak/stanford/groups/mrivas/ukbb24983/cal/gwas/9796/24611/white_british/ukb24983_v2_hg19.INI25601.genotyped.PHENO1.glm.linear.gz
/oak/stanford/groups/mrivas/ukbb24983/cal/gwas/9796/24611/white_british/ukb24983_v2_hg19.INI25602.genotyped.PHENO1.glm.linear.gz
/oak/stanford/groups/mrivas/ukbb24983/cal/gwas/9796/24611/white_british/ukb24983_v2_hg19.INI25603.genotyped.PHENO1.glm.linear.gz
/oak/stanford/groups/mrivas/ukbb24983/cal/gwas/9796/24611/white_british/ukb24983_v2_hg19.INI25604.genotyped.PHENO1.glm.linear.gz
/oak/stanford/groups/mrivas/ukbb24983/cal/gwas/9796/24611/white_british/ukb24983_v2_hg19.INI25605.genotyped.PHENO1.glm.linear.gz
/oak/stanford/groups/mrivas/ukbb24983/cal/gwas/9796/24611/white_british/ukb24983_v2_hg19.INI25606.genotyped.PHENO1.glm.linear.gz
/oak/stanford/groups/mrivas/ukbb24983/cal/gwas/9796/24611/white_british/ukb24983_v2_hg19.INI25607.genotyped.PHENO1.glm.linear.gz
/oak/stanford/groups/mrivas/ukbb24983/cal/gwas/9796/24611/white_british/ukb24983_v2_hg19.INI25608.genotyped.PHENO1.glm.linear.gz
/oak/stanford/groups/mrivas/ukbb24983/cal/gwas/9796/24611/white_british/ukb24983_v2_hg19.INI25609.genotyped.PHENO1.glm.linear.gz
/oak/stanford/groups/mrivas/ukbb24983/cal/gwas/9796/24611/white_british/ukb24983_v2_hg19.INI25610.genotyped.PHENO1.glm.linear.gz
/oak/stanford/groups/mrivas/ukbb24983/cal/gwas/9796/24611/white_british/ukb24983_v2_hg19.INI25611.genotyped.PHENO1.glm.linear.gz
/oak/stanford/groups/mrivas/ukbb24983/cal/gwas/9796/24611/white_british/ukb24983_v2_hg19.INI25612.genotyped.PHENO1.glm.linear.gz
/oak/stanford/groups/mrivas/ukbb24983/cal/gwas/9796/24611/white_british/ukb24983_v2_hg19.INI25613.genotyped.PHENO1.glm.linear.gz
/oak/stanford/groups/mrivas/ukbb24983/cal/gwas/9796/24611/white_british/ukb24983_v2_hg19.INI25614.genotyped.PHENO1.glm.linear.gz
/oak/stanford/groups/mrivas/ukbb24983/cal/gwas/9796/24611/white_british/ukb24983_v2_hg19.INI25615.genotyped.PHENO1.glm.linear.gz
/oak/stanford/groups/mrivas/ukbb24983/cal/gwas/9796/24611/white_british/ukb24983_v2_hg19.INI25616.genotyped.PHENO1.glm.linear.gz
/oak/stanford/groups/mrivas/ukbb24983/cal/gwas/9796/24611/white_british/ukb24983_v2_hg19.INI25617.genotyped.PHENO1.glm.linear.gz
/oak/stanford/groups/mrivas/ukbb24983/cal/gwas/9796/24611/white_british/ukb24983_v2_hg19.INI25618.genotyped.PHENO1.glm.linear.gz
/oak/stanford/groups/mrivas/ukbb24983/cal/gwas/9796/24611/white_british/ukb24983_v2_hg19.INI25619.genotyped.PHENO1.glm.linear.gz
/oak/stanford/groups/mrivas/ukbb24983/cal/gwas/9796/24611/white_british/ukb24983_v2_hg19.INI25620.genotyped.PHENO1.glm.linear.gz
/oak/stanford/groups/mrivas/ukbb24983/cal/gwas/9796/24611/white_british/ukb24983_v2_hg19.INI25621.genotyped.PHENO1.glm.linear.gz
/oak/stanford/groups/mrivas/ukbb24983/cal/gwas/9796/24611/white_british/ukb24983_v2_hg19.INI25622.genotyped.PHENO1.glm.linear.gz
/oak/stanford/groups/mrivas/ukbb24983/cal/gwas/9796/24611/white_british/ukb24983_v2_hg19.INI25623.genotyped.PHENO1.glm.linear.gz
/oak/stanford/groups/mrivas/ukbb24983/cal/gwas/9796/24611/white_british/ukb24983_v2_hg19.INI25624.genotyped.PHENO1.glm.linear.gz
/oak/stanford/groups/mrivas/ukbb24983/cal/gwas/9796/24611/white_british/ukb24983_v2_hg19.INI25625.genotyped.PHENO1.glm.linear.gz
/oak/stanford/groups/mrivas/ukbb24983/cal/gwas/9796/24611/white_british/ukb24983_v2_hg19.INI25626.genotyped.PHENO1.glm.linear.gz
/oak/stanford/groups/mrivas/ukbb24983/cal/gwas/9796/24611/white_british/ukb24983_v2_hg19.INI25627.genotyped.PHENO1.glm.linear.gz
/oak/stanford/groups/mrivas/ukbb24983/cal/gwas/9796/24611/white_british/ukb24983_v2_hg19.INI25628.genotyped.PHENO1.glm.linear.gz
/oak/stanford/groups/mrivas/ukbb24983/cal/gwas/9796/24611/white_british/ukb24983_v2_hg19.INI25629.genotyped.PHENO1.glm.linear.gz
/oak/stanford/groups/mrivas/ukbb24983/cal/gwas/9796/24611/white_british/ukb24983_v2_hg19.INI25630.genotyped.PHENO1.glm.linear.gz
/oak/stanford/groups/mrivas/ukbb24983/cal/gwas/9796/24611/white_british/ukb24983_v2_hg19.INI25631.genotyped.PHENO1.glm.linear.gz
/oak/stanford/groups/mrivas/ukbb24983/cal/gwas/9796/24611/white_british/ukb24983_v2_hg19.INI25632.genotyped.PHENO1.glm.linear.gz
/oak/stanford/groups/mrivas/ukbb24983/cal/gwas/9796/24611/white_british/ukb24983_v2_hg19.INI25633.genotyped.PHENO1.glm.linear.gz
/oak/stanford/groups/mrivas/ukbb24983/cal/gwas/9796/24611/white_british/ukb24983_v2_hg19.INI25634.genotyped.PHENO1.glm.linear.gz
/oak/stanford/groups/mrivas/ukbb24983/cal/gwas/9796/24611/white_british/ukb24983_v2_hg19.INI25635.genotyped.PHENO1.glm.linear.gz
/oak/stanford/groups/mrivas/ukbb24983/cal/gwas/9796/24611/white_british/ukb24983_v2_hg19.INI25636.genotyped.PHENO1.glm.linear.gz
/oak/stanford/groups/mrivas/ukbb24983/cal/gwas/9796/24611/white_british/ukb24983_v2_hg19.INI25637.genotyped.PHENO1.glm.linear.gz
/oak/stanford/groups/mrivas/ukbb24983/cal/gwas/9796/24611/white_british/ukb24983_v2_hg19.INI25638.genotyped.PHENO1.glm.linear.gz
/oak/stanford/groups/mrivas/ukbb24983/cal/gwas/9796/24611/white_british/ukb24983_v2_hg19.INI25639.genotyped.PHENO1.glm.linear.gz
/oak/stanford/groups/mrivas/ukbb24983/cal/gwas/9796/24611/white_british/ukb24983_v2_hg19.INI25640.genotyped.PHENO1.glm.linear.gz
/oak/stanford/groups/mrivas/ukbb24983/cal/gwas/9796/24611/white_british/ukb24983_v2_hg19.INI25641.genotyped.PHENO1.glm.linear.gz
/oak/stanford/groups/mrivas/ukbb24983/cal/gwas/9796/24611/white_british/ukb24983_v2_hg19.INI25642.genotyped.PHENO1.glm.linear.gz
/oak/stanford/groups/mrivas/ukbb24983/cal/gwas/9796/24611/white_british/ukb24983_v2_hg19.INI25643.genotyped.PHENO1.glm.linear.gz
/oak/stanford/groups/mrivas/ukbb24983/cal/gwas/9796/24611/white_british/ukb24983_v2_hg19.INI25644.genotyped.PHENO1.glm.linear.gz
/oak/stanford/groups/mrivas/ukbb24983/cal/gwas/9796/24611/white_british/ukb24983_v2_hg19.INI25645.genotyped.PHENO1.glm.linear.gz
/oak/stanford/groups/mrivas/ukbb24983/cal/gwas/9796/24611/white_british/ukb24983_v2_hg19.INI25646.genotyped.PHENO1.glm.linear.gz
/oak/stanford/groups/mrivas/ukbb24983/cal/gwas/9796/24611/white_british/ukb24983_v2_hg19.INI25647.genotyped.PHENO1.glm.linear.gz
/oak/stanford/groups/mrivas/ukbb24983/cal/gwas/9796/24611/white_british/ukb24983_v2_hg19.INI25648.genotyped.PHENO1.glm.linear.gz
/oak/stanford/groups/mrivas/ukbb24983/cal/gwas/9796/24611/white_british/ukb24983_v2_hg19.INI25649.genotyped.PHENO1.glm.linear.gz
/oak/stanford/groups/mrivas/ukbb24983/cal/gwas/9796/24611/white_british/ukb24983_v2_hg19.INI25650.genotyped.PHENO1.glm.linear.gz
/oak/stanford/groups/mrivas/ukbb24983/cal/gwas/9796/24611/white_british/ukb24983_v2_hg19.INI25651.genotyped.PHENO1.glm.linear.gz
/oak/stanford/groups/mrivas/ukbb24983/cal/gwas/9796/24611/white_british/ukb24983_v2_hg19.INI25652.genotyped.PHENO1.glm.linear.gz
/oak/stanford/groups/mrivas/ukbb24983/cal/gwas/9796/24611/white_british/ukb24983_v2_hg19.INI25653.genotyped.PHENO1.glm.linear.gz
/oak/stanford/groups/mrivas/ukbb24983/cal/gwas/9796/24611/white_british/ukb24983_v2_hg19.INI25654.genotyped.PHENO1.glm.linear.gz
/oak/stanford/groups/mrivas/ukbb24983/cal/gwas/9796/24611/white_british/ukb24983_v2_hg19.INI25655.genotyped.PHENO1.glm.linear.gz
/oak/stanford/groups/mrivas/ukbb24983/cal/gwas/9796/24611/white_british/ukb24983_v2_hg19.INI25656.genotyped.PHENO1.glm.linear.gz
/oak/stanford/groups/mrivas/ukbb24983/cal/gwas/9796/24611/white_british/ukb24983_v2_hg19.INI25657.genotyped.PHENO1.glm.linear.gz
/oak/stanford/groups/mrivas/ukbb24983/cal/gwas/9796/24611/white_british/ukb24983_v2_hg19.INI25658.genotyped.PHENO1.glm.linear.gz
/oak/stanford/groups/mrivas/ukbb24983/cal/gwas/9796/24611/white_british/ukb24983_v2_hg19.INI25659.genotyped.PHENO1.glm.linear.gz
/oak/stanford/groups/mrivas/ukbb24983/cal/gwas/9796/24611/white_british/ukb24983_v2_hg19.INI25660.genotyped.PHENO1.glm.linear.gz
/oak/stanford/groups/mrivas/ukbb24983/cal/gwas/9796/24611/white_british/ukb24983_v2_hg19.INI25661.genotyped.PHENO1.glm.linear.gz
/oak/stanford/groups/mrivas/ukbb24983/cal/gwas/9796/24611/white_british/ukb24983_v2_hg19.INI25662.genotyped.PHENO1.glm.linear.gz
/oak/stanford/groups/mrivas/ukbb24983/cal/gwas/9796/24611/white_british/ukb24983_v2_hg19.INI25663.genotyped.PHENO1.glm.linear.gz
/oak/stanford/groups/mrivas/ukbb24983/cal/gwas/9796/24611/white_british/ukb24983_v2_hg19.INI25664.genotyped.PHENO1.glm.linear.gz
/oak/stanford/groups/mrivas/ukbb24983/cal/gwas/9796/24611/white_british/ukb24983_v2_hg19.INI25665.genotyped.PHENO1.glm.linear.gz
/oak/stanford/groups/mrivas/ukbb24983/cal/gwas/9796/24611/white_british/ukb24983_v2_hg19.INI25666.genotyped.PHENO1.glm.linear.gz
/oak/stanford/groups/mrivas/ukbb24983/cal/gwas/9796/24611/white_british/ukb24983_v2_hg19.INI25667.genotyped.PHENO1.glm.linear.gz
/oak/stanford/groups/mrivas/ukbb24983/cal/gwas/9796/24611/white_british/ukb24983_v2_hg19.INI25668.genotyped.PHENO1.glm.linear.gz
/oak/stanford/groups/mrivas/ukbb24983/cal/gwas/9796/24611/white_british/ukb24983_v2_hg19.INI25669.genotyped.PHENO1.glm.linear.gz
/oak/stanford/groups/mrivas/ukbb24983/cal/gwas/9796/24611/white_british/ukb24983_v2_hg19.INI25670.genotyped.PHENO1.glm.linear.gz
/oak/stanford/groups/mrivas/ukbb24983/cal/gwas/9796/24611/white_british/ukb24983_v2_hg19.INI25671.genotyped.PHENO1.glm.linear.gz
/oak/stanford/groups/mrivas/ukbb24983/cal/gwas/9796/24611/white_british/ukb24983_v2_hg19.INI25672.genotyped.PHENO1.glm.linear.gz
/oak/stanford/groups/mrivas/ukbb24983/cal/gwas/9796/24611/white_british/ukb24983_v2_hg19.INI25673.genotyped.PHENO1.glm.linear.gz
/oak/stanford/groups/mrivas/ukbb24983/cal/gwas/9796/24611/white_british/ukb24983_v2_hg19.INI25674.genotyped.PHENO1.glm.linear.gz
/oak/stanford/groups/mrivas/ukbb24983/cal/gwas/9796/24611/white_british/ukb24983_v2_hg19.INI25675.genotyped.PHENO1.glm.linear.gz
/oak/stanford/groups/mrivas/ukbb24983/cal/gwas/9796/24611/white_british/ukb24983_v2_hg19.INI25676.genotyped.PHENO1.glm.linear.gz
/oak/stanford/groups/mrivas/ukbb24983/cal/gwas/9796/24611/white_british/ukb24983_v2_hg19.INI25677.genotyped.PHENO1.glm.linear.gz
/oak/stanford/groups/mrivas/ukbb24983/cal/gwas/9796/24611/white_british/ukb24983_v2_hg19.INI25678.genotyped.PHENO1.glm.linear.gz
/oak/stanford/groups/mrivas/ukbb24983/cal/gwas/9796/24611/white_british/ukb24983_v2_hg19.INI25679.genotyped.PHENO1.glm.linear.gz
/oak/stanford/groups/mrivas/ukbb24983/cal/gwas/9796/24611/white_british/ukb24983_v2_hg19.INI25680.genotyped.PHENO1.glm.linear.gz
/oak/stanford/groups/mrivas/ukbb24983/cal/gwas/9796/24611/white_british/ukb24983_v2_hg19.INI25681.genotyped.PHENO1.glm.linear.gz
/oak/stanford/groups/mrivas/ukbb24983/cal/gwas/9796/24611/white_british/ukb24983_v2_hg19.INI25682.genotyped.PHENO1.glm.linear.gz
/oak/stanford/groups/mrivas/ukbb24983/cal/gwas/9796/24611/white_british/ukb24983_v2_hg19.INI25683.genotyped.PHENO1.glm.linear.gz
/oak/stanford/groups/mrivas/ukbb24983/cal/gwas/9796/24611/white_british/ukb24983_v2_hg19.INI25684.genotyped.PHENO1.glm.linear.gz
/oak/stanford/groups/mrivas/ukbb24983/cal/gwas/9796/24611/white_british/ukb24983_v2_hg19.INI25685.genotyped.PHENO1.glm.linear.gz
/oak/stanford/groups/mrivas/ukbb24983/cal/gwas/9796/24611/white_british/ukb24983_v2_hg19.INI25686.genotyped.PHENO1.glm.linear.gz
/oak/stanford/groups/mrivas/ukbb24983/cal/gwas/9796/24611/white_british/ukb24983_v2_hg19.INI25687.genotyped.PHENO1.glm.linear.gz
/oak/stanford/groups/mrivas/ukbb24983/cal/gwas/9796/24611/white_british/ukb24983_v2_hg19.INI25688.genotyped.PHENO1.glm.linear.gz
/oak/stanford/groups/mrivas/ukbb24983/cal/gwas/9796/24611/white_british/ukb24983_v2_hg19.INI25689.genotyped.PHENO1.glm.linear.gz
/oak/stanford/groups/mrivas/ukbb24983/cal/gwas/9796/24611/white_british/ukb24983_v2_hg19.INI25690.genotyped.PHENO1.glm.linear.gz
/oak/stanford/groups/mrivas/ukbb24983/cal/gwas/9796/24611/white_british/ukb24983_v2_hg19.INI25691.genotyped.PHENO1.glm.linear.gz
/oak/stanford/groups/mrivas/ukbb24983/cal/gwas/9796/24611/white_british/ukb24983_v2_hg19.INI25692.genotyped.PHENO1.glm.linear.gz
/oak/stanford/groups/mrivas/ukbb24983/cal/gwas/9796/24611/white_british/ukb24983_v2_hg19.INI25693.genotyped.PHENO1.glm.linear.gz
/oak/stanford/groups/mrivas/ukbb24983/cal/gwas/9796/24611/white_british/ukb24983_v2_hg19.INI25694.genotyped.PHENO1.glm.linear.gz
/oak/stanford/groups/mrivas/ukbb24983/cal/gwas/9796/24611/white_british/ukb24983_v2_hg19.INI25695.genotyped.PHENO1.glm.linear.gz
/oak/stanford/groups/mrivas/ukbb24983/cal/gwas/9796/24611/white_british/ukb24983_v2_hg19.INI25696.genotyped.PHENO1.glm.linear.gz
/oak/stanford/groups/mrivas/ukbb24983/cal/gwas/9796/24611/white_british/ukb24983_v2_hg19.INI25697.genotyped.PHENO1.glm.linear.gz
/oak/stanford/groups/mrivas/ukbb24983/cal/gwas/9796/24611/white_british/ukb24983_v2_hg19.INI25698.genotyped.PHENO1.glm.linear.gz
/oak/stanford/groups/mrivas/ukbb24983/cal/gwas/9796/24611/white_british/ukb24983_v2_hg19.INI25699.genotyped.PHENO1.glm.linear.gz
/oak/stanford/groups/mrivas/ukbb24983/cal/gwas/9796/24611/white_british/ukb24983_v2_hg19.INI25700.genotyped.PHENO1.glm.linear.gz
/oak/stanford/groups/mrivas/ukbb24983/cal/gwas/9796/24611/white_british/ukb24983_v2_hg19.INI25701.genotyped.PHENO1.glm.linear.gz
/oak/stanford/groups/mrivas/ukbb24983/cal/gwas/9796/24611/white_british/ukb24983_v2_hg19.INI25702.genotyped.PHENO1.glm.linear.gz
/oak/stanford/groups/mrivas/ukbb24983/cal/gwas/9796/24611/white_british/ukb24983_v2_hg19.INI25703.genotyped.PHENO1.glm.linear.gz
/oak/stanford/groups/mrivas/ukbb24983/cal/gwas/9796/24611/white_british/ukb24983_v2_hg19.INI25704.genotyped.PHENO1.glm.linear.gz
/oak/stanford/groups/mrivas/ukbb24983/cal/gwas/9796/24611/white_british/ukb24983_v2_hg19.INI25705.genotyped.PHENO1.glm.linear.gz
/oak/stanford/groups/mrivas/ukbb24983/cal/gwas/9796/24611/white_british/ukb24983_v2_hg19.INI25706.genotyped.PHENO1.glm.linear.gz
/oak/stanford/groups/mrivas/ukbb24983/cal/gwas/9796/24611/white_british/ukb24983_v2_hg19.INI25707.genotyped.PHENO1.glm.linear.gz
/oak/stanford/groups/mrivas/ukbb24983/cal/gwas/9796/24611/white_british/ukb24983_v2_hg19.INI25708.genotyped.PHENO1.glm.linear.gz
/oak/stanford/groups/mrivas/ukbb24983/cal/gwas/9796/24611/white_british/ukb24983_v2_hg19.INI25709.genotyped.PHENO1.glm.linear.gz
/oak/stanford/groups/mrivas/ukbb24983/cal/gwas/9796/24611/white_british/ukb24983_v2_hg19.INI25710.genotyped.PHENO1.glm.linear.gz
/oak/stanford/groups/mrivas/ukbb24983/cal/gwas/9796/24611/white_british/ukb24983_v2_hg19.INI25711.genotyped.PHENO1.glm.linear.gz
/oak/stanford/groups/mrivas/ukbb24983/cal/gwas/9796/24611/white_british/ukb24983_v2_hg19.INI25712.genotyped.PHENO1.glm.linear.gz
/oak/stanford/groups/mrivas/ukbb24983/cal/gwas/9796/24611/white_british/ukb24983_v2_hg19.INI25713.genotyped.PHENO1.glm.linear.gz
/oak/stanford/groups/mrivas/ukbb24983/cal/gwas/9796/24611/white_british/ukb24983_v2_hg19.INI25714.genotyped.PHENO1.glm.linear.gz
/oak/stanford/groups/mrivas/ukbb24983/cal/gwas/9796/24611/white_british/ukb24983_v2_hg19.INI25715.genotyped.PHENO1.glm.linear.gz
/oak/stanford/groups/mrivas/ukbb24983/cal/gwas/9796/24611/white_british/ukb24983_v2_hg19.INI25716.genotyped.PHENO1.glm.linear.gz
/oak/stanford/groups/mrivas/ukbb24983/cal/gwas/9796/24611/white_british/ukb24983_v2_hg19.INI25717.genotyped.PHENO1.glm.linear.gz
/oak/stanford/groups/mrivas/ukbb24983/cal/gwas/9796/24611/white_british/ukb24983_v2_hg19.INI25718.genotyped.PHENO1.glm.linear.gz
/oak/stanford/groups/mrivas/ukbb24983/cal/gwas/9796/24611/white_british/ukb24983_v2_hg19.INI25719.genotyped.PHENO1.glm.linear.gz
/oak/stanford/groups/mrivas/ukbb24983/cal/gwas/9796/24611/white_british/ukb24983_v2_hg19.INI25720.genotyped.PHENO1.glm.linear.gz
/oak/stanford/groups/mrivas/ukbb24983/cal/gwas/9796/24611/white_british/ukb24983_v2_hg19.INI25721.genotyped.PHENO1.glm.linear.gz
/oak/stanford/groups/mrivas/ukbb24983/cal/gwas/9796/24611/white_british/ukb24983_v2_hg19.INI25722.genotyped.PHENO1.glm.linear.gz
/oak/stanford/groups/mrivas/ukbb24983/cal/gwas/9796/24611/white_british/ukb24983_v2_hg19.INI25723.genotyped.PHENO1.glm.linear.gz
/oak/stanford/groups/mrivas/ukbb24983/cal/gwas/9796/24611/white_british/ukb24983_v2_hg19.INI25724.genotyped.PHENO1.glm.linear.gz
/oak/stanford/groups/mrivas/ukbb24983/cal/gwas/9796/24611/white_british/ukb24983_v2_hg19.INI25725.genotyped.PHENO1.glm.linear.gz
/oak/stanford/groups/mrivas/ukbb24983/cal/gwas/9796/24611/white_british/ukb24983_v2_hg19.INI25726.genotyped.PHENO1.glm.linear.gz
/oak/stanford/groups/mrivas/ukbb24983/cal/gwas/9796/24611/white_british/ukb24983_v2_hg19.INI25727.genotyped.PHENO1.glm.linear.gz
/oak/stanford/groups/mrivas/ukbb24983/cal/gwas/9796/24611/white_british/ukb24983_v2_hg19.INI25728.genotyped.PHENO1.glm.linear.gz
/oak/stanford/groups/mrivas/ukbb24983/cal/gwas/9796/24611/white_british/ukb24983_v2_hg19.INI25729.genotyped.PHENO1.glm.linear.gz
/oak/stanford/groups/mrivas/ukbb24983/cal/gwas/9796/24611/white_british/ukb24983_v2_hg19.INI25730.genotyped.PHENO1.glm.linear.gz
/oak/stanford/groups/mrivas/ukbb24983/cal/gwas/9796/24611/white_british/ukb24983_v2_hg19.INI23208.genotyped.PHENO1.glm.linear.gz
/oak/stanford/groups/mrivas/ukbb24983/cal/gwas/9796/24611/white_british/ukb24983_v2_hg19.INI23214.genotyped.PHENO1.glm.linear.gz
/oak/stanford/groups/mrivas/ukbb24983/cal/gwas/9796/24611/white_british/ukb24983_v2_hg19.INI23295.genotyped.PHENO1.glm.linear.gz
/oak/stanford/groups/mrivas/ukbb24983/cal/gwas/9796/24611/white_british/ukb24983_v2_hg19.INI23299.genotyped.PHENO1.glm.linear.gz
/oak/stanford/groups/mrivas/ukbb24983/cal/gwas/9796/24611/white_british/ukb24983_v2_hg19.INI23210.genotyped.PHENO1.glm.linear.gz
/oak/stanford/groups/mrivas/ukbb24983/cal/gwas/9796/24611/white_british/ukb24983_v2_hg19.INI23212.genotyped.PHENO1.glm.linear.gz
/oak/stanford/groups/mrivas/ukbb24983/cal/gwas/9796/24611/white_british/ukb24983_v2_hg19.INI23224.genotyped.PHENO1.glm.linear.gz
/oak/stanford/groups/mrivas/ukbb24983/cal/gwas/9796/24611/white_british/ukb24983_v2_hg19.INI23225.genotyped.PHENO1.glm.linear.gz
/oak/stanford/groups/mrivas/ukbb24983/cal/gwas/9796/24611/white_british/ukb24983_v2_hg19.INI23244.genotyped.PHENO1.glm.linear.gz
/oak/stanford/groups/mrivas/ukbb24983/cal/gwas/9796/24611/white_british/ukb24983_v2_hg19.INI23245.genotyped.PHENO1.glm.linear.gz
/oak/stanford/groups/mrivas/ukbb24983/cal/gwas/9796/24611/white_british/ukb24983_v2_hg19.INI23246.genotyped.PHENO1.glm.linear.gz
/oak/stanford/groups/mrivas/ukbb24983/cal/gwas/9796/24611/white_british/ukb24983_v2_hg19.INI23247.genotyped.PHENO1.glm.linear.gz
/oak/stanford/groups/mrivas/ukbb24983/cal/gwas/9796/24611/white_british/ukb24983_v2_hg19.INI23248.genotyped.PHENO1.glm.linear.gz
/oak/stanford/groups/mrivas/ukbb24983/cal/gwas/9796/24611/white_british/ukb24983_v2_hg19.INI23257.genotyped.PHENO1.glm.linear.gz
/oak/stanford/groups/mrivas/ukbb24983/cal/gwas/9796/24611/white_british/ukb24983_v2_hg19.INI23258.genotyped.PHENO1.glm.linear.gz
/oak/stanford/groups/mrivas/ukbb24983/cal/gwas/9796/24611/white_british/ukb24983_v2_hg19.INI23259.genotyped.PHENO1.glm.linear.gz
/oak/stanford/groups/mrivas/ukbb24983/cal/gwas/9796/24611/white_british/ukb24983_v2_hg19.INI23260.genotyped.PHENO1.glm.linear.gz
/oak/stanford/groups/mrivas/ukbb24983/cal/gwas/9796/24611/white_british/ukb24983_v2_hg19.INI23261.genotyped.PHENO1.glm.linear.gz
/oak/stanford/groups/mrivas/ukbb24983/cal/gwas/9796/24611/white_british/ukb24983_v2_hg19.INI23262.genotyped.PHENO1.glm.linear.gz
/oak/stanford/groups/mrivas/ukbb24983/cal/gwas/9796/24611/white_british/ukb24983_v2_hg19.INI23263.genotyped.PHENO1.glm.linear.gz
/oak/stanford/groups/mrivas/ukbb24983/cal/gwas/9796/24611/white_british/ukb24983_v2_hg19.INI23264.genotyped.PHENO1.glm.linear.gz
/oak/stanford/groups/mrivas/ukbb24983/cal/gwas/9796/24611/white_british/ukb24983_v2_hg19.INI23265.genotyped.PHENO1.glm.linear.gz
/oak/stanford/groups/mrivas/ukbb24983/cal/gwas/9796/24611/white_british/ukb24983_v2_hg19.INI23274.genotyped.PHENO1.glm.linear.gz
/oak/stanford/groups/mrivas/ukbb24983/cal/gwas/9796/24611/white_british/ukb24983_v2_hg19.INI23275.genotyped.PHENO1.glm.linear.gz
/oak/stanford/groups/mrivas/ukbb24983/cal/gwas/9796/24611/white_british/ukb24983_v2_hg19.INI23276.genotyped.PHENO1.glm.linear.gz
/oak/stanford/groups/mrivas/ukbb24983/cal/gwas/9796/24611/white_british/ukb24983_v2_hg19.INI23277.genotyped.PHENO1.glm.linear.gz
/oak/stanford/groups/mrivas/ukbb24983/cal/gwas/9796/24611/white_british/ukb24983_v2_hg19.INI23278.genotyped.PHENO1.glm.linear.gz
/oak/stanford/groups/mrivas/ukbb24983/cal/gwas/9796/24611/white_british/ukb24983_v2_hg19.INI23279.genotyped.PHENO1.glm.linear.gz
/oak/stanford/groups/mrivas/ukbb24983/cal/gwas/9796/24611/white_british/ukb24983_v2_hg19.INI23280.genotyped.PHENO1.glm.linear.gz
/oak/stanford/groups/mrivas/ukbb24983/cal/gwas/9796/24611/white_british/ukb24983_v2_hg19.INI23281.genotyped.PHENO1.glm.linear.gz
/oak/stanford/groups/mrivas/ukbb24983/cal/gwas/9796/24611/white_british/ukb24983_v2_hg19.INI23282.genotyped.PHENO1.glm.linear.gz
/oak/stanford/groups/mrivas/ukbb24983/cal/gwas/9796/24611/white_british/ukb24983_v2_hg19.INI23283.genotyped.PHENO1.glm.linear.gz
/oak/stanford/groups/mrivas/ukbb24983/cal/gwas/9796/24611/white_british/ukb24983_v2_hg19.INI23284.genotyped.PHENO1.glm.linear.gz
/oak/stanford/groups/mrivas/ukbb24983/cal/gwas/9796/24611/white_british/ukb24983_v2_hg19.INI23285.genotyped.PHENO1.glm.linear.gz
/oak/stanford/groups/mrivas/ukbb24983/cal/gwas/9796/24611/white_british/ukb24983_v2_hg19.INI23286.genotyped.PHENO1.glm.linear.gz
/oak/stanford/groups/mrivas/ukbb24983/cal/gwas/9796/24611/white_british/ukb24983_v2_hg19.INI23287.genotyped.PHENO1.glm.linear.gz
/oak/stanford/groups/mrivas/ukbb24983/cal/gwas/9796/24611/white_british/ukb24983_v2_hg19.INI23304.genotyped.PHENO1.glm.linear.gz
/oak/stanford/groups/mrivas/ukbb24983/cal/gwas/9796/24611/white_british/ukb24983_v2_hg19.INI23305.genotyped.PHENO1.glm.linear.gz
/oak/stanford/groups/mrivas/ukbb24983/cal/gwas/9796/24611/white_british/ukb24983_v2_hg19.INI23307.genotyped.PHENO1.glm.linear.gz
/oak/stanford/groups/mrivas/ukbb24983/cal/gwas/9796/24611/white_british/ukb24983_v2_hg19.INI23309.genotyped.PHENO1.glm.linear.gz
/oak/stanford/groups/mrivas/ukbb24983/cal/gwas/9796/24611/white_british/ukb24983_v2_hg19.INI23311.genotyped.PHENO1.glm.linear.gz
/oak/stanford/groups/mrivas/ukbb24983/cal/gwas/9796/24611/white_british/ukb24983_v2_hg19.INI23317.genotyped.PHENO1.glm.linear.gz
/oak/stanford/groups/mrivas/ukbb24983/cal/gwas/9796/24611/white_british/ukb24983_v2_hg19.INI23318.genotyped.PHENO1.glm.linear.gz
/oak/stanford/groups/mrivas/ukbb24983/cal/gwas/9796/24611/white_british/ukb24983_v2_hg19.INI23290.genotyped.PHENO1.glm.linear.gz
/oak/stanford/groups/mrivas/ukbb24983/cal/gwas/9796/24611/white_british/ukb24983_v2_hg19.INI23291.genotyped.PHENO1.glm.linear.gz
/oak/stanford/groups/mrivas/ukbb24983/cal/gwas/9796/24611/white_british/ukb24983_v2_hg19.INI23209.genotyped.PHENO1.glm.linear.gz
/oak/stanford/groups/mrivas/ukbb24983/cal/gwas/9796/24611/white_british/ukb24983_v2_hg19.INI23215.genotyped.PHENO1.glm.linear.gz
/oak/stanford/groups/mrivas/ukbb24983/cal/gwas/9796/24611/white_british/ukb24983_v2_hg19.INI23298.genotyped.PHENO1.glm.linear.gz
/oak/stanford/groups/mrivas/ukbb24983/cal/gwas/9796/24611/white_british/ukb24983_v2_hg19.INI23300.genotyped.PHENO1.glm.linear.gz
/oak/stanford/groups/mrivas/ukbb24983/cal/gwas/9796/24611/white_british/ukb24983_v2_hg19.INI23200.genotyped.PHENO1.glm.linear.gz
/oak/stanford/groups/mrivas/ukbb24983/cal/gwas/9796/24611/white_british/ukb24983_v2_hg19.INI23201.genotyped.PHENO1.glm.linear.gz
/oak/stanford/groups/mrivas/ukbb24983/cal/gwas/9796/24611/white_british/ukb24983_v2_hg19.INI23202.genotyped.PHENO1.glm.linear.gz
/oak/stanford/groups/mrivas/ukbb24983/cal/gwas/9796/24611/white_british/ukb24983_v2_hg19.INI23213.genotyped.PHENO1.glm.linear.gz
/oak/stanford/groups/mrivas/ukbb24983/cal/gwas/9796/24611/white_british/ukb24983_v2_hg19.INI23293.genotyped.PHENO1.glm.linear.gz
/oak/stanford/groups/mrivas/ukbb24983/cal/gwas/9796/24611/white_british/ukb24983_v2_hg19.INI23288.genotyped.PHENO1.glm.linear.gz
/oak/stanford/groups/mrivas/ukbb24983/cal/gwas/9796/24611/white_british/ukb24983_v2_hg19.INI23289.genotyped.PHENO1.glm.linear.gz
/oak/stanford/groups/mrivas/ukbb24983/cal/gwas/9796/24611/white_british/ukb24983_v2_hg19.INI22420.genotyped.PHENO1.glm.linear.gz
/oak/stanford/groups/mrivas/ukbb24983/cal/gwas/9796/24611/white_british/ukb24983_v2_hg19.INI22421.genotyped.PHENO1.glm.linear.gz
/oak/stanford/groups/mrivas/ukbb24983/cal/gwas/9796/24611/white_british/ukb24983_v2_hg19.INI22422.genotyped.PHENO1.glm.linear.gz
/oak/stanford/groups/mrivas/ukbb24983/cal/gwas/9796/24611/white_british/ukb24983_v2_hg19.INI22423.genotyped.PHENO1.glm.linear.gz
/oak/stanford/groups/mrivas/ukbb24983/cal/gwas/9796/24611/white_british/ukb24983_v2_hg19.INI22424.genotyped.PHENO1.glm.linear.gz
/oak/stanford/groups/mrivas/ukbb24983/cal/gwas/9796/24611/white_british/ukb24983_v2_hg19.INI22425.genotyped.PHENO1.glm.linear.gz
/oak/stanford/groups/mrivas/ukbb24983/cal/gwas/9796/24611/white_british/ukb24983_v2_hg19.INI22426.genotyped.PHENO1.glm.linear.gz
/oak/stanford/groups/mrivas/ukbb24983/cal/gwas/9796/24611/white_british/ukb24983_v2_hg19.INI22427.genotyped.PHENO1.glm.linear.gz
/oak/stanford/groups/mrivas/ukbb24983/cal/gwas/9796/24611/white_british/ukb24983_v2_hg19.INI23220.genotyped.PHENO1.glm.linear.gz
/oak/stanford/groups/mrivas/ukbb24983/cal/gwas/9796/24611/white_british/ukb24983_v2_hg19.INI23221.genotyped.PHENO1.glm.linear.gz
/oak/stanford/groups/mrivas/ukbb24983/cal/gwas/9796/24611/white_british/ukb24983_v2_hg19.INI23222.genotyped.PHENO1.glm.linear.gz
/oak/stanford/groups/mrivas/ukbb24983/cal/gwas/9796/24611/white_british/ukb24983_v2_hg19.INI23223.genotyped.PHENO1.glm.linear.gz
/oak/stanford/groups/mrivas/ukbb24983/cal/gwas/9796/24611/white_british/ukb24983_v2_hg19.INI23249.genotyped.PHENO1.glm.linear.gz
/oak/stanford/groups/mrivas/ukbb24983/cal/gwas/9796/24611/white_british/ukb24983_v2_hg19.INI23250.genotyped.PHENO1.glm.linear.gz
/oak/stanford/groups/mrivas/ukbb24983/cal/gwas/9796/24611/white_british/ukb24983_v2_hg19.INI23251.genotyped.PHENO1.glm.linear.gz
/oak/stanford/groups/mrivas/ukbb24983/cal/gwas/9796/24611/white_british/ukb24983_v2_hg19.INI23252.genotyped.PHENO1.glm.linear.gz
/oak/stanford/groups/mrivas/ukbb24983/cal/gwas/9796/24611/white_british/ukb24983_v2_hg19.INI23253.genotyped.PHENO1.glm.linear.gz
/oak/stanford/groups/mrivas/ukbb24983/cal/gwas/9796/24611/white_british/ukb24983_v2_hg19.INI23254.genotyped.PHENO1.glm.linear.gz
/oak/stanford/groups/mrivas/ukbb24983/cal/gwas/9796/24611/white_british/ukb24983_v2_hg19.INI23255.genotyped.PHENO1.glm.linear.gz
/oak/stanford/groups/mrivas/ukbb24983/cal/gwas/9796/24611/white_british/ukb24983_v2_hg19.INI23256.genotyped.PHENO1.glm.linear.gz
/oak/stanford/groups/mrivas/ukbb24983/cal/gwas/9796/24611/white_british/ukb24983_v2_hg19.INI23266.genotyped.PHENO1.glm.linear.gz
/oak/stanford/groups/mrivas/ukbb24983/cal/gwas/9796/24611/white_british/ukb24983_v2_hg19.INI23267.genotyped.PHENO1.glm.linear.gz
/oak/stanford/groups/mrivas/ukbb24983/cal/gwas/9796/24611/white_british/ukb24983_v2_hg19.INI23268.genotyped.PHENO1.glm.linear.gz
/oak/stanford/groups/mrivas/ukbb24983/cal/gwas/9796/24611/white_british/ukb24983_v2_hg19.INI23269.genotyped.PHENO1.glm.linear.gz
/oak/stanford/groups/mrivas/ukbb24983/cal/gwas/9796/24611/white_british/ukb24983_v2_hg19.INI23270.genotyped.PHENO1.glm.linear.gz
/oak/stanford/groups/mrivas/ukbb24983/cal/gwas/9796/24611/white_british/ukb24983_v2_hg19.INI23271.genotyped.PHENO1.glm.linear.gz
/oak/stanford/groups/mrivas/ukbb24983/cal/gwas/9796/24611/white_british/ukb24983_v2_hg19.INI23272.genotyped.PHENO1.glm.linear.gz
/oak/stanford/groups/mrivas/ukbb24983/cal/gwas/9796/24611/white_british/ukb24983_v2_hg19.INI23273.genotyped.PHENO1.glm.linear.gz
/oak/stanford/groups/mrivas/ukbb24983/cal/gwas/9796/24611/white_british/ukb24983_v2_hg19.INI23313.genotyped.PHENO1.glm.linear.gz
/oak/stanford/groups/mrivas/ukbb24983/cal/gwas/9796/24611/white_british/ukb24983_v2_hg19.INI23314.genotyped.PHENO1.glm.linear.gz
/oak/stanford/groups/mrivas/ukbb24983/cal/gwas/9796/24611/white_british/ukb24983_v2_hg19.INI23315.genotyped.PHENO1.glm.linear.gz
/oak/stanford/groups/mrivas/ukbb24983/cal/gwas/9796/24611/white_british/ukb24983_v2_hg19.INI23316.genotyped.PHENO1.glm.linear.gz
/oak/stanford/groups/mrivas/ukbb24983/cal/gwas/9796/24611/white_british/ukb24983_v2_hg19.INI23206.genotyped.PHENO1.glm.linear.gz
/oak/stanford/groups/mrivas/ukbb24983/cal/gwas/9796/24611/white_british/ukb24983_v2_hg19.INI23216.genotyped.PHENO1.glm.linear.gz
/oak/stanford/groups/mrivas/ukbb24983/cal/gwas/9796/24611/white_british/ukb24983_v2_hg19.INI23292.genotyped.PHENO1.glm.linear.gz
/oak/stanford/groups/mrivas/ukbb24983/cal/gwas/9796/24611/white_british/ukb24983_v2_hg19.INI23302.genotyped.PHENO1.glm.linear.gz
/oak/stanford/groups/mrivas/ukbb24983/cal/gwas/9796/24611/white_british/ukb24983_v2_hg19.INI23296.genotyped.PHENO1.glm.linear.gz
/oak/stanford/groups/mrivas/ukbb24983/cal/gwas/10136/21731/white_british/ukb24983_v2_hg19.INI22407.genotyped.PHENO1.glm.linear.gz
/oak/stanford/groups/mrivas/ukbb24983/cal/gwas/10136/21731/white_british/ukb24983_v2_hg19.INI22408.genotyped.PHENO1.glm.linear.gz
/oak/stanford/groups/mrivas/ukbb24983/cal/gwas/10136/21731/white_british/ukb24983_v2_hg19.INI22410.genotyped.PHENO1.glm.linear.gz
/oak/stanford/groups/mrivas/ukbb24983/cal/gwas/10136/21731/white_british/ukb24983_v2_hg19.INI22403.genotyped.PHENO1.glm.linear.gz
/oak/stanford/groups/mrivas/ukbb24983/cal/gwas/10136/21731/white_british/ukb24983_v2_hg19.INI22404.genotyped.PHENO1.glm.linear.gz
/oak/stanford/groups/mrivas/ukbb24983/cal/gwas/10136/21731/white_british/ukb24983_v2_hg19.INI22405.genotyped.PHENO1.glm.linear.gz
/oak/stanford/groups/mrivas/ukbb24983/cal/gwas/10136/21731/white_british/ukb24983_v2_hg19.INI22406.genotyped.PHENO1.glm.linear.gz
/oak/stanford/groups/mrivas/ukbb24983/cal/gwas/10136/21731/white_british/ukb24983_v2_hg19.INI22409.genotyped.PHENO1.glm.linear.gz
